2026-05-10 14:29:07 | INFO    | ======================================================================
2026-05-10 14:29:07 | INFO    |               降雨量爬虫 测试用例自动验证
2026-05-10 14:29:07 | INFO    | ======================================================================
2026-05-10 14:29:07 | INFO    | [TC-01] 城市列表读取测试通过 | 共读取 447 个城市
2026-05-10 14:29:07 | INFO    | [TC-03] 开始多城市批量抓取测试 | 线程数：3
2026-05-10 14:29:09 | INFO    | [TC-02] [1/447] ✅ 顺义 0.0mm 抓取成功
2026-05-10 14:29:09 | INFO    | [TC-02] [2/447] ✅ 北京 0.0mm 抓取成功
2026-05-10 14:29:09 | INFO    | [TC-02] [3/447] ✅ 朝阳 0.0mm 抓取成功
2026-05-10 14:29:11 | INFO    | [TC-02] [4/447] ✅ 通州 0.0mm 抓取成功
2026-05-10 14:29:11 | INFO    | [TC-02] [5/447] ✅ 昌平 0.0mm 抓取成功
2026-05-10 14:29:12 | INFO    | [TC-02] [6/447] ✅ 怀柔 0.0mm 抓取成功
2026-05-10 14:29:13 | INFO    | [TC-02] [7/447] ✅ 丰台 0.0mm 抓取成功
2026-05-10 14:29:13 | INFO    | [TC-02] [8/447] ✅ 石景山 0.0mm 抓取成功
2026-05-10 14:29:13 | INFO    | [TC-02] [9/447] ✅ 延庆 0.0mm 抓取成功
2026-05-10 14:29:14 | INFO    | [TC-02] [10/447] ✅ 大兴 0.0mm 抓取成功
2026-05-10 14:29:15 | INFO    | [TC-02] [11/447] ✅ 密云 0.0mm 抓取成功
2026-05-10 14:29:15 | INFO    | [TC-02] [12/447] ✅ 房山 0.0mm 抓取成功
2026-05-10 14:29:16 | INFO    | [TC-02] [13/447] ✅ 门头沟 0.0mm 抓取成功
2026-05-10 14:29:16 | INFO    | [TC-02] [14/447] ✅ 平谷 0.0mm 抓取成功
2026-05-10 14:29:18 | INFO    | [TC-02] [15/447] ✅ 佛爷顶 0.0mm 抓取成功
2026-05-10 14:29:18 | INFO    | [TC-02] [16/447] ✅ 八达岭 0.0mm 抓取成功
2026-05-10 14:29:19 | WARNING | [汤河口] 第 1 次重试失败
2026-05-10 14:29:20 | WARNING | [斋堂] 第 1 次重试失败
2026-05-10 14:29:21 | WARNING | [密云上甸子] 第 1 次重试失败
2026-05-10 14:29:23 | WARNING | [汤河口] 第 2 次重试失败
2026-05-10 14:29:24 | WARNING | [斋堂] 第 2 次重试失败
2026-05-10 14:29:24 | WARNING | [密云上甸子] 第 2 次重试失败
2026-05-10 14:29:27 | WARNING | [汤河口] 第 3 次重试失败
2026-05-10 14:29:28 | WARNING | [斋堂] 第 3 次重试失败
2026-05-10 14:29:28 | WARNING | [密云上甸子] 第 3 次重试失败
2026-05-10 14:29:30 | ERROR   | [TC-02] [17/447] ❌ 汤河口 抓取失败
2026-05-10 14:29:30 | ERROR   | [TC-02] [18/447] ❌ 斋堂 抓取失败
2026-05-10 14:29:31 | ERROR   | [TC-02] [19/447] ❌ 密云上甸子 抓取失败
2026-05-10 14:29:31 | WARNING | [霞云岭] 第 1 次重试失败
2026-05-10 14:29:32 | WARNING | [北京城区] 第 1 次重试失败
2026-05-10 14:29:33 | INFO    | [TC-02] [20/447] ✅ 海淀 0.0mm 抓取成功
2026-05-10 14:29:34 | WARNING | [霞云岭] 第 2 次重试失败
2026-05-10 14:29:34 | INFO    | [TC-02] [21/447] ✅ 天津 0.0mm 抓取成功
2026-05-10 14:29:36 | WARNING | [北京城区] 第 2 次重试失败
2026-05-10 14:29:36 | INFO    | [TC-02] [22/447] ✅ 宝坻 0.0mm 抓取成功
2026-05-10 14:29:37 | WARNING | [霞云岭] 第 3 次重试失败
2026-05-10 14:29:38 | INFO    | [TC-02] [23/447] ✅ 东丽 0.0mm 抓取成功
2026-05-10 14:29:40 | WARNING | [北京城区] 第 3 次重试失败
2026-05-10 14:29:40 | INFO    | [TC-02] [24/447] ✅ 西青 0.0mm 抓取成功
2026-05-10 14:29:40 | ERROR   | [TC-02] [25/447] ❌ 霞云岭 抓取失败
2026-05-10 14:29:41 | INFO    | [TC-02] [26/447] ✅ 北辰 0.0mm 抓取成功
2026-05-10 14:29:42 | ERROR   | [TC-02] [27/447] ❌ 北京城区 抓取失败
2026-05-10 14:29:42 | INFO    | [TC-02] [28/447] ✅ 蓟县 0.0mm 抓取成功
2026-05-10 14:29:44 | INFO    | [TC-02] [29/447] ✅ 汉沽 0.0mm 抓取成功
2026-05-10 14:29:44 | INFO    | [TC-02] [30/447] ✅ 津南 0.0mm 抓取成功
2026-05-10 14:29:44 | INFO    | [TC-02] [31/447] ✅ 静海 0.0mm 抓取成功
2026-05-10 14:29:45 | INFO    | [TC-02] [32/447] ✅ 塘沽 0.0mm 抓取成功
2026-05-10 14:29:46 | INFO    | [TC-02] [33/447] ✅ 大港 0.0mm 抓取成功
2026-05-10 14:29:46 | INFO    | [TC-02] [34/447] ✅ 武清 0.0mm 抓取成功
2026-05-10 14:29:47 | INFO    | [TC-02] [35/447] ✅ 上海 0.0mm 抓取成功
2026-05-10 14:29:48 | INFO    | [TC-02] [36/447] ✅ 宁河 0.0mm 抓取成功
2026-05-10 14:29:48 | INFO    | [TC-02] [37/447] ✅ 宝山 0.0mm 抓取成功
2026-05-10 14:29:49 | INFO    | [TC-02] [38/447] ✅ 南汇 0.0mm 抓取成功
2026-05-10 14:29:50 | INFO    | [TC-02] [39/447] ✅ 嘉定 0.0mm 抓取成功
2026-05-10 14:29:50 | INFO    | [TC-02] [40/447] ✅ 浦东 0.0mm 抓取成功
2026-05-10 14:29:52 | INFO    | [TC-02] [41/447] ✅ 青浦 0.0mm 抓取成功
2026-05-10 14:29:52 | INFO    | [TC-02] [42/447] ✅ 奉贤 0.0mm 抓取成功
2026-05-10 14:29:52 | INFO    | [TC-02] [43/447] ✅ 松江 0.0mm 抓取成功
2026-05-10 14:29:54 | INFO    | [TC-02] [44/447] ✅ 崇明 0.0mm 抓取成功
2026-05-10 14:29:54 | INFO    | [TC-02] [45/447] ✅ 徐家汇 0.0mm 抓取成功
2026-05-10 14:29:55 | INFO    | [TC-02] [46/447] ✅ 闵行 0.0mm 抓取成功
2026-05-10 14:29:56 | INFO    | [TC-02] [47/447] ✅ 金山 0.0mm 抓取成功
2026-05-10 14:29:56 | INFO    | [TC-02] [48/447] ✅ 张家口 0.0mm 抓取成功
2026-05-10 14:29:57 | INFO    | [TC-02] [49/447] ✅ 石家庄 0.0mm 抓取成功
2026-05-10 14:29:57 | INFO    | [TC-02] [50/447] ✅ 承德 0.0mm 抓取成功
2026-05-10 14:29:59 | INFO    | [TC-02] [51/447] ✅ 秦皇岛 0.0mm 抓取成功
2026-05-10 14:29:59 | INFO    | [TC-02] [52/447] ✅ 沧州 0.0mm 抓取成功
2026-05-10 14:29:59 | INFO    | [TC-02] [53/447] ✅ 唐山 0.0mm 抓取成功
2026-05-10 14:30:00 | INFO    | [TC-02] [54/447] ✅ 衡水 0.0mm 抓取成功
2026-05-10 14:30:01 | INFO    | [TC-02] [55/447] ✅ 邢台 0.0mm 抓取成功
2026-05-10 14:30:01 | INFO    | [TC-02] [56/447] ✅ 邯郸 0.0mm 抓取成功
2026-05-10 14:30:02 | INFO    | [TC-02] [57/447] ✅ 保定 0.0mm 抓取成功
2026-05-10 14:30:03 | INFO    | [TC-02] [58/447] ✅ 郑州 0.0mm 抓取成功
2026-05-10 14:30:03 | INFO    | [TC-02] [59/447] ✅ 新乡 0.0mm 抓取成功
2026-05-10 14:30:04 | INFO    | [TC-02] [60/447] ✅ 廊坊 0.0mm 抓取成功
2026-05-10 14:30:04 | INFO    | [TC-02] [61/447] ✅ 许昌 0.0mm 抓取成功
2026-05-10 14:30:05 | INFO    | [TC-02] [62/447] ✅ 信阳 0.0mm 抓取成功
2026-05-10 14:30:06 | INFO    | [TC-02] [63/447] ✅ 平顶山 0.0mm 抓取成功
2026-05-10 14:30:06 | INFO    | [TC-02] [64/447] ✅ 南阳 0.0mm 抓取成功
2026-05-10 14:30:07 | INFO    | [TC-02] [65/447] ✅ 开封 0.0mm 抓取成功
2026-05-10 14:30:07 | INFO    | [TC-02] [66/447] ✅ 洛阳 0.0mm 抓取成功
2026-05-10 14:30:09 | INFO    | [TC-02] [67/447] ✅ 商丘 0.0mm 抓取成功
2026-05-10 14:30:09 | INFO    | [TC-02] [68/447] ✅ 焦作 0.0mm 抓取成功
2026-05-10 14:30:10 | INFO    | [TC-02] [69/447] ✅ 鹤壁 0.0mm 抓取成功
2026-05-10 14:30:10 | INFO    | [TC-02] [70/447] ✅ 濮阳 0.0mm 抓取成功
2026-05-10 14:30:11 | INFO    | [TC-02] [71/447] ✅ 周口 0.0mm 抓取成功
2026-05-10 14:30:12 | INFO    | [TC-02] [72/447] ✅ 驻马店 0.0mm 抓取成功
2026-05-10 14:30:12 | INFO    | [TC-02] [73/447] ✅ 漯河 0.0mm 抓取成功
2026-05-10 14:30:13 | INFO    | [TC-02] [74/447] ✅ 三门峡 0.0mm 抓取成功
2026-05-10 14:30:14 | INFO    | [TC-02] [75/447] ✅ 济源 0.0mm 抓取成功
2026-05-10 14:30:15 | INFO    | [TC-02] [76/447] ✅ 安阳 0.0mm 抓取成功
2026-05-10 14:30:15 | INFO    | [TC-02] [77/447] ✅ 合肥 0.0mm 抓取成功
2026-05-10 14:30:15 | INFO    | [TC-02] [78/447] ✅ 芜湖 0.0mm 抓取成功
2026-05-10 14:30:16 | INFO    | [TC-02] [79/447] ✅ 淮南 0.0mm 抓取成功
2026-05-10 14:30:17 | INFO    | [TC-02] [80/447] ✅ 安庆 0.0mm 抓取成功
2026-05-10 14:30:17 | INFO    | [TC-02] [81/447] ✅ 马鞍山 0.0mm 抓取成功
2026-05-10 14:30:19 | INFO    | [TC-02] [82/447] ✅ 阜阳 0.0mm 抓取成功
2026-05-10 14:30:19 | INFO    | [TC-02] [83/447] ✅ 宿州 0.0mm 抓取成功
2026-05-10 14:30:19 | INFO    | [TC-02] [84/447] ✅ 亳州 0.0mm 抓取成功
2026-05-10 14:30:21 | INFO    | [TC-02] [85/447] ✅ 淮北 0.0mm 抓取成功
2026-05-10 14:30:21 | INFO    | [TC-02] [86/447] ✅ 滁州 0.0mm 抓取成功
2026-05-10 14:30:21 | INFO    | [TC-02] [87/447] ✅ 黄山 0.0mm 抓取成功
2026-05-10 14:30:23 | INFO    | [TC-02] [88/447] ✅ 铜陵 0.0mm 抓取成功
2026-05-10 14:30:23 | INFO    | [TC-02] [89/447] ✅ 宣城 0.0mm 抓取成功
2026-05-10 14:30:24 | INFO    | [TC-02] [90/447] ✅ 六安 0.0mm 抓取成功
2026-05-10 14:30:24 | WARNING | [巢湖] 第 1 次重试失败
2026-05-10 14:30:25 | INFO    | [TC-02] [91/447] ✅ 池州 0.0mm 抓取成功
2026-05-10 14:30:26 | INFO    | [TC-02] [92/447] ✅ 蚌埠 0.0mm 抓取成功
2026-05-10 14:30:27 | INFO    | [TC-02] [93/447] ✅ 杭州 0.0mm 抓取成功
2026-05-10 14:30:28 | WARNING | [巢湖] 第 2 次重试失败
2026-05-10 14:30:29 | INFO    | [TC-02] [94/447] ✅ 舟山 0.0mm 抓取成功
2026-05-10 14:30:29 | INFO    | [TC-02] [95/447] ✅ 湖州 0.0mm 抓取成功
2026-05-10 14:30:31 | INFO    | [TC-02] [96/447] ✅ 金华 0.0mm 抓取成功
2026-05-10 14:30:31 | INFO    | [TC-02] [97/447] ✅ 嘉兴 0.0mm 抓取成功
2026-05-10 14:30:31 | WARNING | [巢湖] 第 3 次重试失败
2026-05-10 14:30:32 | INFO    | [TC-02] [98/447] ✅ 绍兴 0.0mm 抓取成功
2026-05-10 14:30:33 | INFO    | [TC-02] [99/447] ✅ 台州 0.0mm 抓取成功
2026-05-10 14:30:34 | ERROR   | [TC-02] [100/447] ❌ 巢湖 抓取失败
2026-05-10 14:30:34 | INFO    | [TC-02] [101/447] ✅ 丽水 0.0mm 抓取成功
2026-05-10 14:30:35 | INFO    | [TC-02] [102/447] ✅ 温州 0.1mm 抓取成功
2026-05-10 14:30:35 | INFO    | [TC-02] [103/447] ✅ 衢州 0.0mm 抓取成功
2026-05-10 14:30:36 | INFO    | [TC-02] [104/447] ✅ 宁波 0.0mm 抓取成功
2026-05-10 14:30:37 | INFO    | [TC-02] [105/447] ✅ 合川 0.0mm 抓取成功
2026-05-10 14:30:37 | INFO    | [TC-02] [106/447] ✅ 重庆 0.0mm 抓取成功
2026-05-10 14:30:38 | INFO    | [TC-02] [107/447] ✅ 南川 0.0mm 抓取成功
2026-05-10 14:30:39 | INFO    | [TC-02] [108/447] ✅ 江津 0.0mm 抓取成功
2026-05-10 14:30:39 | INFO    | [TC-02] [109/447] ✅ 万盛 0.0mm 抓取成功
2026-05-10 14:30:40 | INFO    | [TC-02] [110/447] ✅ 北碚 0.0mm 抓取成功
2026-05-10 14:30:40 | INFO    | [TC-02] [111/447] ✅ 渝北 0.0mm 抓取成功
2026-05-10 14:30:41 | INFO    | [TC-02] [112/447] ✅ 巴南 0.0mm 抓取成功
2026-05-10 14:30:41 | INFO    | [TC-02] [113/447] ✅ 黔江 0.0mm 抓取成功
2026-05-10 14:30:42 | INFO    | [TC-02] [114/447] ✅ 长寿 0.0mm 抓取成功
2026-05-10 14:30:43 | INFO    | [TC-02] [115/447] ✅ 万州天城 0.0mm 抓取成功
2026-05-10 14:30:44 | INFO    | [TC-02] [116/447] ✅ 万州龙宝 0.0mm 抓取成功
2026-05-10 14:30:44 | INFO    | [TC-02] [117/447] ✅ 涪陵 0.0mm 抓取成功
2026-05-10 14:30:46 | INFO    | [TC-02] [118/447] ✅ 开县 0.0mm 抓取成功
2026-05-10 14:30:46 | INFO    | [TC-02] [119/447] ✅ 城口 0.0mm 抓取成功
2026-05-10 14:30:47 | INFO    | [TC-02] [120/447] ✅ 云阳 0.0mm 抓取成功
2026-05-10 14:30:47 | INFO    | [TC-02] [121/447] ✅ 奉节 0.0mm 抓取成功
2026-05-10 14:30:48 | INFO    | [TC-02] [122/447] ✅ 巫溪 0.0mm 抓取成功
2026-05-10 14:30:49 | INFO    | [TC-02] [123/447] ✅ 潼南 0.0mm 抓取成功
2026-05-10 14:30:50 | INFO    | [TC-02] [124/447] ✅ 巫山 0.0mm 抓取成功
2026-05-10 14:30:50 | INFO    | [TC-02] [125/447] ✅ 垫江 0.0mm 抓取成功
2026-05-10 14:30:51 | INFO    | [TC-02] [126/447] ✅ 梁平 0.1mm 抓取成功
2026-05-10 14:30:52 | INFO    | [TC-02] [127/447] ✅ 忠县 0.0mm 抓取成功
2026-05-10 14:30:53 | INFO    | [TC-02] [128/447] ✅ 石柱 0.0mm 抓取成功
2026-05-10 14:30:53 | INFO    | [TC-02] [129/447] ✅ 大足 0.0mm 抓取成功
2026-05-10 14:30:54 | INFO    | [TC-02] [130/447] ✅ 荣昌 0.0mm 抓取成功
2026-05-10 14:30:55 | INFO    | [TC-02] [131/447] ✅ 璧山 0.2mm 抓取成功
2026-05-10 14:30:55 | INFO    | [TC-02] [132/447] ✅ 铜梁 0.0mm 抓取成功
2026-05-10 14:30:56 | INFO    | [TC-02] [133/447] ✅ 武隆 0.0mm 抓取成功
2026-05-10 14:30:56 | INFO    | [TC-02] [134/447] ✅ 丰都 0.0mm 抓取成功
2026-05-10 14:30:57 | INFO    | [TC-02] [135/447] ✅ 彭水 0.0mm 抓取成功
2026-05-10 14:30:58 | INFO    | [TC-02] [136/447] ✅ 綦江 0.0mm 抓取成功
2026-05-10 14:30:58 | INFO    | [TC-02] [137/447] ✅ 酉阳 0.0mm 抓取成功
2026-05-10 14:30:59 | INFO    | [TC-02] [138/447] ✅ 沙坪坝 0.0mm 抓取成功
2026-05-10 14:31:00 | INFO    | [TC-02] [139/447] ✅ 秀山 0.0mm 抓取成功
2026-05-10 14:31:00 | INFO    | [TC-02] [140/447] ✅ 永川 0.0mm 抓取成功
2026-05-10 14:31:01 | INFO    | [TC-02] [141/447] ✅ 福州 2.2mm 抓取成功
2026-05-10 14:31:02 | INFO    | [TC-02] [142/447] ✅ 泉州 0.0mm 抓取成功
2026-05-10 14:31:02 | INFO    | [TC-02] [143/447] ✅ 漳州 0.0mm 抓取成功
2026-05-10 14:31:03 | INFO    | [TC-02] [144/447] ✅ 龙岩 0.4mm 抓取成功
2026-05-10 14:31:03 | INFO    | [TC-02] [145/447] ✅ 南平 2.8mm 抓取成功
2026-05-10 14:31:04 | INFO    | [TC-02] [146/447] ✅ 晋江 0.0mm 抓取成功
2026-05-10 14:31:05 | INFO    | [TC-02] [147/447] ✅ 厦门 0.6mm 抓取成功
2026-05-10 14:31:05 | INFO    | [TC-02] [148/447] ✅ 宁德 2.0mm 抓取成功
2026-05-10 14:31:06 | INFO    | [TC-02] [149/447] ✅ 莆田 0.0mm 抓取成功
2026-05-10 14:31:07 | INFO    | [TC-02] [150/447] ✅ 兰州 0.0mm 抓取成功
2026-05-10 14:31:07 | INFO    | [TC-02] [151/447] ✅ 三明 1.4mm 抓取成功
2026-05-10 14:31:08 | INFO    | [TC-02] [152/447] ✅ 庆阳 0.0mm 抓取成功
2026-05-10 14:31:09 | INFO    | [TC-02] [153/447] ✅ 平凉 0.0mm 抓取成功
2026-05-10 14:31:09 | INFO    | [TC-02] [154/447] ✅ 武威 0.0mm 抓取成功
2026-05-10 14:31:10 | INFO    | [TC-02] [155/447] ✅ 金昌 0.0mm 抓取成功
2026-05-10 14:31:10 | INFO    | [TC-02] [156/447] ✅ 嘉峪关 0.0mm 抓取成功
2026-05-10 14:31:11 | INFO    | [TC-02] [157/447] ✅ 酒泉 0.0mm 抓取成功
2026-05-10 14:31:12 | INFO    | [TC-02] [158/447] ✅ 天水 0.0mm 抓取成功
2026-05-10 14:31:12 | INFO    | [TC-02] [159/447] ✅ 武都 0.0mm 抓取成功
2026-05-10 14:31:13 | INFO    | [TC-02] [160/447] ✅ 临夏 0.0mm 抓取成功
2026-05-10 14:31:14 | INFO    | [TC-02] [161/447] ✅ 合作 0.0mm 抓取成功
2026-05-10 14:31:14 | INFO    | [TC-02] [162/447] ✅ 白银 0.0mm 抓取成功
2026-05-10 14:31:16 | INFO    | [TC-02] [163/447] ✅ 定西 0.0mm 抓取成功
2026-05-10 14:31:16 | INFO    | [TC-02] [164/447] ✅ 张掖 0.0mm 抓取成功
2026-05-10 14:31:16 | INFO    | [TC-02] [165/447] ✅ 广州 1.6mm 抓取成功
2026-05-10 14:31:18 | INFO    | [TC-02] [166/447] ✅ 梅州 2.6mm 抓取成功
2026-05-10 14:31:18 | INFO    | [TC-02] [167/447] ✅ 汕头 0.0mm 抓取成功
2026-05-10 14:31:19 | INFO    | [TC-02] [168/447] ✅ 惠州 0.6mm 抓取成功
2026-05-10 14:31:19 | INFO    | [TC-02] [169/447] ✅ 深圳 0.1mm 抓取成功
2026-05-10 14:31:20 | INFO    | [TC-02] [170/447] ✅ 佛山 4.1mm 抓取成功
2026-05-10 14:31:20 | INFO    | [TC-02] [171/447] ✅ 肇庆 0.6mm 抓取成功
2026-05-10 14:31:21 | INFO    | [TC-02] [172/447] ✅ 珠海 0.5mm 抓取成功
2026-05-10 14:31:23 | INFO    | [TC-02] [173/447] ✅ 江门 3.0mm 抓取成功
2026-05-10 14:31:23 | INFO    | [TC-02] [174/447] ✅ 湛江 6.0mm 抓取成功
2026-05-10 14:31:23 | INFO    | [TC-02] [175/447] ✅ 河源 0.0mm 抓取成功
2026-05-10 14:31:24 | INFO    | [TC-02] [176/447] ✅ 云浮 0.4mm 抓取成功
2026-05-10 14:31:25 | INFO    | [TC-02] [177/447] ✅ 潮州 0.0mm 抓取成功
2026-05-10 14:31:25 | INFO    | [TC-02] [178/447] ✅ 清远 0.4mm 抓取成功
2026-05-10 14:31:26 | INFO    | [TC-02] [179/447] ✅ 东莞 0.3mm 抓取成功
2026-05-10 14:31:27 | INFO    | [TC-02] [180/447] ✅ 中山 4.6mm 抓取成功
2026-05-10 14:31:27 | INFO    | [TC-02] [181/447] ✅ 阳江 0.0mm 抓取成功
2026-05-10 14:31:28 | INFO    | [TC-02] [182/447] ✅ 揭阳 0.0mm 抓取成功
2026-05-10 14:31:28 | INFO    | [TC-02] [183/447] ✅ 茂名 1.3mm 抓取成功
2026-05-10 14:31:29 | INFO    | [TC-02] [184/447] ✅ 韶关 0.0mm 抓取成功
2026-05-10 14:31:30 | INFO    | [TC-02] [185/447] ✅ 汕尾 0.0mm 抓取成功
2026-05-10 14:31:30 | INFO    | [TC-02] [186/447] ✅ 南宁 0.0mm 抓取成功
2026-05-10 14:31:32 | INFO    | [TC-02] [187/447] ✅ 柳州 0.1mm 抓取成功
2026-05-10 14:31:32 | INFO    | [TC-02] [188/447] ✅ 来宾 0.0mm 抓取成功
2026-05-10 14:31:33 | INFO    | [TC-02] [189/447] ✅ 桂林 0.5mm 抓取成功
2026-05-10 14:31:34 | INFO    | [TC-02] [190/447] ✅ 梧州 0.1mm 抓取成功
2026-05-10 14:31:34 | INFO    | [TC-02] [191/447] ✅ 防城港 0.0mm 抓取成功
2026-05-10 14:31:34 | INFO    | [TC-02] [192/447] ✅ 贵港 0.0mm 抓取成功
2026-05-10 14:31:35 | INFO    | [TC-02] [193/447] ✅ 百色 7.6mm 抓取成功
2026-05-10 14:31:36 | INFO    | [TC-02] [194/447] ✅ 玉林 2.2mm 抓取成功
2026-05-10 14:31:37 | INFO    | [TC-02] [195/447] ✅ 钦州 0.0mm 抓取成功
2026-05-10 14:31:37 | INFO    | [TC-02] [196/447] ✅ 河池 2.2mm 抓取成功
2026-05-10 14:31:38 | INFO    | [TC-02] [197/447] ✅ 崇左 0.0mm 抓取成功
2026-05-10 14:31:38 | INFO    | [TC-02] [198/447] ✅ 北海 0.1mm 抓取成功
2026-05-10 14:31:39 | INFO    | [TC-02] [199/447] ✅ 贺州 0.0mm 抓取成功
2026-05-10 14:31:40 | INFO    | [TC-02] [200/447] ✅ 安顺 0.0mm 抓取成功
2026-05-10 14:31:40 | INFO    | [TC-02] [201/447] ✅ 贵阳 0.0mm 抓取成功
2026-05-10 14:31:42 | INFO    | [TC-02] [202/447] ✅ 都匀 0.0mm 抓取成功
2026-05-10 14:31:42 | INFO    | [TC-02] [203/447] ✅ 铜仁 0.0mm 抓取成功
2026-05-10 14:31:43 | INFO    | [TC-02] [204/447] ✅ 兴义 2.8mm 抓取成功
2026-05-10 14:31:43 | INFO    | [TC-02] [205/447] ✅ 毕节 0.1mm 抓取成功
2026-05-10 14:31:44 | INFO    | [TC-02] [206/447] ✅ 六盘水 0.0mm 抓取成功
2026-05-10 14:31:45 | INFO    | [TC-02] [207/447] ✅ 凯里 0.0mm 抓取成功
2026-05-10 14:31:45 | INFO    | [TC-02] [208/447] ✅ 遵义 0.0mm 抓取成功
2026-05-10 14:31:45 | INFO    | [TC-02] [209/447] ✅ 昆明 10.1mm 抓取成功
2026-05-10 14:31:46 | INFO    | [TC-02] [210/447] ✅ 红河 10.5mm 抓取成功
2026-05-10 14:31:47 | INFO    | [TC-02] [211/447] ✅ 文山 7.9mm 抓取成功
2026-05-10 14:31:47 | INFO    | [TC-02] [212/447] ✅ 玉溪 7.1mm 抓取成功
2026-05-10 14:31:48 | INFO    | [TC-02] [213/447] ✅ 楚雄 0.0mm 抓取成功
2026-05-10 14:31:48 | INFO    | [TC-02] [214/447] ✅ 普洱 31.4mm 抓取成功
2026-05-10 14:31:49 | INFO    | [TC-02] [215/447] ✅ 昭通 3.7mm 抓取成功
2026-05-10 14:31:50 | INFO    | [TC-02] [216/447] ✅ 临沧 2.3mm 抓取成功
2026-05-10 14:31:50 | INFO    | [TC-02] [217/447] ✅ 怒江 0.0mm 抓取成功
2026-05-10 14:31:51 | INFO    | [TC-02] [218/447] ✅ 香格里拉 0.0mm 抓取成功
2026-05-10 14:31:51 | INFO    | [TC-02] [219/447] ✅ 丽江 0.0mm 抓取成功
2026-05-10 14:31:52 | INFO    | [TC-02] [220/447] ✅ 景洪 11.8mm 抓取成功
2026-05-10 14:31:53 | INFO    | [TC-02] [221/447] ✅ 德宏 2.7mm 抓取成功
2026-05-10 14:31:53 | INFO    | [TC-02] [222/447] ✅ 大理 0.0mm 抓取成功
2026-05-10 14:31:53 | INFO    | [TC-02] [223/447] ✅ 曲靖 8.9mm 抓取成功
2026-05-10 14:31:55 | INFO    | [TC-02] [224/447] ✅ 保山 0.0mm 抓取成功
2026-05-10 14:31:55 | INFO    | [TC-02] [225/447] ✅ 乌海 0.0mm 抓取成功
2026-05-10 14:31:55 | INFO    | [TC-02] [226/447] ✅ 呼和浩特 0.0mm 抓取成功
2026-05-10 14:31:56 | INFO    | [TC-02] [227/447] ✅ 集宁 0.0mm 抓取成功
2026-05-10 14:31:57 | INFO    | [TC-02] [228/447] ✅ 阿拉善左旗 0.0mm 抓取成功
2026-05-10 14:31:58 | INFO    | [TC-02] [229/447] ✅ 通辽 0.0mm 抓取成功
2026-05-10 14:31:59 | INFO    | [TC-02] [230/447] ✅ 鄂尔多斯 0.0mm 抓取成功
2026-05-10 14:31:59 | INFO    | [TC-02] [231/447] ✅ 临河 0.0mm 抓取成功
2026-05-10 14:32:00 | INFO    | [TC-02] [232/447] ✅ 锡林浩特 0.0mm 抓取成功
2026-05-10 14:32:00 | WARNING | [呼伦贝尔] 第 1 次重试失败
2026-05-10 14:32:01 | INFO    | [TC-02] [233/447] ✅ 包头 0.0mm 抓取成功
2026-05-10 14:32:02 | INFO    | [TC-02] [234/447] ✅ 乌兰浩特 0.0mm 抓取成功
2026-05-10 14:32:04 | INFO    | [TC-02] [235/447] ✅ 赤峰 4.1mm 抓取成功
2026-05-10 14:32:04 | INFO    | [TC-02] [236/447] ✅ 南昌 0.0mm 抓取成功
2026-05-10 14:32:04 | WARNING | [呼伦贝尔] 第 2 次重试失败
2026-05-10 14:32:05 | INFO    | [TC-02] [237/447] ✅ 上饶 0.0mm 抓取成功
2026-05-10 14:32:06 | INFO    | [TC-02] [238/447] ✅ 抚州 0.0mm 抓取成功
2026-05-10 14:32:07 | INFO    | [TC-02] [239/447] ✅ 宜春 0.0mm 抓取成功
2026-05-10 14:32:08 | INFO    | [TC-02] [240/447] ✅ 鹰潭 0.0mm 抓取成功
2026-05-10 14:32:08 | WARNING | [呼伦贝尔] 第 3 次重试失败
2026-05-10 14:32:09 | INFO    | [TC-02] [241/447] ✅ 赣州 0.0mm 抓取成功
2026-05-10 14:32:10 | INFO    | [TC-02] [242/447] ✅ 萍乡 0.0mm 抓取成功
2026-05-10 14:32:10 | INFO    | [TC-02] [243/447] ✅ 景德镇 0.0mm 抓取成功
2026-05-10 14:32:10 | ERROR   | [TC-02] [244/447] ❌ 呼伦贝尔 抓取失败
2026-05-10 14:32:11 | INFO    | [TC-02] [245/447] ✅ 新余 0.0mm 抓取成功
2026-05-10 14:32:11 | INFO    | [TC-02] [246/447] ✅ 吉安 0.0mm 抓取成功
2026-05-10 14:32:12 | INFO    | [TC-02] [247/447] ✅ 九江 0.0mm 抓取成功
2026-05-10 14:32:13 | INFO    | [TC-02] [248/447] ✅ 武汉 0.0mm 抓取成功
2026-05-10 14:32:13 | INFO    | [TC-02] [249/447] ✅ 黄冈 0.0mm 抓取成功
2026-05-10 14:32:14 | INFO    | [TC-02] [250/447] ✅ 荆州 0.0mm 抓取成功
2026-05-10 14:32:14 | INFO    | [TC-02] [251/447] ✅ 宜昌 0.0mm 抓取成功
2026-05-10 14:32:15 | INFO    | [TC-02] [252/447] ✅ 十堰 0.0mm 抓取成功
2026-05-10 14:32:15 | INFO    | [TC-02] [253/447] ✅ 恩施 0.0mm 抓取成功
2026-05-10 14:32:16 | INFO    | [TC-02] [254/447] ✅ 神农架 0.0mm 抓取成功
2026-05-10 14:32:17 | INFO    | [TC-02] [255/447] ✅ 荆门 0.0mm 抓取成功
2026-05-10 14:32:17 | INFO    | [TC-02] [256/447] ✅ 天门 0.0mm 抓取成功
2026-05-10 14:32:18 | INFO    | [TC-02] [257/447] ✅ 随州 0.0mm 抓取成功
2026-05-10 14:32:18 | INFO    | [TC-02] [258/447] ✅ 仙桃 0.0mm 抓取成功
2026-05-10 14:32:19 | INFO    | [TC-02] [259/447] ✅ 潜江 0.0mm 抓取成功
2026-05-10 14:32:20 | INFO    | [TC-02] [260/447] ✅ 襄樊 0.0mm 抓取成功
2026-05-10 14:32:21 | INFO    | [TC-02] [261/447] ✅ 孝感 0.0mm 抓取成功
2026-05-10 14:32:21 | INFO    | [TC-02] [262/447] ✅ 黄石 0.0mm 抓取成功
2026-05-10 14:32:21 | INFO    | [TC-02] [263/447] ✅ 鄂州 0.0mm 抓取成功
2026-05-10 14:32:22 | INFO    | [TC-02] [264/447] ✅ 自贡 0.0mm 抓取成功
2026-05-10 14:32:23 | INFO    | [TC-02] [265/447] ✅ 成都 0.0mm 抓取成功
2026-05-10 14:32:23 | INFO    | [TC-02] [266/447] ✅ 咸宁 0.0mm 抓取成功
2026-05-10 14:32:24 | INFO    | [TC-02] [267/447] ✅ 南充 0.0mm 抓取成功
2026-05-10 14:32:25 | INFO    | [TC-02] [268/447] ✅ 绵阳 0.0mm 抓取成功
2026-05-10 14:32:25 | INFO    | [TC-02] [269/447] ✅ 达州 0.0mm 抓取成功
2026-05-10 14:32:26 | INFO    | [TC-02] [270/447] ✅ 遂宁 0.0mm 抓取成功
2026-05-10 14:32:27 | INFO    | [TC-02] [271/447] ✅ 巴中 0.0mm 抓取成功
2026-05-10 14:32:28 | INFO    | [TC-02] [272/447] ✅ 广安 0.0mm 抓取成功
2026-05-10 14:32:28 | INFO    | [TC-02] [273/447] ✅ 泸州 0.0mm 抓取成功
2026-05-10 14:32:28 | INFO    | [TC-02] [274/447] ✅ 宜宾 0.0mm 抓取成功
2026-05-10 14:32:29 | INFO    | [TC-02] [275/447] ✅ 内江 0.0mm 抓取成功
2026-05-10 14:32:30 | INFO    | [TC-02] [276/447] ✅ 乐山 0.0mm 抓取成功
2026-05-10 14:32:31 | INFO    | [TC-02] [277/447] ✅ 资阳 0.0mm 抓取成功
2026-05-10 14:32:32 | INFO    | [TC-02] [278/447] ✅ 眉山 0.0mm 抓取成功
2026-05-10 14:32:32 | INFO    | [TC-02] [279/447] ✅ 凉山 0.0mm 抓取成功
2026-05-10 14:32:32 | INFO    | [TC-02] [280/447] ✅ 雅安 0.0mm 抓取成功
2026-05-10 14:32:34 | INFO    | [TC-02] [281/447] ✅ 甘孜 3.2mm 抓取成功
2026-05-10 14:32:34 | INFO    | [TC-02] [282/447] ✅ 阿坝 0.0mm 抓取成功
2026-05-10 14:32:35 | INFO    | [TC-02] [283/447] ✅ 德阳 0.0mm 抓取成功
2026-05-10 14:32:36 | INFO    | [TC-02] [284/447] ✅ 攀枝花 2.4mm 抓取成功
2026-05-10 14:32:36 | INFO    | [TC-02] [285/447] ✅ 广元 0.0mm 抓取成功
2026-05-10 14:32:37 | INFO    | [TC-02] [286/447] ✅ 银川 0.0mm 抓取成功
2026-05-10 14:32:39 | INFO    | [TC-02] [287/447] ✅ 中卫 0.0mm 抓取成功
2026-05-10 14:32:39 | INFO    | [TC-02] [288/447] ✅ 固原 0.0mm 抓取成功
2026-05-10 14:32:39 | INFO    | [TC-02] [289/447] ✅ 石嘴山 0.0mm 抓取成功
2026-05-10 14:32:40 | INFO    | [TC-02] [290/447] ✅ 吴忠 0.0mm 抓取成功
2026-05-10 14:32:41 | INFO    | [TC-02] [291/447] ✅ 西宁 0.0mm 抓取成功
2026-05-10 14:32:41 | INFO    | [TC-02] [292/447] ✅ 黄南 0.0mm 抓取成功
2026-05-10 14:32:42 | INFO    | [TC-02] [293/447] ✅ 果洛 2.9mm 抓取成功
2026-05-10 14:32:43 | INFO    | [TC-02] [294/447] ✅ 海北 0.0mm 抓取成功
2026-05-10 14:32:43 | INFO    | [TC-02] [295/447] ✅ 玉树 0.5mm 抓取成功
2026-05-10 14:32:45 | INFO    | [TC-02] [296/447] ✅ 海东 0.0mm 抓取成功
2026-05-10 14:32:45 | INFO    | [TC-02] [297/447] ✅ 海西 0.5mm 抓取成功
2026-05-10 14:32:45 | INFO    | [TC-02] [298/447] ✅ 海南 0.0mm 抓取成功
2026-05-10 14:32:46 | INFO    | [TC-02] [299/447] ✅ 济南 0.0mm 抓取成功
2026-05-10 14:32:47 | INFO    | [TC-02] [300/447] ✅ 潍坊 0.0mm 抓取成功
2026-05-10 14:32:47 | INFO    | [TC-02] [301/447] ✅ 临沂 0.0mm 抓取成功
2026-05-10 14:32:49 | INFO    | [TC-02] [302/447] ✅ 菏泽 0.0mm 抓取成功
2026-05-10 14:32:49 | INFO    | [TC-02] [303/447] ✅ 滨州 0.0mm 抓取成功
2026-05-10 14:32:50 | INFO    | [TC-02] [304/447] ✅ 东营 0.0mm 抓取成功
2026-05-10 14:32:50 | INFO    | [TC-02] [305/447] ✅ 威海 0.0mm 抓取成功
2026-05-10 14:32:51 | INFO    | [TC-02] [306/447] ✅ 枣庄 0.0mm 抓取成功
2026-05-10 14:32:53 | INFO    | [TC-02] [307/447] ✅ 日照 0.0mm 抓取成功
2026-05-10 14:32:53 | INFO    | [TC-02] [308/447] ✅ 莱芜 0.0mm 抓取成功
2026-05-10 14:32:53 | INFO    | [TC-02] [309/447] ✅ 聊城 0.0mm 抓取成功
2026-05-10 14:32:54 | INFO    | [TC-02] [310/447] ✅ 淄博 0.0mm 抓取成功
2026-05-10 14:32:55 | INFO    | [TC-02] [311/447] ✅ 青岛 0.0mm 抓取成功
2026-05-10 14:32:55 | INFO    | [TC-02] [312/447] ✅ 德州 0.0mm 抓取成功
2026-05-10 14:32:56 | INFO    | [TC-02] [313/447] ✅ 烟台 0.0mm 抓取成功
2026-05-10 14:32:57 | INFO    | [TC-02] [314/447] ✅ 济宁 0.0mm 抓取成功
2026-05-10 14:32:57 | INFO    | [TC-02] [315/447] ✅ 泰安 0.0mm 抓取成功
2026-05-10 14:32:58 | INFO    | [TC-02] [316/447] ✅ 西安 0.0mm 抓取成功
2026-05-10 14:33:00 | INFO    | [TC-02] [317/447] ✅ 延安 0.0mm 抓取成功
2026-05-10 14:33:00 | INFO    | [TC-02] [318/447] ✅ 榆林 0.0mm 抓取成功
2026-05-10 14:33:01 | INFO    | [TC-02] [319/447] ✅ 铜川 0.0mm 抓取成功
2026-05-10 14:33:02 | INFO    | [TC-02] [320/447] ✅ 商洛 0.0mm 抓取成功
2026-05-10 14:33:02 | INFO    | [TC-02] [321/447] ✅ 安康 0.0mm 抓取成功
2026-05-10 14:33:03 | INFO    | [TC-02] [322/447] ✅ 汉中 0.0mm 抓取成功
2026-05-10 14:33:04 | INFO    | [TC-02] [323/447] ✅ 宝鸡 0.0mm 抓取成功
2026-05-10 14:33:04 | INFO    | [TC-02] [324/447] ✅ 渭南 0.0mm 抓取成功
2026-05-10 14:33:04 | INFO    | [TC-02] [325/447] ✅ 咸阳 0.0mm 抓取成功
2026-05-10 14:33:05 | INFO    | [TC-02] [326/447] ✅ 太原 0.0mm 抓取成功
2026-05-10 14:33:06 | INFO    | [TC-02] [327/447] ✅ 运城 0.0mm 抓取成功
2026-05-10 14:33:06 | INFO    | [TC-02] [328/447] ✅ 临汾 0.0mm 抓取成功
2026-05-10 14:33:07 | INFO    | [TC-02] [329/447] ✅ 朔州 0.0mm 抓取成功
2026-05-10 14:33:08 | INFO    | [TC-02] [330/447] ✅ 忻州 0.0mm 抓取成功
2026-05-10 14:33:08 | INFO    | [TC-02] [331/447] ✅ 长治 0.0mm 抓取成功
2026-05-10 14:33:10 | INFO    | [TC-02] [332/447] ✅ 晋中 0.0mm 抓取成功
2026-05-10 14:33:10 | INFO    | [TC-02] [333/447] ✅ 大同 0.0mm 抓取成功
2026-05-10 14:33:10 | INFO    | [TC-02] [334/447] ✅ 阳泉 0.0mm 抓取成功
2026-05-10 14:33:12 | INFO    | [TC-02] [335/447] ✅ 晋城 0.0mm 抓取成功
2026-05-10 14:33:12 | INFO    | [TC-02] [336/447] ✅ 吕梁 0.0mm 抓取成功
2026-05-10 14:33:12 | INFO    | [TC-02] [337/447] ✅ 乌鲁木齐 0.0mm 抓取成功
2026-05-10 14:33:13 | INFO    | [TC-02] [338/447] ✅ 昌吉 0.0mm 抓取成功
2026-05-10 14:33:14 | INFO    | [TC-02] [339/447] ✅ 吐鲁番 0.0mm 抓取成功
2026-05-10 14:33:14 | INFO    | [TC-02] [340/447] ✅ 石河子 0.0mm 抓取成功
2026-05-10 14:33:16 | INFO    | [TC-02] [341/447] ✅ 阿拉尔 0.0mm 抓取成功
2026-05-10 14:33:16 | INFO    | [TC-02] [342/447] ✅ 库尔勒 0.0mm 抓取成功
2026-05-10 14:33:17 | INFO    | [TC-02] [343/447] ✅ 阿克苏 0.0mm 抓取成功
2026-05-10 14:33:18 | INFO    | [TC-02] [344/447] ✅ 喀什 0.0mm 抓取成功
2026-05-10 14:33:18 | INFO    | [TC-02] [345/447] ✅ 伊宁 0.0mm 抓取成功
2026-05-10 14:33:18 | INFO    | [TC-02] [346/447] ✅ 塔城 0.0mm 抓取成功
2026-05-10 14:33:20 | INFO    | [TC-02] [347/447] ✅ 阿勒泰 0.0mm 抓取成功
2026-05-10 14:33:20 | INFO    | [TC-02] [348/447] ✅ 哈密 0.0mm 抓取成功
2026-05-10 14:33:20 | INFO    | [TC-02] [349/447] ✅ 和田 0.0mm 抓取成功
2026-05-10 14:33:21 | INFO    | [TC-02] [350/447] ✅ 博乐 0.0mm 抓取成功
2026-05-10 14:33:21 | INFO    | [TC-02] [351/447] ✅ 克拉玛依 0.0mm 抓取成功
2026-05-10 14:33:21 | INFO    | [TC-02] [352/447] ✅ 阿图什 0.0mm 抓取成功
2026-05-10 14:33:23 | INFO    | [TC-02] [353/447] ✅ 阿里 0.0mm 抓取成功
2026-05-10 14:33:23 | INFO    | [TC-02] [354/447] ✅ 山南 0.1mm 抓取成功
2026-05-10 14:33:24 | INFO    | [TC-02] [355/447] ✅ 拉萨 0.7mm 抓取成功
2026-05-10 14:33:25 | INFO    | [TC-02] [356/447] ✅ 那曲 1.2mm 抓取成功
2026-05-10 14:33:25 | INFO    | [TC-02] [357/447] ✅ 昌都 2.4mm 抓取成功
2026-05-10 14:33:25 | INFO    | [TC-02] [358/447] ✅ 日喀则 0.0mm 抓取成功
2026-05-10 14:33:27 | INFO    | [TC-02] [359/447] ✅ 台北县 0.0mm 抓取成功
2026-05-10 14:33:27 | INFO    | [TC-02] [360/447] ✅ 林芝 0.0mm 抓取成功
2026-05-10 14:33:28 | INFO    | [TC-02] [361/447] ✅ 高雄 0.0mm 抓取成功
2026-05-10 14:33:29 | INFO    | [TC-02] [362/447] ✅ 海口 0.4mm 抓取成功
2026-05-10 14:33:29 | INFO    | [TC-02] [363/447] ✅ 台中 0.0mm 抓取成功
2026-05-10 14:33:30 | INFO    | [TC-02] [364/447] ✅ 三亚 3.6mm 抓取成功
2026-05-10 14:33:30 | INFO    | [TC-02] [365/447] ✅ 临高 3.6mm 抓取成功
2026-05-10 14:33:31 | INFO    | [TC-02] [366/447] ✅ 东方 0.0mm 抓取成功
2026-05-10 14:33:31 | INFO    | [TC-02] [367/447] ✅ 澄迈 67.6mm 抓取成功
2026-05-10 14:33:32 | INFO    | [TC-02] [368/447] ✅ 儋州 1.0mm 抓取成功
2026-05-10 14:33:33 | INFO    | [TC-02] [369/447] ✅ 昌江 34.0mm 抓取成功
2026-05-10 14:33:33 | INFO    | [TC-02] [370/447] ✅ 白沙 12.0mm 抓取成功
2026-05-10 14:33:34 | INFO    | [TC-02] [371/447] ✅ 定安 0.0mm 抓取成功
2026-05-10 14:33:34 | INFO    | [TC-02] [372/447] ✅ 琼中 4.0mm 抓取成功
2026-05-10 14:33:35 | INFO    | [TC-02] [373/447] ✅ 屯昌 2.0mm 抓取成功
2026-05-10 14:33:36 | INFO    | [TC-02] [374/447] ✅ 琼海 7.1mm 抓取成功
2026-05-10 14:33:36 | INFO    | [TC-02] [375/447] ✅ 文昌 14.5mm 抓取成功
2026-05-10 14:33:36 | INFO    | [TC-02] [376/447] ✅ 保亭 3.5mm 抓取成功
2026-05-10 14:33:37 | INFO    | [TC-02] [377/447] ✅ 万宁 17.5mm 抓取成功
2026-05-10 14:33:38 | INFO    | [TC-02] [378/447] ✅ 西沙 0.0mm 抓取成功
2026-05-10 14:33:39 | INFO    | [TC-02] [379/447] ✅ 陵水 0.2mm 抓取成功
2026-05-10 14:33:39 | INFO    | [TC-02] [380/447] ✅ 南沙岛 0.0mm 抓取成功
2026-05-10 14:33:40 | INFO    | [TC-02] [381/447] ✅ 乐东 0.5mm 抓取成功
2026-05-10 14:33:40 | INFO    | [TC-02] [382/447] ✅ 琼山 0.4mm 抓取成功
2026-05-10 14:33:41 | INFO    | [TC-02] [383/447] ✅ 五指山 3.1mm 抓取成功
2026-05-10 14:33:41 | INFO    | [TC-02] [384/447] ✅ 长沙 0.0mm 抓取成功
2026-05-10 14:33:42 | INFO    | [TC-02] [385/447] ✅ 株洲 0.0mm 抓取成功
2026-05-10 14:33:43 | INFO    | [TC-02] [386/447] ✅ 衡阳 0.0mm 抓取成功
2026-05-10 14:33:44 | INFO    | [TC-02] [387/447] ✅ 郴州 0.0mm 抓取成功
2026-05-10 14:33:44 | INFO    | [TC-02] [388/447] ✅ 常德 0.0mm 抓取成功
2026-05-10 14:33:44 | INFO    | [TC-02] [389/447] ✅ 益阳 0.0mm 抓取成功
2026-05-10 14:33:45 | INFO    | [TC-02] [390/447] ✅ 娄底 0.0mm 抓取成功
2026-05-10 14:33:45 | INFO    | [TC-02] [391/447] ✅ 邵阳 0.0mm 抓取成功
2026-05-10 14:33:46 | INFO    | [TC-02] [392/447] ✅ 岳阳 0.0mm 抓取成功
2026-05-10 14:33:47 | INFO    | [TC-02] [393/447] ✅ 张家界 0.0mm 抓取成功
2026-05-10 14:33:47 | INFO    | [TC-02] [394/447] ✅ 怀化 0.0mm 抓取成功
2026-05-10 14:33:48 | WARNING | [黔阳] 第 1 次重试失败
2026-05-10 14:33:49 | INFO    | [TC-02] [395/447] ✅ 吉首 0.0mm 抓取成功
2026-05-10 14:33:49 | INFO    | [TC-02] [396/447] ✅ 永州 0.0mm 抓取成功
2026-05-10 14:33:51 | INFO    | [TC-02] [397/447] ✅ 湘潭 0.1mm 抓取成功
2026-05-10 14:33:51 | INFO    | [TC-02] [398/447] ✅ 南京 0.0mm 抓取成功
2026-05-10 14:33:52 | WARNING | [黔阳] 第 2 次重试失败
2026-05-10 14:33:53 | INFO    | [TC-02] [399/447] ✅ 镇江 0.0mm 抓取成功
2026-05-10 14:33:53 | INFO    | [TC-02] [400/447] ✅ 苏州 0.0mm 抓取成功
2026-05-10 14:33:55 | INFO    | [TC-02] [401/447] ✅ 南通 0.0mm 抓取成功
2026-05-10 14:33:55 | INFO    | [TC-02] [402/447] ✅ 扬州 0.0mm 抓取成功
2026-05-10 14:33:56 | WARNING | [黔阳] 第 3 次重试失败
2026-05-10 14:33:57 | INFO    | [TC-02] [403/447] ✅ 徐州 0.0mm 抓取成功
2026-05-10 14:33:57 | INFO    | [TC-02] [404/447] ✅ 宿迁 0.0mm 抓取成功
2026-05-10 14:33:59 | INFO    | [TC-02] [405/447] ✅ 淮安 0.0mm 抓取成功
2026-05-10 14:33:59 | ERROR   | [TC-02] [406/447] ❌ 黔阳 抓取失败
2026-05-10 14:34:00 | INFO    | [TC-02] [407/447] ✅ 连云港 0.0mm 抓取成功
2026-05-10 14:34:01 | INFO    | [TC-02] [408/447] ✅ 常州 0.0mm 抓取成功
2026-05-10 14:34:02 | INFO    | [TC-02] [409/447] ✅ 泰州 0.0mm 抓取成功
2026-05-10 14:34:02 | INFO    | [TC-02] [410/447] ✅ 无锡 0.0mm 抓取成功
2026-05-10 14:34:02 | INFO    | [TC-02] [411/447] ✅ 盐城 0.0mm 抓取成功
2026-05-10 14:34:03 | INFO    | [TC-02] [412/447] ✅ 牡丹江 0.0mm 抓取成功
2026-05-10 14:34:03 | INFO    | [TC-02] [413/447] ✅ 佳木斯 0.0mm 抓取成功
2026-05-10 14:34:04 | INFO    | [TC-02] [414/447] ✅ 哈尔滨 0.0mm 抓取成功
2026-05-10 14:34:05 | INFO    | [TC-02] [415/447] ✅ 黑河 0.0mm 抓取成功
2026-05-10 14:34:05 | INFO    | [TC-02] [416/447] ✅ 绥化 0.0mm 抓取成功
2026-05-10 14:34:06 | INFO    | [TC-02] [417/447] ✅ 双鸭山 0.0mm 抓取成功
2026-05-10 14:34:07 | INFO    | [TC-02] [418/447] ✅ 伊春 0.0mm 抓取成功
2026-05-10 14:34:07 | INFO    | [TC-02] [419/447] ✅ 大庆 0.0mm 抓取成功
2026-05-10 14:34:08 | INFO    | [TC-02] [420/447] ✅ 七台河 0.0mm 抓取成功
2026-05-10 14:34:09 | INFO    | [TC-02] [421/447] ✅ 鸡西 0.0mm 抓取成功
2026-05-10 14:34:09 | INFO    | [TC-02] [422/447] ✅ 齐齐哈尔 0.0mm 抓取成功
2026-05-10 14:34:10 | INFO    | [TC-02] [423/447] ✅ 鹤岗 0.0mm 抓取成功
2026-05-10 14:34:11 | INFO    | [TC-02] [424/447] ✅ 大兴安岭 0.0mm 抓取成功
2026-05-10 14:34:12 | INFO    | [TC-02] [425/447] ✅ 长春 3.0mm 抓取成功
2026-05-10 14:34:12 | INFO    | [TC-02] [426/447] ✅ 延吉 0.0mm 抓取成功
2026-05-10 14:34:13 | INFO    | [TC-02] [427/447] ✅ 四平 3.0mm 抓取成功
2026-05-10 14:34:14 | INFO    | [TC-02] [428/447] ✅ 白山 0.5mm 抓取成功
2026-05-10 14:34:14 | INFO    | [TC-02] [429/447] ✅ 辽源 11.7mm 抓取成功
2026-05-10 14:34:14 | INFO    | [TC-02] [430/447] ✅ 白城 0.0mm 抓取成功
2026-05-10 14:34:15 | INFO    | [TC-02] [431/447] ✅ 松原 0.0mm 抓取成功
2026-05-10 14:34:15 | INFO    | [TC-02] [432/447] ✅ 吉林 0.1mm 抓取成功
2026-05-10 14:34:17 | INFO    | [TC-02] [433/447] ✅ 鞍山 0.2mm 抓取成功
2026-05-10 14:34:17 | INFO    | [TC-02] [434/447] ✅ 沈阳 2.5mm 抓取成功
2026-05-10 14:34:17 | INFO    | [TC-02] [435/447] ✅ 通化 0.4mm 抓取成功
2026-05-10 14:34:18 | INFO    | [TC-02] [436/447] ✅ 丹东 0.0mm 抓取成功
2026-05-10 14:34:18 | INFO    | [TC-02] [437/447] ✅ 抚顺 2.4mm 抓取成功
2026-05-10 14:34:19 | INFO    | [TC-02] [438/447] ✅ 本溪 0.3mm 抓取成功
2026-05-10 14:34:20 | WARNING | [葫芦岛] 第 1 次重试失败
2026-05-10 14:34:20 | INFO    | [TC-02] [439/447] ✅ 营口 0.0mm 抓取成功
2026-05-10 14:34:21 | INFO    | [TC-02] [440/447] ✅ 阜新 1.2mm 抓取成功
2026-05-10 14:34:22 | INFO    | [TC-02] [441/447] ✅ 辽阳 0.4mm 抓取成功
2026-05-10 14:34:23 | INFO    | [TC-02] [442/447] ✅ 铁岭 8.9mm 抓取成功
2026-05-10 14:34:24 | WARNING | [葫芦岛] 第 2 次重试失败
2026-05-10 14:34:24 | INFO    | [TC-02] [443/447] ✅ 朝阳 0.0mm 抓取成功
2026-05-10 14:34:25 | INFO    | [TC-02] [444/447] ✅ 盘锦 0.2mm 抓取成功
2026-05-10 14:34:26 | INFO    | [TC-02] [445/447] ✅ 大连 0.0mm 抓取成功
2026-05-10 14:34:27 | INFO    | [TC-02] [446/447] ✅ 锦州 0.7mm 抓取成功
2026-05-10 14:34:27 | WARNING | [葫芦岛] 第 3 次重试失败
2026-05-10 14:34:29 | ERROR   | [TC-02] [447/447] ❌ 葫芦岛 抓取失败
2026-05-10 14:34:29 | INFO    | [TC-03] 多城市批量抓取测试通过 | 成功：438 失败：9
2026-05-10 14:34:29 | WARNING | 发现 3 个城市在 city 表中不存在，已跳过：
2026-05-10 14:34:29 | WARNING | 缺失城市：台北县，city_id=101340101，rainfall=0.0
2026-05-10 14:34:29 | WARNING | 缺失城市：高雄，city_id=101340201，rainfall=0.0
2026-05-10 14:34:29 | WARNING | 缺失城市：台中，city_id=101340401，rainfall=0.0
2026-05-10 14:34:29 | INFO    | [TC-04] 数据写入数据库测试通过 | 共 435 条
2026-05-10 14:34:29 | INFO    | [TC-05] 重复数据更新测试通过 | 已自动覆盖更新
2026-05-10 14:34:30 | INFO    | [TC-06] 城市名称同步测试通过 | 受影响行数：421
2026-05-10 14:34:30 | WARNING | [TC-07] 失败城市已记录 | 共 9 个
2026-05-10 14:34:30 | INFO    | 
======================================================================
2026-05-10 14:34:30 | INFO    | 🏁 全部测试项执行完成 | 总耗时：322.66 秒
2026-05-10 14:34:30 | INFO    | ======================================================================
