2026-05-14 08:40:53 | INFO    | ======================================================================
2026-05-14 08:40:53 | INFO    |               降雨量爬虫 测试用例自动验证
2026-05-14 08:40:53 | INFO    | ======================================================================
2026-05-14 08:40:53 | INFO    | [TC-01] 城市列表读取测试通过 | 共读取 447 个城市
2026-05-14 08:40:53 | INFO    | [TC-03] 开始多城市批量抓取测试 | 线程数：3
2026-05-14 08:40:56 | INFO    | [TC-02] [1/447] ✅ 顺义 0.0mm 抓取成功
2026-05-14 08:40:56 | INFO    | [TC-02] [2/447] ✅ 朝阳 0.0mm 抓取成功
2026-05-14 08:40:56 | INFO    | [TC-02] [3/447] ✅ 北京 0.0mm 抓取成功
2026-05-14 08:40:58 | INFO    | [TC-02] [4/447] ✅ 通州 0.0mm 抓取成功
2026-05-14 08:40:58 | INFO    | [TC-02] [5/447] ✅ 怀柔 0.0mm 抓取成功
2026-05-14 08:40:59 | INFO    | [TC-02] [6/447] ✅ 昌平 0.0mm 抓取成功
2026-05-14 08:40:59 | INFO    | [TC-02] [7/447] ✅ 延庆 0.0mm 抓取成功
2026-05-14 08:41:00 | INFO    | [TC-02] [8/447] ✅ 石景山 0.0mm 抓取成功
2026-05-14 08:41:00 | INFO    | [TC-02] [9/447] ✅ 丰台 0.0mm 抓取成功
2026-05-14 08:41:01 | INFO    | [TC-02] [10/447] ✅ 大兴 0.0mm 抓取成功
2026-05-14 08:41:01 | INFO    | [TC-02] [11/447] ✅ 密云 0.0mm 抓取成功
2026-05-14 08:41:02 | INFO    | [TC-02] [12/447] ✅ 房山 0.0mm 抓取成功
2026-05-14 08:41:03 | INFO    | [TC-02] [13/447] ✅ 门头沟 0.0mm 抓取成功
2026-05-14 08:41:04 | INFO    | [TC-02] [14/447] ✅ 平谷 0.0mm 抓取成功
2026-05-14 08:41:04 | INFO    | [TC-02] [15/447] ✅ 八达岭 0.0mm 抓取成功
2026-05-14 08:41:05 | INFO    | [TC-02] [16/447] ✅ 佛爷顶 0.0mm 抓取成功
2026-05-14 08:41:05 | WARNING | [汤河口] 第 1 次重试失败
2026-05-14 08:41:05 | WARNING | [密云上甸子] 第 1 次重试失败
2026-05-14 08:41:06 | WARNING | [斋堂] 第 1 次重试失败
2026-05-14 08:41:09 | WARNING | [汤河口] 第 2 次重试失败
2026-05-14 08:41:09 | WARNING | [斋堂] 第 2 次重试失败
2026-05-14 08:41:09 | WARNING | [密云上甸子] 第 2 次重试失败
2026-05-14 08:41:13 | WARNING | [密云上甸子] 第 3 次重试失败
2026-05-14 08:41:13 | WARNING | [斋堂] 第 3 次重试失败
2026-05-14 08:41:13 | WARNING | [汤河口] 第 3 次重试失败
2026-05-14 08:41:14 | ERROR   | [TC-02] [17/447] ❌ 密云上甸子 抓取失败
2026-05-14 08:41:15 | ERROR   | [TC-02] [18/447] ❌ 斋堂 抓取失败
2026-05-14 08:41:16 | ERROR   | [TC-02] [19/447] ❌ 汤河口 抓取失败
2026-05-14 08:41:16 | WARNING | [北京城区] 第 1 次重试失败
2026-05-14 08:41:17 | WARNING | [霞云岭] 第 1 次重试失败
2026-05-14 08:41:18 | INFO    | [TC-02] [20/447] ✅ 海淀 0.0mm 抓取成功
2026-05-14 08:41:20 | WARNING | [北京城区] 第 2 次重试失败
2026-05-14 08:41:21 | INFO    | [TC-02] [21/447] ✅ 天津 0.0mm 抓取成功
2026-05-14 08:41:22 | WARNING | [霞云岭] 第 2 次重试失败
2026-05-14 08:41:23 | INFO    | [TC-02] [22/447] ✅ 宝坻 0.0mm 抓取成功
2026-05-14 08:41:24 | WARNING | [北京城区] 第 3 次重试失败
2026-05-14 08:41:25 | INFO    | [TC-02] [23/447] ✅ 东丽 0.0mm 抓取成功
2026-05-14 08:41:26 | ERROR   | [TC-02] [24/447] ❌ 北京城区 抓取失败
2026-05-14 08:41:26 | WARNING | [霞云岭] 第 3 次重试失败
2026-05-14 08:41:27 | INFO    | [TC-02] [25/447] ✅ 西青 0.0mm 抓取成功
2026-05-14 08:41:28 | INFO    | [TC-02] [26/447] ✅ 北辰 0.0mm 抓取成功
2026-05-14 08:41:28 | INFO    | [TC-02] [27/447] ✅ 蓟县 0.0mm 抓取成功
2026-05-14 08:41:29 | ERROR   | [TC-02] [28/447] ❌ 霞云岭 抓取失败
2026-05-14 08:41:29 | INFO    | [TC-02] [29/447] ✅ 汉沽 0.0mm 抓取成功
2026-05-14 08:41:31 | INFO    | [TC-02] [30/447] ✅ 静海 0.0mm 抓取成功
2026-05-14 08:41:31 | INFO    | [TC-02] [31/447] ✅ 塘沽 0.0mm 抓取成功
2026-05-14 08:41:31 | INFO    | [TC-02] [32/447] ✅ 津南 0.0mm 抓取成功
2026-05-14 08:41:33 | INFO    | [TC-02] [33/447] ✅ 宁河 0.0mm 抓取成功
2026-05-14 08:41:33 | INFO    | [TC-02] [34/447] ✅ 武清 0.0mm 抓取成功
2026-05-14 08:41:33 | INFO    | [TC-02] [35/447] ✅ 大港 0.0mm 抓取成功
2026-05-14 08:41:34 | INFO    | [TC-02] [36/447] ✅ 嘉定 0.0mm 抓取成功
2026-05-14 08:41:35 | INFO    | [TC-02] [37/447] ✅ 宝山 0.0mm 抓取成功
2026-05-14 08:41:35 | INFO    | [TC-02] [38/447] ✅ 上海 0.0mm 抓取成功
2026-05-14 08:41:37 | INFO    | [TC-02] [39/447] ✅ 南汇 0.0mm 抓取成功
2026-05-14 08:41:37 | INFO    | [TC-02] [40/447] ✅ 青浦 0.1mm 抓取成功
2026-05-14 08:41:37 | INFO    | [TC-02] [41/447] ✅ 浦东 0.0mm 抓取成功
2026-05-14 08:41:39 | INFO    | [TC-02] [42/447] ✅ 奉贤 0.0mm 抓取成功
2026-05-14 08:41:39 | INFO    | [TC-02] [43/447] ✅ 松江 0.0mm 抓取成功
2026-05-14 08:41:40 | INFO    | [TC-02] [44/447] ✅ 崇明 0.0mm 抓取成功
2026-05-14 08:41:41 | INFO    | [TC-02] [45/447] ✅ 闵行 0.0mm 抓取成功
2026-05-14 08:41:41 | INFO    | [TC-02] [46/447] ✅ 徐家汇 0.0mm 抓取成功
2026-05-14 08:41:41 | INFO    | [TC-02] [47/447] ✅ 金山 0.0mm 抓取成功
2026-05-14 08:41:43 | INFO    | [TC-02] [48/447] ✅ 承德 0.0mm 抓取成功
2026-05-14 08:41:43 | INFO    | [TC-02] [49/447] ✅ 张家口 4.9mm 抓取成功
2026-05-14 08:41:43 | INFO    | [TC-02] [50/447] ✅ 石家庄 0.0mm 抓取成功
2026-05-14 08:41:44 | INFO    | [TC-02] [51/447] ✅ 秦皇岛 0.0mm 抓取成功
2026-05-14 08:41:45 | INFO    | [TC-02] [52/447] ✅ 唐山 0.0mm 抓取成功
2026-05-14 08:41:46 | INFO    | [TC-02] [53/447] ✅ 邢台 0.0mm 抓取成功
2026-05-14 08:41:46 | INFO    | [TC-02] [54/447] ✅ 沧州 0.0mm 抓取成功
2026-05-14 08:41:46 | INFO    | [TC-02] [55/447] ✅ 衡水 0.0mm 抓取成功
2026-05-14 08:41:47 | INFO    | [TC-02] [56/447] ✅ 邯郸 0.0mm 抓取成功
2026-05-14 08:41:48 | INFO    | [TC-02] [57/447] ✅ 保定 0.0mm 抓取成功
2026-05-14 08:41:49 | INFO    | [TC-02] [58/447] ✅ 廊坊 0.0mm 抓取成功
2026-05-14 08:41:50 | INFO    | [TC-02] [59/447] ✅ 郑州 0.0mm 抓取成功
2026-05-14 08:41:50 | INFO    | [TC-02] [60/447] ✅ 新乡 0.0mm 抓取成功
2026-05-14 08:41:50 | INFO    | [TC-02] [61/447] ✅ 许昌 0.0mm 抓取成功
2026-05-14 08:41:52 | INFO    | [TC-02] [62/447] ✅ 信阳 0.0mm 抓取成功
2026-05-14 08:41:52 | INFO    | [TC-02] [63/447] ✅ 平顶山 55.8mm 抓取成功
2026-05-14 08:41:53 | INFO    | [TC-02] [64/447] ✅ 南阳 19.7mm 抓取成功
2026-05-14 08:41:54 | INFO    | [TC-02] [65/447] ✅ 开封 0.0mm 抓取成功
2026-05-14 08:41:55 | INFO    | [TC-02] [66/447] ✅ 洛阳 4.5mm 抓取成功
2026-05-14 08:41:56 | INFO    | [TC-02] [67/447] ✅ 商丘 0.0mm 抓取成功
2026-05-14 08:41:56 | INFO    | [TC-02] [68/447] ✅ 焦作 0.0mm 抓取成功
2026-05-14 08:41:56 | INFO    | [TC-02] [69/447] ✅ 鹤壁 0.0mm 抓取成功
2026-05-14 08:41:58 | INFO    | [TC-02] [70/447] ✅ 濮阳 0.0mm 抓取成功
2026-05-14 08:41:59 | INFO    | [TC-02] [71/447] ✅ 周口 0.0mm 抓取成功
2026-05-14 08:41:59 | INFO    | [TC-02] [72/447] ✅ 漯河 1.7mm 抓取成功
2026-05-14 08:42:01 | INFO    | [TC-02] [73/447] ✅ 济源 0.2mm 抓取成功
2026-05-14 08:42:01 | INFO    | [TC-02] [74/447] ✅ 驻马店 5.9mm 抓取成功
2026-05-14 08:42:01 | INFO    | [TC-02] [75/447] ✅ 三门峡 11.5mm 抓取成功
2026-05-14 08:42:03 | INFO    | [TC-02] [76/447] ✅ 安阳 0.0mm 抓取成功
2026-05-14 08:42:03 | INFO    | [TC-02] [77/447] ✅ 合肥 0.1mm 抓取成功
2026-05-14 08:42:03 | INFO    | [TC-02] [78/447] ✅ 芜湖 0.0mm 抓取成功
2026-05-14 08:42:04 | INFO    | [TC-02] [79/447] ✅ 淮南 0.0mm 抓取成功
2026-05-14 08:42:05 | INFO    | [TC-02] [80/447] ✅ 马鞍山 0.0mm 抓取成功
2026-05-14 08:42:06 | INFO    | [TC-02] [81/447] ✅ 安庆 1.8mm 抓取成功
2026-05-14 08:42:06 | INFO    | [TC-02] [82/447] ✅ 阜阳 0.0mm 抓取成功
2026-05-14 08:42:07 | INFO    | [TC-02] [83/447] ✅ 宿州 0.0mm 抓取成功
2026-05-14 08:42:07 | INFO    | [TC-02] [84/447] ✅ 亳州 0.0mm 抓取成功
2026-05-14 08:42:09 | INFO    | [TC-02] [85/447] ✅ 黄山 2.9mm 抓取成功
2026-05-14 08:42:09 | INFO    | [TC-02] [86/447] ✅ 滁州 0.0mm 抓取成功
2026-05-14 08:42:09 | INFO    | [TC-02] [87/447] ✅ 淮北 0.0mm 抓取成功
2026-05-14 08:42:11 | INFO    | [TC-02] [88/447] ✅ 宣城 0.0mm 抓取成功
2026-05-14 08:42:11 | INFO    | [TC-02] [89/447] ✅ 铜陵 0.3mm 抓取成功
2026-05-14 08:42:11 | INFO    | [TC-02] [90/447] ✅ 六安 0.2mm 抓取成功
2026-05-14 08:42:12 | INFO    | [TC-02] [91/447] ✅ 池州 1.7mm 抓取成功
2026-05-14 08:42:13 | WARNING | [巢湖] 第 1 次重试失败
2026-05-14 08:42:14 | INFO    | [TC-02] [92/447] ✅ 蚌埠 0.0mm 抓取成功
2026-05-14 08:42:15 | INFO    | [TC-02] [93/447] ✅ 杭州 0.0mm 抓取成功
2026-05-14 08:42:15 | INFO    | [TC-02] [94/447] ✅ 舟山 0.0mm 抓取成功
2026-05-14 08:42:16 | INFO    | [TC-02] [95/447] ✅ 湖州 0.0mm 抓取成功
2026-05-14 08:42:17 | INFO    | [TC-02] [96/447] ✅ 嘉兴 0.0mm 抓取成功
2026-05-14 08:42:18 | WARNING | [巢湖] 第 2 次重试失败
2026-05-14 08:42:19 | INFO    | [TC-02] [97/447] ✅ 绍兴 0.0mm 抓取成功
2026-05-14 08:42:19 | INFO    | [TC-02] [98/447] ✅ 金华 11.6mm 抓取成功
2026-05-14 08:42:20 | INFO    | [TC-02] [99/447] ✅ 台州 1.3mm 抓取成功
2026-05-14 08:42:21 | WARNING | [巢湖] 第 3 次重试失败
2026-05-14 08:42:21 | INFO    | [TC-02] [100/447] ✅ 温州 0.1mm 抓取成功
2026-05-14 08:42:23 | INFO    | [TC-02] [101/447] ✅ 丽水 0.6mm 抓取成功
2026-05-14 08:42:23 | ERROR   | [TC-02] [102/447] ❌ 巢湖 抓取失败
2026-05-14 08:42:23 | INFO    | [TC-02] [103/447] ✅ 衢州 24.0mm 抓取成功
2026-05-14 08:42:25 | INFO    | [TC-02] [104/447] ✅ 宁波 0.0mm 抓取成功
2026-05-14 08:42:25 | INFO    | [TC-02] [105/447] ✅ 合川 0.0mm 抓取成功
2026-05-14 08:42:26 | INFO    | [TC-02] [106/447] ✅ 重庆 0.0mm 抓取成功
2026-05-14 08:42:28 | INFO    | [TC-02] [107/447] ✅ 江津 0.0mm 抓取成功
2026-05-14 08:42:28 | INFO    | [TC-02] [108/447] ✅ 南川 0.0mm 抓取成功
2026-05-14 08:42:28 | INFO    | [TC-02] [109/447] ✅ 万盛 0.0mm 抓取成功
2026-05-14 08:42:29 | INFO    | [TC-02] [110/447] ✅ 渝北 0.0mm 抓取成功
2026-05-14 08:42:29 | INFO    | [TC-02] [111/447] ✅ 巴南 0.0mm 抓取成功
2026-05-14 08:42:30 | INFO    | [TC-02] [112/447] ✅ 北碚 0.0mm 抓取成功
2026-05-14 08:42:31 | INFO    | [TC-02] [113/447] ✅ 黔江 0.1mm 抓取成功
2026-05-14 08:42:31 | INFO    | [TC-02] [114/447] ✅ 长寿 0.0mm 抓取成功
2026-05-14 08:42:32 | INFO    | [TC-02] [115/447] ✅ 万州天城 0.0mm 抓取成功
2026-05-14 08:42:32 | INFO    | [TC-02] [116/447] ✅ 涪陵 0.0mm 抓取成功
2026-05-14 08:42:33 | INFO    | [TC-02] [117/447] ✅ 万州龙宝 0.0mm 抓取成功
2026-05-14 08:42:33 | INFO    | [TC-02] [118/447] ✅ 开县 0.0mm 抓取成功
2026-05-14 08:42:34 | INFO    | [TC-02] [119/447] ✅ 城口 0.2mm 抓取成功
2026-05-14 08:42:34 | INFO    | [TC-02] [120/447] ✅ 巫溪 0.0mm 抓取成功
2026-05-14 08:42:36 | INFO    | [TC-02] [121/447] ✅ 云阳 0.0mm 抓取成功
2026-05-14 08:42:36 | INFO    | [TC-02] [122/447] ✅ 奉节 0.0mm 抓取成功
2026-05-14 08:42:37 | INFO    | [TC-02] [123/447] ✅ 巫山 0.0mm 抓取成功
2026-05-14 08:42:37 | INFO    | [TC-02] [124/447] ✅ 潼南 0.0mm 抓取成功
2026-05-14 08:42:38 | INFO    | [TC-02] [125/447] ✅ 垫江 0.0mm 抓取成功
2026-05-14 08:42:39 | INFO    | [TC-02] [126/447] ✅ 梁平 0.0mm 抓取成功
2026-05-14 08:42:39 | INFO    | [TC-02] [127/447] ✅ 石柱 0.0mm 抓取成功
2026-05-14 08:42:39 | INFO    | [TC-02] [128/447] ✅ 忠县 0.0mm 抓取成功
2026-05-14 08:42:40 | INFO    | [TC-02] [129/447] ✅ 大足 0.0mm 抓取成功
2026-05-14 08:42:40 | INFO    | [TC-02] [130/447] ✅ 荣昌 0.0mm 抓取成功
2026-05-14 08:42:41 | INFO    | [TC-02] [131/447] ✅ 铜梁 0.0mm 抓取成功
2026-05-14 08:42:42 | INFO    | [TC-02] [132/447] ✅ 丰都 0.0mm 抓取成功
2026-05-14 08:42:42 | INFO    | [TC-02] [133/447] ✅ 武隆 0.1mm 抓取成功
2026-05-14 08:42:42 | INFO    | [TC-02] [134/447] ✅ 璧山 0.9mm 抓取成功
2026-05-14 08:42:43 | INFO    | [TC-02] [135/447] ✅ 綦江 0.0mm 抓取成功
2026-05-14 08:42:44 | INFO    | [TC-02] [136/447] ✅ 彭水 0.0mm 抓取成功
2026-05-14 08:42:44 | INFO    | [TC-02] [137/447] ✅ 酉阳 0.0mm 抓取成功
2026-05-14 08:42:45 | INFO    | [TC-02] [138/447] ✅ 秀山 0.1mm 抓取成功
2026-05-14 08:42:45 | INFO    | [TC-02] [139/447] ✅ 沙坪坝 0.0mm 抓取成功
2026-05-14 08:42:46 | INFO    | [TC-02] [140/447] ✅ 永川 0.0mm 抓取成功
2026-05-14 08:42:47 | INFO    | [TC-02] [141/447] ✅ 泉州 49.7mm 抓取成功
2026-05-14 08:42:47 | INFO    | [TC-02] [142/447] ✅ 福州 50.9mm 抓取成功
2026-05-14 08:42:48 | INFO    | [TC-02] [143/447] ✅ 龙岩 141.6mm 抓取成功
2026-05-14 08:42:48 | INFO    | [TC-02] [144/447] ✅ 漳州 63.7mm 抓取成功
2026-05-14 08:42:49 | INFO    | [TC-02] [145/447] ✅ 晋江 73.3mm 抓取成功
2026-05-14 08:42:49 | INFO    | [TC-02] [146/447] ✅ 厦门 40.1mm 抓取成功
2026-05-14 08:42:50 | INFO    | [TC-02] [147/447] ✅ 南平 51.8mm 抓取成功
2026-05-14 08:42:50 | INFO    | [TC-02] [148/447] ✅ 莆田 91.9mm 抓取成功
2026-05-14 08:42:51 | INFO    | [TC-02] [149/447] ✅ 宁德 20.4mm 抓取成功
2026-05-14 08:42:51 | INFO    | [TC-02] [150/447] ✅ 三明 103.4mm 抓取成功
2026-05-14 08:42:53 | INFO    | [TC-02] [151/447] ✅ 兰州 0.0mm 抓取成功
2026-05-14 08:42:53 | INFO    | [TC-02] [152/447] ✅ 庆阳 0.0mm 抓取成功
2026-05-14 08:42:53 | INFO    | [TC-02] [153/447] ✅ 平凉 0.0mm 抓取成功
2026-05-14 08:42:54 | INFO    | [TC-02] [154/447] ✅ 武威 0.0mm 抓取成功
2026-05-14 08:42:54 | INFO    | [TC-02] [155/447] ✅ 金昌 0.0mm 抓取成功
2026-05-14 08:42:56 | INFO    | [TC-02] [156/447] ✅ 嘉峪关 0.0mm 抓取成功
2026-05-14 08:42:56 | INFO    | [TC-02] [157/447] ✅ 酒泉 0.0mm 抓取成功
2026-05-14 08:42:57 | INFO    | [TC-02] [158/447] ✅ 天水 0.3mm 抓取成功
2026-05-14 08:42:59 | INFO    | [TC-02] [159/447] ✅ 合作 0.0mm 抓取成功
2026-05-14 08:42:59 | INFO    | [TC-02] [160/447] ✅ 武都 0.0mm 抓取成功
2026-05-14 08:42:59 | INFO    | [TC-02] [161/447] ✅ 临夏 0.0mm 抓取成功
2026-05-14 08:43:00 | INFO    | [TC-02] [162/447] ✅ 张掖 0.0mm 抓取成功
2026-05-14 08:43:01 | INFO    | [TC-02] [163/447] ✅ 定西 0.0mm 抓取成功
2026-05-14 08:43:01 | INFO    | [TC-02] [164/447] ✅ 白银 0.0mm 抓取成功
2026-05-14 08:43:02 | INFO    | [TC-02] [165/447] ✅ 惠州 0.0mm 抓取成功
2026-05-14 08:43:03 | INFO    | [TC-02] [166/447] ✅ 广州 0.0mm 抓取成功
2026-05-14 08:43:03 | INFO    | [TC-02] [167/447] ✅ 梅州 32.4mm 抓取成功
2026-05-14 08:43:05 | INFO    | [TC-02] [168/447] ✅ 汕头 0.0mm 抓取成功
2026-05-14 08:43:05 | INFO    | [TC-02] [169/447] ✅ 深圳 0.1mm 抓取成功
2026-05-14 08:43:06 | INFO    | [TC-02] [170/447] ✅ 珠海 0.0mm 抓取成功
2026-05-14 08:43:07 | INFO    | [TC-02] [171/447] ✅ 佛山 0.1mm 抓取成功
2026-05-14 08:43:08 | INFO    | [TC-02] [172/447] ✅ 肇庆 0.0mm 抓取成功
2026-05-14 08:43:08 | INFO    | [TC-02] [173/447] ✅ 湛江 0.0mm 抓取成功
2026-05-14 08:43:09 | INFO    | [TC-02] [174/447] ✅ 江门 0.0mm 抓取成功
2026-05-14 08:43:10 | INFO    | [TC-02] [175/447] ✅ 河源 1.3mm 抓取成功
2026-05-14 08:43:10 | INFO    | [TC-02] [176/447] ✅ 清远 0.3mm 抓取成功
2026-05-14 08:43:11 | INFO    | [TC-02] [177/447] ✅ 潮州 0.4mm 抓取成功
2026-05-14 08:43:11 | INFO    | [TC-02] [178/447] ✅ 云浮 0.3mm 抓取成功
2026-05-14 08:43:12 | INFO    | [TC-02] [179/447] ✅ 东莞 0.2mm 抓取成功
2026-05-14 08:43:13 | INFO    | [TC-02] [180/447] ✅ 中山 0.0mm 抓取成功
2026-05-14 08:43:14 | INFO    | [TC-02] [181/447] ✅ 阳江 0.0mm 抓取成功
2026-05-14 08:43:14 | INFO    | [TC-02] [182/447] ✅ 茂名 0.0mm 抓取成功
2026-05-14 08:43:14 | INFO    | [TC-02] [183/447] ✅ 揭阳 0.2mm 抓取成功
2026-05-14 08:43:15 | INFO    | [TC-02] [184/447] ✅ 韶关 84.5mm 抓取成功
2026-05-14 08:43:16 | INFO    | [TC-02] [185/447] ✅ 汕尾 0.0mm 抓取成功
2026-05-14 08:43:17 | INFO    | [TC-02] [186/447] ✅ 南宁 1.5mm 抓取成功
2026-05-14 08:43:17 | INFO    | [TC-02] [187/447] ✅ 柳州 0.1mm 抓取成功
2026-05-14 08:43:17 | INFO    | [TC-02] [188/447] ✅ 来宾 0.0mm 抓取成功
2026-05-14 08:43:18 | INFO    | [TC-02] [189/447] ✅ 梧州 25.8mm 抓取成功
2026-05-14 08:43:19 | INFO    | [TC-02] [190/447] ✅ 桂林 16.3mm 抓取成功
2026-05-14 08:43:19 | INFO    | [TC-02] [191/447] ✅ 防城港 0.4mm 抓取成功
2026-05-14 08:43:20 | INFO    | [TC-02] [192/447] ✅ 贵港 0.0mm 抓取成功
2026-05-14 08:43:20 | INFO    | [TC-02] [193/447] ✅ 玉林 0.1mm 抓取成功
2026-05-14 08:43:21 | INFO    | [TC-02] [194/447] ✅ 百色 0.3mm 抓取成功
2026-05-14 08:43:22 | INFO    | [TC-02] [195/447] ✅ 钦州 0.0mm 抓取成功
2026-05-14 08:43:22 | INFO    | [TC-02] [196/447] ✅ 河池 0.0mm 抓取成功
2026-05-14 08:43:23 | INFO    | [TC-02] [197/447] ✅ 北海 0.0mm 抓取成功
2026-05-14 08:43:23 | INFO    | [TC-02] [198/447] ✅ 崇左 0.0mm 抓取成功
2026-05-14 08:43:24 | INFO    | [TC-02] [199/447] ✅ 贺州 11.1mm 抓取成功
2026-05-14 08:43:24 | INFO    | [TC-02] [200/447] ✅ 贵阳 0.0mm 抓取成功
2026-05-14 08:43:25 | INFO    | [TC-02] [201/447] ✅ 安顺 0.0mm 抓取成功
2026-05-14 08:43:26 | INFO    | [TC-02] [202/447] ✅ 都匀 0.0mm 抓取成功
2026-05-14 08:43:26 | INFO    | [TC-02] [203/447] ✅ 兴义 0.0mm 抓取成功
2026-05-14 08:43:27 | INFO    | [TC-02] [204/447] ✅ 铜仁 0.0mm 抓取成功
2026-05-14 08:43:28 | INFO    | [TC-02] [205/447] ✅ 毕节 0.0mm 抓取成功
2026-05-14 08:43:29 | INFO    | [TC-02] [206/447] ✅ 六盘水 0.0mm 抓取成功
2026-05-14 08:43:29 | INFO    | [TC-02] [207/447] ✅ 遵义 0.6mm 抓取成功
2026-05-14 08:43:30 | INFO    | [TC-02] [208/447] ✅ 昆明 0.0mm 抓取成功
2026-05-14 08:43:30 | INFO    | [TC-02] [209/447] ✅ 红河 0.0mm 抓取成功
2026-05-14 08:43:31 | INFO    | [TC-02] [210/447] ✅ 凯里 0.0mm 抓取成功
2026-05-14 08:43:32 | INFO    | [TC-02] [211/447] ✅ 玉溪 0.0mm 抓取成功
2026-05-14 08:43:32 | INFO    | [TC-02] [212/447] ✅ 文山 0.0mm 抓取成功
2026-05-14 08:43:32 | INFO    | [TC-02] [213/447] ✅ 楚雄 0.0mm 抓取成功
2026-05-14 08:43:33 | INFO    | [TC-02] [214/447] ✅ 昭通 0.0mm 抓取成功
2026-05-14 08:43:34 | INFO    | [TC-02] [215/447] ✅ 临沧 0.0mm 抓取成功
2026-05-14 08:43:34 | INFO    | [TC-02] [216/447] ✅ 普洱 0.0mm 抓取成功
2026-05-14 08:43:35 | INFO    | [TC-02] [217/447] ✅ 怒江 0.0mm 抓取成功
2026-05-14 08:43:36 | INFO    | [TC-02] [218/447] ✅ 丽江 0.0mm 抓取成功
2026-05-14 08:43:36 | INFO    | [TC-02] [219/447] ✅ 香格里拉 0.0mm 抓取成功
2026-05-14 08:43:37 | INFO    | [TC-02] [220/447] ✅ 德宏 0.0mm 抓取成功
2026-05-14 08:43:38 | INFO    | [TC-02] [221/447] ✅ 景洪 0.0mm 抓取成功
2026-05-14 08:43:38 | INFO    | [TC-02] [222/447] ✅ 大理 0.0mm 抓取成功
2026-05-14 08:43:38 | INFO    | [TC-02] [223/447] ✅ 曲靖 0.0mm 抓取成功
2026-05-14 08:43:39 | INFO    | [TC-02] [224/447] ✅ 保山 0.0mm 抓取成功
2026-05-14 08:43:40 | INFO    | [TC-02] [225/447] ✅ 呼和浩特 0.0mm 抓取成功
2026-05-14 08:43:41 | INFO    | [TC-02] [226/447] ✅ 乌海 0.0mm 抓取成功
2026-05-14 08:43:42 | INFO    | [TC-02] [227/447] ✅ 集宁 0.0mm 抓取成功
2026-05-14 08:43:42 | INFO    | [TC-02] [228/447] ✅ 通辽 0.0mm 抓取成功
2026-05-14 08:43:43 | INFO    | [TC-02] [229/447] ✅ 鄂尔多斯 0.0mm 抓取成功
2026-05-14 08:43:43 | INFO    | [TC-02] [230/447] ✅ 阿拉善左旗 0.2mm 抓取成功
2026-05-14 08:43:44 | INFO    | [TC-02] [231/447] ✅ 临河 0.0mm 抓取成功
2026-05-14 08:43:45 | INFO    | [TC-02] [232/447] ✅ 锡林浩特 0.0mm 抓取成功
2026-05-14 08:43:45 | WARNING | [呼伦贝尔] 第 1 次重试失败
2026-05-14 08:43:46 | INFO    | [TC-02] [233/447] ✅ 乌兰浩特 0.0mm 抓取成功
2026-05-14 08:43:46 | INFO    | [TC-02] [234/447] ✅ 包头 0.0mm 抓取成功
2026-05-14 08:43:48 | INFO    | [TC-02] [235/447] ✅ 赤峰 0.0mm 抓取成功
2026-05-14 08:43:49 | INFO    | [TC-02] [236/447] ✅ 南昌 23.6mm 抓取成功
2026-05-14 08:43:49 | WARNING | [呼伦贝尔] 第 2 次重试失败
2026-05-14 08:43:50 | INFO    | [TC-02] [237/447] ✅ 上饶 6.9mm 抓取成功
2026-05-14 08:43:51 | INFO    | [TC-02] [238/447] ✅ 抚州 36.5mm 抓取成功
2026-05-14 08:43:52 | INFO    | [TC-02] [239/447] ✅ 宜春 14.5mm 抓取成功
2026-05-14 08:43:53 | INFO    | [TC-02] [240/447] ✅ 鹰潭 38.0mm 抓取成功
2026-05-14 08:43:53 | WARNING | [呼伦贝尔] 第 3 次重试失败
2026-05-14 08:43:53 | INFO    | [TC-02] [241/447] ✅ 赣州 7.6mm 抓取成功
2026-05-14 08:43:54 | INFO    | [TC-02] [242/447] ✅ 景德镇 6.1mm 抓取成功
2026-05-14 08:43:55 | ERROR   | [TC-02] [243/447] ❌ 呼伦贝尔 抓取失败
2026-05-14 08:43:55 | INFO    | [TC-02] [244/447] ✅ 新余 9.5mm 抓取成功
2026-05-14 08:43:55 | INFO    | [TC-02] [245/447] ✅ 萍乡 12.3mm 抓取成功
2026-05-14 08:43:57 | INFO    | [TC-02] [246/447] ✅ 吉安 22.2mm 抓取成功
2026-05-14 08:43:57 | INFO    | [TC-02] [247/447] ✅ 九江 3.8mm 抓取成功
2026-05-14 08:43:58 | INFO    | [TC-02] [248/447] ✅ 武汉 0.2mm 抓取成功
2026-05-14 08:43:59 | INFO    | [TC-02] [249/447] ✅ 黄冈 0.0mm 抓取成功
2026-05-14 08:43:59 | INFO    | [TC-02] [250/447] ✅ 荆州 0.0mm 抓取成功
2026-05-14 08:44:00 | INFO    | [TC-02] [251/447] ✅ 宜昌 1.7mm 抓取成功
2026-05-14 08:44:01 | INFO    | [TC-02] [252/447] ✅ 恩施 0.0mm 抓取成功
2026-05-14 08:44:01 | INFO    | [TC-02] [253/447] ✅ 神农架 0.0mm 抓取成功
2026-05-14 08:44:01 | INFO    | [TC-02] [254/447] ✅ 十堰 4.7mm 抓取成功
2026-05-14 08:44:02 | INFO    | [TC-02] [255/447] ✅ 随州 0.0mm 抓取成功
2026-05-14 08:44:03 | INFO    | [TC-02] [256/447] ✅ 天门 0.0mm 抓取成功
2026-05-14 08:44:03 | INFO    | [TC-02] [257/447] ✅ 荆门 0.5mm 抓取成功
2026-05-14 08:44:04 | INFO    | [TC-02] [258/447] ✅ 仙桃 1.1mm 抓取成功
2026-05-14 08:44:05 | INFO    | [TC-02] [259/447] ✅ 潜江 0.0mm 抓取成功
2026-05-14 08:44:05 | INFO    | [TC-02] [260/447] ✅ 襄樊 0.5mm 抓取成功
2026-05-14 08:44:06 | INFO    | [TC-02] [261/447] ✅ 鄂州 0.6mm 抓取成功
2026-05-14 08:44:06 | INFO    | [TC-02] [262/447] ✅ 孝感 0.0mm 抓取成功
2026-05-14 08:44:06 | INFO    | [TC-02] [263/447] ✅ 黄石 0.9mm 抓取成功
2026-05-14 08:44:08 | INFO    | [TC-02] [264/447] ✅ 自贡 0.0mm 抓取成功
2026-05-14 08:44:08 | INFO    | [TC-02] [265/447] ✅ 咸宁 3.4mm 抓取成功
2026-05-14 08:44:09 | INFO    | [TC-02] [266/447] ✅ 成都 0.0mm 抓取成功
2026-05-14 08:44:10 | INFO    | [TC-02] [267/447] ✅ 绵阳 0.0mm 抓取成功
2026-05-14 08:44:10 | INFO    | [TC-02] [268/447] ✅ 达州 0.0mm 抓取成功
2026-05-14 08:44:11 | INFO    | [TC-02] [269/447] ✅ 南充 0.0mm 抓取成功
2026-05-14 08:44:12 | INFO    | [TC-02] [270/447] ✅ 广安 0.0mm 抓取成功
2026-05-14 08:44:12 | INFO    | [TC-02] [271/447] ✅ 巴中 0.0mm 抓取成功
2026-05-14 08:44:12 | INFO    | [TC-02] [272/447] ✅ 遂宁 0.0mm 抓取成功
2026-05-14 08:44:14 | INFO    | [TC-02] [273/447] ✅ 泸州 0.0mm 抓取成功
2026-05-14 08:44:14 | INFO    | [TC-02] [274/447] ✅ 宜宾 0.0mm 抓取成功
2026-05-14 08:44:14 | INFO    | [TC-02] [275/447] ✅ 内江 0.0mm 抓取成功
2026-05-14 08:44:16 | INFO    | [TC-02] [276/447] ✅ 眉山 0.0mm 抓取成功
2026-05-14 08:44:16 | INFO    | [TC-02] [277/447] ✅ 乐山 0.0mm 抓取成功
2026-05-14 08:44:16 | INFO    | [TC-02] [278/447] ✅ 资阳 0.0mm 抓取成功
2026-05-14 08:44:18 | INFO    | [TC-02] [279/447] ✅ 凉山 0.1mm 抓取成功
2026-05-14 08:44:18 | INFO    | [TC-02] [280/447] ✅ 雅安 0.0mm 抓取成功
2026-05-14 08:44:18 | INFO    | [TC-02] [281/447] ✅ 甘孜 0.0mm 抓取成功
2026-05-14 08:44:20 | INFO    | [TC-02] [282/447] ✅ 阿坝 0.0mm 抓取成功
2026-05-14 08:44:20 | INFO    | [TC-02] [283/447] ✅ 德阳 0.0mm 抓取成功
2026-05-14 08:44:21 | INFO    | [TC-02] [284/447] ✅ 广元 0.0mm 抓取成功
2026-05-14 08:44:22 | INFO    | [TC-02] [285/447] ✅ 银川 0.0mm 抓取成功
2026-05-14 08:44:22 | INFO    | [TC-02] [286/447] ✅ 攀枝花 0.0mm 抓取成功
2026-05-14 08:44:23 | INFO    | [TC-02] [287/447] ✅ 中卫 0.0mm 抓取成功
2026-05-14 08:44:24 | INFO    | [TC-02] [288/447] ✅ 石嘴山 0.0mm 抓取成功
2026-05-14 08:44:24 | INFO    | [TC-02] [289/447] ✅ 吴忠 0.0mm 抓取成功
2026-05-14 08:44:25 | INFO    | [TC-02] [290/447] ✅ 固原 0.0mm 抓取成功
2026-05-14 08:44:25 | INFO    | [TC-02] [291/447] ✅ 西宁 0.0mm 抓取成功
2026-05-14 08:44:25 | INFO    | [TC-02] [292/447] ✅ 黄南 2.1mm 抓取成功
2026-05-14 08:44:27 | INFO    | [TC-02] [293/447] ✅ 果洛 3.3mm 抓取成功
2026-05-14 08:44:27 | INFO    | [TC-02] [294/447] ✅ 海北 0.1mm 抓取成功
2026-05-14 08:44:27 | INFO    | [TC-02] [295/447] ✅ 玉树 0.0mm 抓取成功
2026-05-14 08:44:28 | INFO    | [TC-02] [296/447] ✅ 海西 2.1mm 抓取成功
2026-05-14 08:44:29 | INFO    | [TC-02] [297/447] ✅ 海东 0.0mm 抓取成功
2026-05-14 08:44:29 | INFO    | [TC-02] [298/447] ✅ 海南 6.3mm 抓取成功
2026-05-14 08:44:30 | INFO    | [TC-02] [299/447] ✅ 济南 0.0mm 抓取成功
2026-05-14 08:44:31 | INFO    | [TC-02] [300/447] ✅ 潍坊 0.0mm 抓取成功
2026-05-14 08:44:31 | INFO    | [TC-02] [301/447] ✅ 临沂 0.0mm 抓取成功
2026-05-14 08:44:32 | INFO    | [TC-02] [302/447] ✅ 菏泽 0.0mm 抓取成功
2026-05-14 08:44:33 | INFO    | [TC-02] [303/447] ✅ 滨州 0.0mm 抓取成功
2026-05-14 08:44:33 | INFO    | [TC-02] [304/447] ✅ 东营 0.0mm 抓取成功
2026-05-14 08:44:34 | INFO    | [TC-02] [305/447] ✅ 日照 0.0mm 抓取成功
2026-05-14 08:44:34 | INFO    | [TC-02] [306/447] ✅ 枣庄 0.0mm 抓取成功
2026-05-14 08:44:35 | INFO    | [TC-02] [307/447] ✅ 威海 0.0mm 抓取成功
2026-05-14 08:44:36 | INFO    | [TC-02] [308/447] ✅ 聊城 0.0mm 抓取成功
2026-05-14 08:44:36 | INFO    | [TC-02] [309/447] ✅ 莱芜 0.0mm 抓取成功
2026-05-14 08:44:37 | INFO    | [TC-02] [310/447] ✅ 青岛 0.0mm 抓取成功
2026-05-14 08:44:37 | INFO    | [TC-02] [311/447] ✅ 淄博 0.0mm 抓取成功
2026-05-14 08:44:38 | INFO    | [TC-02] [312/447] ✅ 德州 0.0mm 抓取成功
2026-05-14 08:44:39 | INFO    | [TC-02] [313/447] ✅ 烟台 0.0mm 抓取成功
2026-05-14 08:44:39 | INFO    | [TC-02] [314/447] ✅ 济宁 0.0mm 抓取成功
2026-05-14 08:44:39 | INFO    | [TC-02] [315/447] ✅ 泰安 0.0mm 抓取成功
2026-05-14 08:44:40 | INFO    | [TC-02] [316/447] ✅ 西安 8.5mm 抓取成功
2026-05-14 08:44:41 | INFO    | [TC-02] [317/447] ✅ 延安 3.6mm 抓取成功
2026-05-14 08:44:41 | INFO    | [TC-02] [318/447] ✅ 榆林 0.0mm 抓取成功
2026-05-14 08:44:42 | INFO    | [TC-02] [319/447] ✅ 铜川 0.0mm 抓取成功
2026-05-14 08:44:43 | INFO    | [TC-02] [320/447] ✅ 商洛 7.0mm 抓取成功
2026-05-14 08:44:44 | INFO    | [TC-02] [321/447] ✅ 安康 4.1mm 抓取成功
2026-05-14 08:44:44 | INFO    | [TC-02] [322/447] ✅ 汉中 0.2mm 抓取成功
2026-05-14 08:44:45 | INFO    | [TC-02] [323/447] ✅ 宝鸡 0.0mm 抓取成功
2026-05-14 08:44:46 | INFO    | [TC-02] [324/447] ✅ 渭南 0.0mm 抓取成功
2026-05-14 08:44:46 | INFO    | [TC-02] [325/447] ✅ 咸阳 10.7mm 抓取成功
2026-05-14 08:44:47 | INFO    | [TC-02] [326/447] ✅ 太原 0.0mm 抓取成功
2026-05-14 08:44:48 | INFO    | [TC-02] [327/447] ✅ 运城 12.3mm 抓取成功
2026-05-14 08:44:48 | INFO    | [TC-02] [328/447] ✅ 临汾 0.0mm 抓取成功
2026-05-14 08:44:49 | INFO    | [TC-02] [329/447] ✅ 朔州 0.0mm 抓取成功
2026-05-14 08:44:50 | INFO    | [TC-02] [330/447] ✅ 长治 0.0mm 抓取成功
2026-05-14 08:44:50 | INFO    | [TC-02] [331/447] ✅ 忻州 0.0mm 抓取成功
2026-05-14 08:44:52 | INFO    | [TC-02] [332/447] ✅ 大同 0.0mm 抓取成功
2026-05-14 08:44:52 | INFO    | [TC-02] [333/447] ✅ 晋中 0.0mm 抓取成功
2026-05-14 08:44:53 | INFO    | [TC-02] [334/447] ✅ 阳泉 0.0mm 抓取成功
2026-05-14 08:44:54 | INFO    | [TC-02] [335/447] ✅ 晋城 0.0mm 抓取成功
2026-05-14 08:44:54 | INFO    | [TC-02] [336/447] ✅ 乌鲁木齐 0.0mm 抓取成功
2026-05-14 08:44:54 | INFO    | [TC-02] [337/447] ✅ 吕梁 0.0mm 抓取成功
2026-05-14 08:44:56 | INFO    | [TC-02] [338/447] ✅ 吐鲁番 0.0mm 抓取成功
2026-05-14 08:44:56 | INFO    | [TC-02] [339/447] ✅ 石河子 0.0mm 抓取成功
2026-05-14 08:44:57 | INFO    | [TC-02] [340/447] ✅ 昌吉 0.0mm 抓取成功
2026-05-14 08:44:58 | INFO    | [TC-02] [341/447] ✅ 阿拉尔 0.0mm 抓取成功
2026-05-14 08:44:58 | INFO    | [TC-02] [342/447] ✅ 库尔勒 0.5mm 抓取成功
2026-05-14 08:44:59 | INFO    | [TC-02] [343/447] ✅ 阿克苏 0.0mm 抓取成功
2026-05-14 08:45:00 | INFO    | [TC-02] [344/447] ✅ 伊宁 0.0mm 抓取成功
2026-05-14 08:45:00 | INFO    | [TC-02] [345/447] ✅ 喀什 0.0mm 抓取成功
2026-05-14 08:45:01 | INFO    | [TC-02] [346/447] ✅ 塔城 0.0mm 抓取成功
2026-05-14 08:45:02 | INFO    | [TC-02] [347/447] ✅ 哈密 0.0mm 抓取成功
2026-05-14 08:45:02 | INFO    | [TC-02] [348/447] ✅ 和田 0.0mm 抓取成功
2026-05-14 08:45:03 | INFO    | [TC-02] [349/447] ✅ 阿勒泰 0.0mm 抓取成功
2026-05-14 08:45:04 | INFO    | [TC-02] [350/447] ✅ 阿图什 14.0mm 抓取成功
2026-05-14 08:45:05 | INFO    | [TC-02] [351/447] ✅ 博乐 0.0mm 抓取成功
2026-05-14 08:45:05 | INFO    | [TC-02] [352/447] ✅ 克拉玛依 0.0mm 抓取成功
2026-05-14 08:45:06 | INFO    | [TC-02] [353/447] ✅ 拉萨 0.0mm 抓取成功
2026-05-14 08:45:06 | INFO    | [TC-02] [354/447] ✅ 山南 4.1mm 抓取成功
2026-05-14 08:45:07 | INFO    | [TC-02] [355/447] ✅ 阿里 0.0mm 抓取成功
2026-05-14 08:45:09 | INFO    | [TC-02] [356/447] ✅ 昌都 0.0mm 抓取成功
2026-05-14 08:45:09 | INFO    | [TC-02] [357/447] ✅ 那曲 3.4mm 抓取成功
2026-05-14 08:45:09 | INFO    | [TC-02] [358/447] ✅ 日喀则 0.0mm 抓取成功
2026-05-14 08:45:10 | INFO    | [TC-02] [359/447] ✅ 林芝 1.2mm 抓取成功
2026-05-14 08:45:10 | INFO    | [TC-02] [360/447] ✅ 高雄 0.0mm 抓取成功
2026-05-14 08:45:11 | INFO    | [TC-02] [361/447] ✅ 台北县 0.0mm 抓取成功
2026-05-14 08:45:12 | INFO    | [TC-02] [362/447] ✅ 海口 0.0mm 抓取成功
2026-05-14 08:45:13 | INFO    | [TC-02] [363/447] ✅ 台中 0.0mm 抓取成功
2026-05-14 08:45:13 | INFO    | [TC-02] [364/447] ✅ 三亚 0.0mm 抓取成功
2026-05-14 08:45:15 | INFO    | [TC-02] [365/447] ✅ 东方 0.0mm 抓取成功
2026-05-14 08:45:15 | INFO    | [TC-02] [366/447] ✅ 临高 0.0mm 抓取成功
2026-05-14 08:45:15 | INFO    | [TC-02] [367/447] ✅ 澄迈 0.0mm 抓取成功
2026-05-14 08:45:16 | INFO    | [TC-02] [368/447] ✅ 儋州 0.0mm 抓取成功
2026-05-14 08:45:17 | INFO    | [TC-02] [369/447] ✅ 白沙 0.0mm 抓取成功
2026-05-14 08:45:17 | INFO    | [TC-02] [370/447] ✅ 昌江 0.0mm 抓取成功
2026-05-14 08:45:18 | INFO    | [TC-02] [371/447] ✅ 定安 0.0mm 抓取成功
2026-05-14 08:45:19 | INFO    | [TC-02] [372/447] ✅ 琼中 0.0mm 抓取成功
2026-05-14 08:45:19 | INFO    | [TC-02] [373/447] ✅ 屯昌 15.3mm 抓取成功
2026-05-14 08:45:20 | INFO    | [TC-02] [374/447] ✅ 琼海 0.0mm 抓取成功
2026-05-14 08:45:21 | INFO    | [TC-02] [375/447] ✅ 文昌 0.0mm 抓取成功
2026-05-14 08:45:22 | INFO    | [TC-02] [376/447] ✅ 保亭 0.0mm 抓取成功
2026-05-14 08:45:22 | INFO    | [TC-02] [377/447] ✅ 万宁 0.0mm 抓取成功
2026-05-14 08:45:23 | INFO    | [TC-02] [378/447] ✅ 陵水 0.0mm 抓取成功
2026-05-14 08:45:24 | INFO    | [TC-02] [379/447] ✅ 西沙 0.0mm 抓取成功
2026-05-14 08:45:24 | INFO    | [TC-02] [380/447] ✅ 南沙岛 0.0mm 抓取成功
2026-05-14 08:45:25 | INFO    | [TC-02] [381/447] ✅ 五指山 0.0mm 抓取成功
2026-05-14 08:45:25 | INFO    | [TC-02] [382/447] ✅ 琼山 0.0mm 抓取成功
2026-05-14 08:45:26 | INFO    | [TC-02] [383/447] ✅ 乐东 0.0mm 抓取成功
2026-05-14 08:45:26 | INFO    | [TC-02] [384/447] ✅ 长沙 32.1mm 抓取成功
2026-05-14 08:45:27 | INFO    | [TC-02] [385/447] ✅ 株洲 1.5mm 抓取成功
2026-05-14 08:45:28 | INFO    | [TC-02] [386/447] ✅ 衡阳 35.3mm 抓取成功
2026-05-14 08:45:28 | INFO    | [TC-02] [387/447] ✅ 郴州 11.2mm 抓取成功
2026-05-14 08:45:29 | INFO    | [TC-02] [388/447] ✅ 常德 9.1mm 抓取成功
2026-05-14 08:45:29 | INFO    | [TC-02] [389/447] ✅ 娄底 0.2mm 抓取成功
2026-05-14 08:45:30 | INFO    | [TC-02] [390/447] ✅ 益阳 30.4mm 抓取成功
2026-05-14 08:45:30 | INFO    | [TC-02] [391/447] ✅ 邵阳 17.7mm 抓取成功
2026-05-14 08:45:31 | INFO    | [TC-02] [392/447] ✅ 岳阳 2.0mm 抓取成功
2026-05-14 08:45:32 | INFO    | [TC-02] [393/447] ✅ 张家界 3.0mm 抓取成功
2026-05-14 08:45:33 | WARNING | [黔阳] 第 1 次重试失败
2026-05-14 08:45:33 | INFO    | [TC-02] [394/447] ✅ 怀化 1.3mm 抓取成功
2026-05-14 08:45:33 | INFO    | [TC-02] [395/447] ✅ 永州 12.0mm 抓取成功
2026-05-14 08:45:35 | INFO    | [TC-02] [396/447] ✅ 吉首 0.1mm 抓取成功
2026-05-14 08:45:36 | INFO    | [TC-02] [397/447] ✅ 湘潭 0.2mm 抓取成功
2026-05-14 08:45:36 | WARNING | [黔阳] 第 2 次重试失败
2026-05-14 08:45:37 | INFO    | [TC-02] [398/447] ✅ 南京 0.0mm 抓取成功
2026-05-14 08:45:38 | INFO    | [TC-02] [399/447] ✅ 镇江 0.0mm 抓取成功
2026-05-14 08:45:39 | INFO    | [TC-02] [400/447] ✅ 苏州 0.0mm 抓取成功
2026-05-14 08:45:40 | INFO    | [TC-02] [401/447] ✅ 南通 0.0mm 抓取成功
2026-05-14 08:45:40 | WARNING | [黔阳] 第 3 次重试失败
2026-05-14 08:45:41 | INFO    | [TC-02] [402/447] ✅ 扬州 0.0mm 抓取成功
2026-05-14 08:45:41 | INFO    | [TC-02] [403/447] ✅ 宿迁 0.0mm 抓取成功
2026-05-14 08:45:42 | INFO    | [TC-02] [404/447] ✅ 淮安 0.0mm 抓取成功
2026-05-14 08:45:43 | INFO    | [TC-02] [405/447] ✅ 徐州 0.0mm 抓取成功
2026-05-14 08:45:43 | ERROR   | [TC-02] [406/447] ❌ 黔阳 抓取失败
2026-05-14 08:45:45 | INFO    | [TC-02] [407/447] ✅ 泰州 0.0mm 抓取成功
2026-05-14 08:45:45 | INFO    | [TC-02] [408/447] ✅ 常州 0.0mm 抓取成功
2026-05-14 08:45:45 | INFO    | [TC-02] [409/447] ✅ 连云港 0.0mm 抓取成功
2026-05-14 08:45:47 | INFO    | [TC-02] [410/447] ✅ 盐城 0.0mm 抓取成功
2026-05-14 08:45:47 | INFO    | [TC-02] [411/447] ✅ 无锡 0.0mm 抓取成功
2026-05-14 08:45:47 | INFO    | [TC-02] [412/447] ✅ 哈尔滨 0.0mm 抓取成功
2026-05-14 08:45:48 | INFO    | [TC-02] [413/447] ✅ 牡丹江 0.0mm 抓取成功
2026-05-14 08:45:49 | INFO    | [TC-02] [414/447] ✅ 佳木斯 0.0mm 抓取成功
2026-05-14 08:45:49 | INFO    | [TC-02] [415/447] ✅ 黑河 0.0mm 抓取成功
2026-05-14 08:45:49 | INFO    | [TC-02] [416/447] ✅ 绥化 0.0mm 抓取成功
2026-05-14 08:45:50 | INFO    | [TC-02] [417/447] ✅ 双鸭山 0.0mm 抓取成功
2026-05-14 08:45:51 | INFO    | [TC-02] [418/447] ✅ 伊春 0.0mm 抓取成功
2026-05-14 08:45:52 | INFO    | [TC-02] [419/447] ✅ 大庆 0.0mm 抓取成功
2026-05-14 08:45:53 | INFO    | [TC-02] [420/447] ✅ 七台河 0.0mm 抓取成功
2026-05-14 08:45:53 | INFO    | [TC-02] [421/447] ✅ 鸡西 0.0mm 抓取成功
2026-05-14 08:45:53 | INFO    | [TC-02] [422/447] ✅ 鹤岗 0.0mm 抓取成功
2026-05-14 08:45:54 | INFO    | [TC-02] [423/447] ✅ 齐齐哈尔 0.0mm 抓取成功
2026-05-14 08:45:54 | INFO    | [TC-02] [424/447] ✅ 大兴安岭 0.0mm 抓取成功
2026-05-14 08:45:55 | INFO    | [TC-02] [425/447] ✅ 长春 0.0mm 抓取成功
2026-05-14 08:45:56 | INFO    | [TC-02] [426/447] ✅ 延吉 0.0mm 抓取成功
2026-05-14 08:45:57 | INFO    | [TC-02] [427/447] ✅ 四平 0.0mm 抓取成功
2026-05-14 08:45:57 | INFO    | [TC-02] [428/447] ✅ 白山 0.0mm 抓取成功
2026-05-14 08:45:58 | INFO    | [TC-02] [429/447] ✅ 白城 0.0mm 抓取成功
2026-05-14 08:45:59 | INFO    | [TC-02] [430/447] ✅ 辽源 0.0mm 抓取成功
2026-05-14 08:45:59 | INFO    | [TC-02] [431/447] ✅ 松原 0.0mm 抓取成功
2026-05-14 08:46:00 | INFO    | [TC-02] [432/447] ✅ 吉林 0.0mm 抓取成功
2026-05-14 08:46:01 | INFO    | [TC-02] [433/447] ✅ 通化 0.0mm 抓取成功
2026-05-14 08:46:02 | INFO    | [TC-02] [434/447] ✅ 沈阳 0.0mm 抓取成功
2026-05-14 08:46:02 | INFO    | [TC-02] [435/447] ✅ 鞍山 0.0mm 抓取成功
2026-05-14 08:46:03 | INFO    | [TC-02] [436/447] ✅ 抚顺 0.0mm 抓取成功
2026-05-14 08:46:03 | INFO    | [TC-02] [437/447] ✅ 丹东 0.0mm 抓取成功
2026-05-14 08:46:03 | INFO    | [TC-02] [438/447] ✅ 本溪 0.0mm 抓取成功
2026-05-14 08:46:05 | WARNING | [葫芦岛] 第 1 次重试失败
2026-05-14 08:46:05 | INFO    | [TC-02] [439/447] ✅ 阜新 0.0mm 抓取成功
2026-05-14 08:46:06 | INFO    | [TC-02] [440/447] ✅ 营口 0.0mm 抓取成功
2026-05-14 08:46:07 | INFO    | [TC-02] [441/447] ✅ 辽阳 0.0mm 抓取成功
2026-05-14 08:46:08 | INFO    | [TC-02] [442/447] ✅ 铁岭 0.0mm 抓取成功
2026-05-14 08:46:09 | WARNING | [葫芦岛] 第 2 次重试失败
2026-05-14 08:46:09 | INFO    | [TC-02] [443/447] ✅ 朝阳 0.0mm 抓取成功
2026-05-14 08:46:09 | INFO    | [TC-02] [444/447] ✅ 盘锦 0.0mm 抓取成功
2026-05-14 08:46:11 | INFO    | [TC-02] [445/447] ✅ 锦州 0.0mm 抓取成功
2026-05-14 08:46:11 | INFO    | [TC-02] [446/447] ✅ 大连 0.0mm 抓取成功
2026-05-14 08:46:12 | WARNING | [葫芦岛] 第 3 次重试失败
2026-05-14 08:46:15 | ERROR   | [TC-02] [447/447] ❌ 葫芦岛 抓取失败
2026-05-14 08:46:15 | INFO    | [TC-03] 多城市批量抓取测试通过 | 成功：438 失败：9
2026-05-14 08:46:15 | WARNING | 发现 3 个城市在 city 表中不存在，已跳过：
2026-05-14 08:46:15 | WARNING | 缺失城市：高雄，city_id=101340201，rainfall=0.0
2026-05-14 08:46:15 | WARNING | 缺失城市：台北县，city_id=101340101，rainfall=0.0
2026-05-14 08:46:15 | WARNING | 缺失城市：台中，city_id=101340401，rainfall=0.0
2026-05-14 08:46:15 | INFO    | [TC-04] 数据写入数据库测试通过 | 共 435 条
2026-05-14 08:46:15 | INFO    | [TC-05] 重复数据更新测试通过 | 已自动覆盖更新
2026-05-14 08:46:16 | INFO    | [TC-06] 城市名称同步测试通过 | 受影响行数：421
2026-05-14 08:46:16 | WARNING | [TC-07] 失败城市已记录 | 共 9 个
2026-05-14 08:46:16 | INFO    | 
======================================================================
2026-05-14 08:46:16 | INFO    | 🏁 全部测试项执行完成 | 总耗时：322.33 秒
2026-05-14 08:46:16 | INFO    | ======================================================================
