2026-05-11 15:44:28 | INFO    | ======================================================================
2026-05-11 15:44:28 | INFO    |               降雨量爬虫 测试用例自动验证
2026-05-11 15:44:28 | INFO    | ======================================================================
2026-05-11 15:44:28 | INFO    | [TC-01] 城市列表读取测试通过 | 共读取 447 个城市
2026-05-11 15:44:28 | INFO    | [TC-03] 开始多城市批量抓取测试 | 线程数：3
2026-05-11 15:44:30 | INFO    | [TC-02] [1/447] ✅ 北京 0.0mm 抓取成功
2026-05-11 15:44:30 | INFO    | [TC-02] [2/447] ✅ 顺义 0.0mm 抓取成功
2026-05-11 15:44:30 | INFO    | [TC-02] [3/447] ✅ 朝阳 0.0mm 抓取成功
2026-05-11 15:44:31 | INFO    | [TC-02] [4/447] ✅ 怀柔 0.0mm 抓取成功
2026-05-11 15:44:32 | INFO    | [TC-02] [5/447] ✅ 通州 0.0mm 抓取成功
2026-05-11 15:44:32 | INFO    | [TC-02] [6/447] ✅ 昌平 0.0mm 抓取成功
2026-05-11 15:44:33 | INFO    | [TC-02] [7/447] ✅ 延庆 0.0mm 抓取成功
2026-05-11 15:44:34 | INFO    | [TC-02] [8/447] ✅ 大兴 0.0mm 抓取成功
2026-05-11 15:44:35 | INFO    | [TC-02] [9/447] ✅ 石景山 0.0mm 抓取成功
2026-05-11 15:44:35 | INFO    | [TC-02] [10/447] ✅ 丰台 0.0mm 抓取成功
2026-05-11 15:44:36 | INFO    | [TC-02] [11/447] ✅ 密云 0.0mm 抓取成功
2026-05-11 15:44:37 | INFO    | [TC-02] [12/447] ✅ 门头沟 0.0mm 抓取成功
2026-05-11 15:44:37 | INFO    | [TC-02] [13/447] ✅ 房山 0.0mm 抓取成功
2026-05-11 15:44:37 | INFO    | [TC-02] [14/447] ✅ 平谷 0.1mm 抓取成功
2026-05-11 15:44:39 | INFO    | [TC-02] [15/447] ✅ 佛爷顶 0.0mm 抓取成功
2026-05-11 15:44:39 | WARNING | [汤河口] 第 1 次重试失败
2026-05-11 15:44:40 | INFO    | [TC-02] [16/447] ✅ 八达岭 0.0mm 抓取成功
2026-05-11 15:44:41 | WARNING | [斋堂] 第 1 次重试失败
2026-05-11 15:44:41 | WARNING | [密云上甸子] 第 1 次重试失败
2026-05-11 15:44:42 | WARNING | [汤河口] 第 2 次重试失败
2026-05-11 15:44:45 | WARNING | [密云上甸子] 第 2 次重试失败
2026-05-11 15:44:45 | WARNING | [斋堂] 第 2 次重试失败
2026-05-11 15:44:46 | WARNING | [汤河口] 第 3 次重试失败
2026-05-11 15:44:48 | ERROR   | [TC-02] [17/447] ❌ 汤河口 抓取失败
2026-05-11 15:44:48 | WARNING | [斋堂] 第 3 次重试失败
2026-05-11 15:44:50 | WARNING | [霞云岭] 第 1 次重试失败
2026-05-11 15:44:50 | WARNING | [密云上甸子] 第 3 次重试失败
2026-05-11 15:44:51 | ERROR   | [TC-02] [18/447] ❌ 斋堂 抓取失败
2026-05-11 15:44:52 | WARNING | [北京城区] 第 1 次重试失败
2026-05-11 15:44:52 | ERROR   | [TC-02] [19/447] ❌ 密云上甸子 抓取失败
2026-05-11 15:44:54 | WARNING | [霞云岭] 第 2 次重试失败
2026-05-11 15:44:55 | INFO    | [TC-02] [20/447] ✅ 海淀 0.0mm 抓取成功
2026-05-11 15:44:56 | INFO    | [TC-02] [21/447] ✅ 天津 0.0mm 抓取成功
2026-05-11 15:44:56 | WARNING | [北京城区] 第 2 次重试失败
2026-05-11 15:44:57 | WARNING | [霞云岭] 第 3 次重试失败
2026-05-11 15:44:58 | INFO    | [TC-02] [22/447] ✅ 宝坻 0.0mm 抓取成功
2026-05-11 15:45:00 | INFO    | [TC-02] [23/447] ✅ 东丽 0.0mm 抓取成功
2026-05-11 15:45:00 | WARNING | [北京城区] 第 3 次重试失败
2026-05-11 15:45:00 | ERROR   | [TC-02] [24/447] ❌ 霞云岭 抓取失败
2026-05-11 15:45:01 | INFO    | [TC-02] [25/447] ✅ 西青 0.0mm 抓取成功
2026-05-11 15:45:03 | ERROR   | [TC-02] [26/447] ❌ 北京城区 抓取失败
2026-05-11 15:45:03 | INFO    | [TC-02] [27/447] ✅ 北辰 0.0mm 抓取成功
2026-05-11 15:45:03 | INFO    | [TC-02] [28/447] ✅ 蓟县 0.0mm 抓取成功
2026-05-11 15:45:04 | INFO    | [TC-02] [29/447] ✅ 汉沽 0.0mm 抓取成功
2026-05-11 15:45:04 | INFO    | [TC-02] [30/447] ✅ 静海 0.0mm 抓取成功
2026-05-11 15:45:05 | INFO    | [TC-02] [31/447] ✅ 津南 0.0mm 抓取成功
2026-05-11 15:45:05 | INFO    | [TC-02] [32/447] ✅ 塘沽 0.0mm 抓取成功
2026-05-11 15:45:06 | INFO    | [TC-02] [33/447] ✅ 大港 0.0mm 抓取成功
2026-05-11 15:45:07 | INFO    | [TC-02] [34/447] ✅ 武清 0.0mm 抓取成功
2026-05-11 15:45:07 | INFO    | [TC-02] [35/447] ✅ 宁河 0.0mm 抓取成功
2026-05-11 15:45:08 | INFO    | [TC-02] [36/447] ✅ 上海 0.0mm 抓取成功
2026-05-11 15:45:09 | INFO    | [TC-02] [37/447] ✅ 宝山 0.0mm 抓取成功
2026-05-11 15:45:10 | INFO    | [TC-02] [38/447] ✅ 嘉定 0.0mm 抓取成功
2026-05-11 15:45:10 | INFO    | [TC-02] [39/447] ✅ 南汇 0.0mm 抓取成功
2026-05-11 15:45:11 | INFO    | [TC-02] [40/447] ✅ 浦东 0.0mm 抓取成功
2026-05-11 15:45:11 | INFO    | [TC-02] [41/447] ✅ 青浦 0.0mm 抓取成功
2026-05-11 15:45:12 | INFO    | [TC-02] [42/447] ✅ 奉贤 0.0mm 抓取成功
2026-05-11 15:45:12 | INFO    | [TC-02] [43/447] ✅ 松江 0.0mm 抓取成功
2026-05-11 15:45:14 | INFO    | [TC-02] [44/447] ✅ 崇明 0.0mm 抓取成功
2026-05-11 15:45:14 | INFO    | [TC-02] [45/447] ✅ 闵行 0.0mm 抓取成功
2026-05-11 15:45:14 | INFO    | [TC-02] [46/447] ✅ 徐家汇 0.0mm 抓取成功
2026-05-11 15:45:15 | INFO    | [TC-02] [47/447] ✅ 金山 0.0mm 抓取成功
2026-05-11 15:45:15 | INFO    | [TC-02] [48/447] ✅ 石家庄 0.5mm 抓取成功
2026-05-11 15:45:16 | INFO    | [TC-02] [49/447] ✅ 张家口 0.0mm 抓取成功
2026-05-11 15:45:17 | INFO    | [TC-02] [50/447] ✅ 承德 0.0mm 抓取成功
2026-05-11 15:45:17 | INFO    | [TC-02] [51/447] ✅ 唐山 0.0mm 抓取成功
2026-05-11 15:45:18 | INFO    | [TC-02] [52/447] ✅ 秦皇岛 1.2mm 抓取成功
2026-05-11 15:45:19 | INFO    | [TC-02] [53/447] ✅ 沧州 0.0mm 抓取成功
2026-05-11 15:45:19 | INFO    | [TC-02] [54/447] ✅ 衡水 0.0mm 抓取成功
2026-05-11 15:45:20 | INFO    | [TC-02] [55/447] ✅ 邢台 0.0mm 抓取成功
2026-05-11 15:45:20 | INFO    | [TC-02] [56/447] ✅ 保定 0.0mm 抓取成功
2026-05-11 15:45:21 | INFO    | [TC-02] [57/447] ✅ 廊坊 0.0mm 抓取成功
2026-05-11 15:45:21 | INFO    | [TC-02] [58/447] ✅ 邯郸 0.0mm 抓取成功
2026-05-11 15:45:23 | INFO    | [TC-02] [59/447] ✅ 郑州 0.0mm 抓取成功
2026-05-11 15:45:23 | INFO    | [TC-02] [60/447] ✅ 新乡 3.2mm 抓取成功
2026-05-11 15:45:23 | INFO    | [TC-02] [61/447] ✅ 许昌 0.0mm 抓取成功
2026-05-11 15:45:24 | INFO    | [TC-02] [62/447] ✅ 平顶山 0.0mm 抓取成功
2026-05-11 15:45:25 | INFO    | [TC-02] [63/447] ✅ 信阳 0.0mm 抓取成功
2026-05-11 15:45:26 | INFO    | [TC-02] [64/447] ✅ 南阳 0.0mm 抓取成功
2026-05-11 15:45:26 | INFO    | [TC-02] [65/447] ✅ 开封 0.0mm 抓取成功
2026-05-11 15:45:27 | INFO    | [TC-02] [66/447] ✅ 洛阳 0.0mm 抓取成功
2026-05-11 15:45:27 | INFO    | [TC-02] [67/447] ✅ 商丘 1.0mm 抓取成功
2026-05-11 15:45:28 | INFO    | [TC-02] [68/447] ✅ 焦作 0.0mm 抓取成功
2026-05-11 15:45:28 | INFO    | [TC-02] [69/447] ✅ 濮阳 0.3mm 抓取成功
2026-05-11 15:45:29 | INFO    | [TC-02] [70/447] ✅ 鹤壁 0.0mm 抓取成功
2026-05-11 15:45:29 | INFO    | [TC-02] [71/447] ✅ 周口 0.0mm 抓取成功
2026-05-11 15:45:30 | INFO    | [TC-02] [72/447] ✅ 漯河 0.0mm 抓取成功
2026-05-11 15:45:30 | INFO    | [TC-02] [73/447] ✅ 驻马店 0.0mm 抓取成功
2026-05-11 15:45:31 | INFO    | [TC-02] [74/447] ✅ 三门峡 0.0mm 抓取成功
2026-05-11 15:45:32 | INFO    | [TC-02] [75/447] ✅ 济源 0.0mm 抓取成功
2026-05-11 15:45:33 | INFO    | [TC-02] [76/447] ✅ 芜湖 0.0mm 抓取成功
2026-05-11 15:45:33 | INFO    | [TC-02] [77/447] ✅ 安阳 0.0mm 抓取成功
2026-05-11 15:45:33 | INFO    | [TC-02] [78/447] ✅ 合肥 0.0mm 抓取成功
2026-05-11 15:45:34 | INFO    | [TC-02] [79/447] ✅ 安庆 0.0mm 抓取成功
2026-05-11 15:45:35 | INFO    | [TC-02] [80/447] ✅ 马鞍山 0.0mm 抓取成功
2026-05-11 15:45:35 | INFO    | [TC-02] [81/447] ✅ 淮南 0.0mm 抓取成功
2026-05-11 15:45:36 | INFO    | [TC-02] [82/447] ✅ 宿州 0.0mm 抓取成功
2026-05-11 15:45:36 | INFO    | [TC-02] [83/447] ✅ 亳州 0.0mm 抓取成功
2026-05-11 15:45:36 | INFO    | [TC-02] [84/447] ✅ 阜阳 0.0mm 抓取成功
2026-05-11 15:45:37 | INFO    | [TC-02] [85/447] ✅ 滁州 0.0mm 抓取成功
2026-05-11 15:45:37 | INFO    | [TC-02] [86/447] ✅ 黄山 0.0mm 抓取成功
2026-05-11 15:45:38 | INFO    | [TC-02] [87/447] ✅ 淮北 0.0mm 抓取成功
2026-05-11 15:45:39 | INFO    | [TC-02] [88/447] ✅ 铜陵 0.0mm 抓取成功
2026-05-11 15:45:39 | INFO    | [TC-02] [89/447] ✅ 六安 0.0mm 抓取成功
2026-05-11 15:45:40 | INFO    | [TC-02] [90/447] ✅ 宣城 0.0mm 抓取成功
2026-05-11 15:45:41 | INFO    | [TC-02] [91/447] ✅ 池州 0.0mm 抓取成功
2026-05-11 15:45:41 | WARNING | [巢湖] 第 1 次重试失败
2026-05-11 15:45:42 | INFO    | [TC-02] [92/447] ✅ 杭州 0.0mm 抓取成功
2026-05-11 15:45:42 | INFO    | [TC-02] [93/447] ✅ 蚌埠 0.0mm 抓取成功
2026-05-11 15:45:44 | INFO    | [TC-02] [94/447] ✅ 湖州 0.0mm 抓取成功
2026-05-11 15:45:45 | INFO    | [TC-02] [95/447] ✅ 舟山 0.0mm 抓取成功
2026-05-11 15:45:46 | WARNING | [巢湖] 第 2 次重试失败
2026-05-11 15:45:46 | INFO    | [TC-02] [96/447] ✅ 嘉兴 0.0mm 抓取成功
2026-05-11 15:45:47 | INFO    | [TC-02] [97/447] ✅ 金华 0.0mm 抓取成功
2026-05-11 15:45:48 | INFO    | [TC-02] [98/447] ✅ 绍兴 0.0mm 抓取成功
2026-05-11 15:45:49 | INFO    | [TC-02] [99/447] ✅ 温州 0.0mm 抓取成功
2026-05-11 15:45:50 | INFO    | [TC-02] [100/447] ✅ 台州 0.0mm 抓取成功
2026-05-11 15:45:50 | WARNING | [巢湖] 第 3 次重试失败
2026-05-11 15:45:51 | INFO    | [TC-02] [101/447] ✅ 衢州 0.0mm 抓取成功
2026-05-11 15:45:51 | INFO    | [TC-02] [102/447] ✅ 丽水 0.0mm 抓取成功
2026-05-11 15:45:53 | ERROR   | [TC-02] [103/447] ❌ 巢湖 抓取失败
2026-05-11 15:45:54 | INFO    | [TC-02] [104/447] ✅ 宁波 0.0mm 抓取成功
2026-05-11 15:45:54 | INFO    | [TC-02] [105/447] ✅ 重庆 0.0mm 抓取成功
2026-05-11 15:45:55 | INFO    | [TC-02] [106/447] ✅ 合川 0.0mm 抓取成功
2026-05-11 15:45:55 | INFO    | [TC-02] [107/447] ✅ 江津 0.0mm 抓取成功
2026-05-11 15:45:56 | INFO    | [TC-02] [108/447] ✅ 南川 0.0mm 抓取成功
2026-05-11 15:45:56 | INFO    | [TC-02] [109/447] ✅ 万盛 0.0mm 抓取成功
2026-05-11 15:45:58 | INFO    | [TC-02] [110/447] ✅ 北碚 0.0mm 抓取成功
2026-05-11 15:45:58 | INFO    | [TC-02] [111/447] ✅ 渝北 0.0mm 抓取成功
2026-05-11 15:45:58 | INFO    | [TC-02] [112/447] ✅ 巴南 0.0mm 抓取成功
2026-05-11 15:45:59 | INFO    | [TC-02] [113/447] ✅ 长寿 0.0mm 抓取成功
2026-05-11 15:46:00 | INFO    | [TC-02] [114/447] ✅ 万州天城 0.0mm 抓取成功
2026-05-11 15:46:00 | INFO    | [TC-02] [115/447] ✅ 黔江 0.0mm 抓取成功
2026-05-11 15:46:01 | INFO    | [TC-02] [116/447] ✅ 万州龙宝 0.0mm 抓取成功
2026-05-11 15:46:02 | INFO    | [TC-02] [117/447] ✅ 城口 0.0mm 抓取成功
2026-05-11 15:46:02 | INFO    | [TC-02] [118/447] ✅ 开县 0.0mm 抓取成功
2026-05-11 15:46:03 | INFO    | [TC-02] [119/447] ✅ 涪陵 0.0mm 抓取成功
2026-05-11 15:46:04 | INFO    | [TC-02] [120/447] ✅ 云阳 0.0mm 抓取成功
2026-05-11 15:46:05 | INFO    | [TC-02] [121/447] ✅ 巫溪 0.0mm 抓取成功
2026-05-11 15:46:05 | INFO    | [TC-02] [122/447] ✅ 奉节 0.0mm 抓取成功
2026-05-11 15:46:07 | INFO    | [TC-02] [123/447] ✅ 巫山 0.0mm 抓取成功
2026-05-11 15:46:07 | INFO    | [TC-02] [124/447] ✅ 潼南 0.0mm 抓取成功
2026-05-11 15:46:07 | INFO    | [TC-02] [125/447] ✅ 垫江 0.0mm 抓取成功
2026-05-11 15:46:08 | INFO    | [TC-02] [126/447] ✅ 梁平 0.0mm 抓取成功
2026-05-11 15:46:08 | INFO    | [TC-02] [127/447] ✅ 忠县 0.0mm 抓取成功
2026-05-11 15:46:09 | INFO    | [TC-02] [128/447] ✅ 石柱 0.0mm 抓取成功
2026-05-11 15:46:10 | INFO    | [TC-02] [129/447] ✅ 大足 0.0mm 抓取成功
2026-05-11 15:46:10 | INFO    | [TC-02] [130/447] ✅ 荣昌 0.0mm 抓取成功
2026-05-11 15:46:11 | INFO    | [TC-02] [131/447] ✅ 铜梁 0.0mm 抓取成功
2026-05-11 15:46:12 | INFO    | [TC-02] [132/447] ✅ 丰都 0.0mm 抓取成功
2026-05-11 15:46:12 | INFO    | [TC-02] [133/447] ✅ 璧山 0.0mm 抓取成功
2026-05-11 15:46:12 | INFO    | [TC-02] [134/447] ✅ 武隆 0.0mm 抓取成功
2026-05-11 15:46:14 | INFO    | [TC-02] [135/447] ✅ 彭水 0.0mm 抓取成功
2026-05-11 15:46:14 | INFO    | [TC-02] [136/447] ✅ 酉阳 0.0mm 抓取成功
2026-05-11 15:46:15 | INFO    | [TC-02] [137/447] ✅ 綦江 0.0mm 抓取成功
2026-05-11 15:46:15 | INFO    | [TC-02] [138/447] ✅ 秀山 0.0mm 抓取成功
2026-05-11 15:46:16 | INFO    | [TC-02] [139/447] ✅ 沙坪坝 0.0mm 抓取成功
2026-05-11 15:46:16 | INFO    | [TC-02] [140/447] ✅ 永川 0.0mm 抓取成功
2026-05-11 15:46:17 | INFO    | [TC-02] [141/447] ✅ 福州 0.0mm 抓取成功
2026-05-11 15:46:18 | INFO    | [TC-02] [142/447] ✅ 泉州 0.0mm 抓取成功
2026-05-11 15:46:18 | INFO    | [TC-02] [143/447] ✅ 漳州 0.0mm 抓取成功
2026-05-11 15:46:19 | INFO    | [TC-02] [144/447] ✅ 龙岩 0.0mm 抓取成功
2026-05-11 15:46:20 | INFO    | [TC-02] [145/447] ✅ 南平 0.2mm 抓取成功
2026-05-11 15:46:20 | INFO    | [TC-02] [146/447] ✅ 晋江 0.0mm 抓取成功
2026-05-11 15:46:21 | INFO    | [TC-02] [147/447] ✅ 厦门 0.0mm 抓取成功
2026-05-11 15:46:23 | INFO    | [TC-02] [148/447] ✅ 宁德 1.4mm 抓取成功
2026-05-11 15:46:23 | INFO    | [TC-02] [149/447] ✅ 莆田 0.0mm 抓取成功
2026-05-11 15:46:24 | INFO    | [TC-02] [150/447] ✅ 三明 0.0mm 抓取成功
2026-05-11 15:46:24 | INFO    | [TC-02] [151/447] ✅ 兰州 0.0mm 抓取成功
2026-05-11 15:46:25 | INFO    | [TC-02] [152/447] ✅ 平凉 0.0mm 抓取成功
2026-05-11 15:46:26 | INFO    | [TC-02] [153/447] ✅ 庆阳 0.0mm 抓取成功
2026-05-11 15:46:26 | INFO    | [TC-02] [154/447] ✅ 武威 0.0mm 抓取成功
2026-05-11 15:46:27 | INFO    | [TC-02] [155/447] ✅ 嘉峪关 0.0mm 抓取成功
2026-05-11 15:46:27 | INFO    | [TC-02] [156/447] ✅ 金昌 0.0mm 抓取成功
2026-05-11 15:46:28 | INFO    | [TC-02] [157/447] ✅ 天水 0.0mm 抓取成功
2026-05-11 15:46:29 | INFO    | [TC-02] [158/447] ✅ 酒泉 0.0mm 抓取成功
2026-05-11 15:46:30 | INFO    | [TC-02] [159/447] ✅ 武都 0.0mm 抓取成功
2026-05-11 15:46:30 | INFO    | [TC-02] [160/447] ✅ 合作 0.0mm 抓取成功
2026-05-11 15:46:30 | INFO    | [TC-02] [161/447] ✅ 临夏 0.0mm 抓取成功
2026-05-11 15:46:31 | INFO    | [TC-02] [162/447] ✅ 定西 0.0mm 抓取成功
2026-05-11 15:46:32 | INFO    | [TC-02] [163/447] ✅ 张掖 0.0mm 抓取成功
2026-05-11 15:46:32 | INFO    | [TC-02] [164/447] ✅ 白银 0.0mm 抓取成功
2026-05-11 15:46:33 | INFO    | [TC-02] [165/447] ✅ 广州 0.0mm 抓取成功
2026-05-11 15:46:34 | INFO    | [TC-02] [166/447] ✅ 梅州 0.0mm 抓取成功
2026-05-11 15:46:34 | INFO    | [TC-02] [167/447] ✅ 惠州 0.0mm 抓取成功
2026-05-11 15:46:35 | INFO    | [TC-02] [168/447] ✅ 汕头 0.0mm 抓取成功
2026-05-11 15:46:35 | INFO    | [TC-02] [169/447] ✅ 珠海 0.0mm 抓取成功
2026-05-11 15:46:36 | INFO    | [TC-02] [170/447] ✅ 深圳 0.0mm 抓取成功
2026-05-11 15:46:37 | INFO    | [TC-02] [171/447] ✅ 佛山 0.0mm 抓取成功
2026-05-11 15:46:37 | INFO    | [TC-02] [172/447] ✅ 肇庆 0.0mm 抓取成功
2026-05-11 15:46:37 | INFO    | [TC-02] [173/447] ✅ 湛江 0.0mm 抓取成功
2026-05-11 15:46:39 | INFO    | [TC-02] [174/447] ✅ 河源 0.0mm 抓取成功
2026-05-11 15:46:39 | INFO    | [TC-02] [175/447] ✅ 江门 0.0mm 抓取成功
2026-05-11 15:46:40 | INFO    | [TC-02] [176/447] ✅ 清远 0.1mm 抓取成功
2026-05-11 15:46:40 | INFO    | [TC-02] [177/447] ✅ 潮州 0.0mm 抓取成功
2026-05-11 15:46:41 | INFO    | [TC-02] [178/447] ✅ 云浮 0.2mm 抓取成功
2026-05-11 15:46:41 | INFO    | [TC-02] [179/447] ✅ 东莞 0.0mm 抓取成功
2026-05-11 15:46:42 | INFO    | [TC-02] [180/447] ✅ 揭阳 0.0mm 抓取成功
2026-05-11 15:46:42 | INFO    | [TC-02] [181/447] ✅ 阳江 0.0mm 抓取成功
2026-05-11 15:46:43 | INFO    | [TC-02] [182/447] ✅ 中山 0.1mm 抓取成功
2026-05-11 15:46:44 | INFO    | [TC-02] [183/447] ✅ 茂名 3.2mm 抓取成功
2026-05-11 15:46:45 | INFO    | [TC-02] [184/447] ✅ 汕尾 0.0mm 抓取成功
2026-05-11 15:46:45 | INFO    | [TC-02] [185/447] ✅ 韶关 0.0mm 抓取成功
2026-05-11 15:46:46 | INFO    | [TC-02] [186/447] ✅ 柳州 2.6mm 抓取成功
2026-05-11 15:46:46 | INFO    | [TC-02] [187/447] ✅ 南宁 0.0mm 抓取成功
2026-05-11 15:46:46 | INFO    | [TC-02] [188/447] ✅ 来宾 1.3mm 抓取成功
2026-05-11 15:46:47 | INFO    | [TC-02] [189/447] ✅ 桂林 1.5mm 抓取成功
2026-05-11 15:46:48 | INFO    | [TC-02] [190/447] ✅ 防城港 0.0mm 抓取成功
2026-05-11 15:46:48 | INFO    | [TC-02] [191/447] ✅ 梧州 0.3mm 抓取成功
2026-05-11 15:46:49 | INFO    | [TC-02] [192/447] ✅ 贵港 0.0mm 抓取成功
2026-05-11 15:46:49 | INFO    | [TC-02] [193/447] ✅ 玉林 0.0mm 抓取成功
2026-05-11 15:46:50 | INFO    | [TC-02] [194/447] ✅ 钦州 0.0mm 抓取成功
2026-05-11 15:46:51 | INFO    | [TC-02] [195/447] ✅ 百色 10.3mm 抓取成功
2026-05-11 15:46:51 | INFO    | [TC-02] [196/447] ✅ 河池 2.5mm 抓取成功
2026-05-11 15:46:53 | INFO    | [TC-02] [197/447] ✅ 贺州 0.0mm 抓取成功
2026-05-11 15:46:53 | INFO    | [TC-02] [198/447] ✅ 北海 5.7mm 抓取成功
2026-05-11 15:46:53 | INFO    | [TC-02] [199/447] ✅ 崇左 0.0mm 抓取成功
2026-05-11 15:46:54 | INFO    | [TC-02] [200/447] ✅ 贵阳 0.0mm 抓取成功
2026-05-11 15:46:55 | INFO    | [TC-02] [201/447] ✅ 安顺 0.0mm 抓取成功
2026-05-11 15:46:55 | INFO    | [TC-02] [202/447] ✅ 兴义 0.1mm 抓取成功
2026-05-11 15:46:55 | INFO    | [TC-02] [203/447] ✅ 都匀 0.0mm 抓取成功
2026-05-11 15:46:57 | INFO    | [TC-02] [204/447] ✅ 铜仁 0.0mm 抓取成功
2026-05-11 15:46:58 | INFO    | [TC-02] [205/447] ✅ 毕节 0.0mm 抓取成功
2026-05-11 15:46:58 | INFO    | [TC-02] [206/447] ✅ 六盘水 0.5mm 抓取成功
2026-05-11 15:46:58 | INFO    | [TC-02] [207/447] ✅ 遵义 0.0mm 抓取成功
2026-05-11 15:46:59 | INFO    | [TC-02] [208/447] ✅ 凯里 0.0mm 抓取成功
2026-05-11 15:46:59 | INFO    | [TC-02] [209/447] ✅ 昆明 8.9mm 抓取成功
2026-05-11 15:47:00 | INFO    | [TC-02] [210/447] ✅ 红河 3.3mm 抓取成功
2026-05-11 15:47:01 | INFO    | [TC-02] [211/447] ✅ 楚雄 7.7mm 抓取成功
2026-05-11 15:47:01 | INFO    | [TC-02] [212/447] ✅ 玉溪 2.9mm 抓取成功
2026-05-11 15:47:02 | INFO    | [TC-02] [213/447] ✅ 文山 14.6mm 抓取成功
2026-05-11 15:47:03 | INFO    | [TC-02] [214/447] ✅ 临沧 0.7mm 抓取成功
2026-05-11 15:47:04 | INFO    | [TC-02] [215/447] ✅ 昭通 1.2mm 抓取成功
2026-05-11 15:47:04 | INFO    | [TC-02] [216/447] ✅ 普洱 24.0mm 抓取成功
2026-05-11 15:47:05 | INFO    | [TC-02] [217/447] ✅ 怒江 8.5mm 抓取成功
2026-05-11 15:47:06 | INFO    | [TC-02] [218/447] ✅ 香格里拉 7.6mm 抓取成功
2026-05-11 15:47:06 | INFO    | [TC-02] [219/447] ✅ 丽江 21.0mm 抓取成功
2026-05-11 15:47:07 | INFO    | [TC-02] [220/447] ✅ 德宏 1.8mm 抓取成功
2026-05-11 15:47:08 | INFO    | [TC-02] [221/447] ✅ 景洪 2.0mm 抓取成功
2026-05-11 15:47:09 | INFO    | [TC-02] [222/447] ✅ 大理 6.3mm 抓取成功
2026-05-11 15:47:09 | INFO    | [TC-02] [223/447] ✅ 保山 4.3mm 抓取成功
2026-05-11 15:47:09 | INFO    | [TC-02] [224/447] ✅ 曲靖 1.5mm 抓取成功
2026-05-11 15:47:10 | INFO    | [TC-02] [225/447] ✅ 呼和浩特 0.0mm 抓取成功
2026-05-11 15:47:10 | INFO    | [TC-02] [226/447] ✅ 乌海 0.0mm 抓取成功
2026-05-11 15:47:11 | INFO    | [TC-02] [227/447] ✅ 集宁 0.2mm 抓取成功
2026-05-11 15:47:12 | INFO    | [TC-02] [228/447] ✅ 通辽 0.0mm 抓取成功
2026-05-11 15:47:12 | INFO    | [TC-02] [229/447] ✅ 阿拉善左旗 0.0mm 抓取成功
2026-05-11 15:47:13 | INFO    | [TC-02] [230/447] ✅ 鄂尔多斯 0.0mm 抓取成功
2026-05-11 15:47:14 | INFO    | [TC-02] [231/447] ✅ 锡林浩特 0.0mm 抓取成功
2026-05-11 15:47:14 | INFO    | [TC-02] [232/447] ✅ 临河 0.0mm 抓取成功
2026-05-11 15:47:15 | INFO    | [TC-02] [233/447] ✅ 乌兰浩特 0.0mm 抓取成功
2026-05-11 15:47:15 | WARNING | [呼伦贝尔] 第 1 次重试失败
2026-05-11 15:47:16 | INFO    | [TC-02] [234/447] ✅ 包头 0.0mm 抓取成功
2026-05-11 15:47:16 | INFO    | [TC-02] [235/447] ✅ 赤峰 0.5mm 抓取成功
2026-05-11 15:47:17 | INFO    | [TC-02] [236/447] ✅ 南昌 0.0mm 抓取成功
2026-05-11 15:47:18 | INFO    | [TC-02] [237/447] ✅ 上饶 0.0mm 抓取成功
2026-05-11 15:47:20 | WARNING | [呼伦贝尔] 第 2 次重试失败
2026-05-11 15:47:20 | INFO    | [TC-02] [238/447] ✅ 抚州 0.0mm 抓取成功
2026-05-11 15:47:20 | INFO    | [TC-02] [239/447] ✅ 宜春 0.0mm 抓取成功
2026-05-11 15:47:22 | INFO    | [TC-02] [240/447] ✅ 鹰潭 0.0mm 抓取成功
2026-05-11 15:47:23 | INFO    | [TC-02] [241/447] ✅ 赣州 0.0mm 抓取成功
2026-05-11 15:47:23 | WARNING | [呼伦贝尔] 第 3 次重试失败
2026-05-11 15:47:24 | INFO    | [TC-02] [242/447] ✅ 景德镇 0.0mm 抓取成功
2026-05-11 15:47:24 | INFO    | [TC-02] [243/447] ✅ 萍乡 0.0mm 抓取成功
2026-05-11 15:47:25 | ERROR   | [TC-02] [244/447] ❌ 呼伦贝尔 抓取失败
2026-05-11 15:47:26 | INFO    | [TC-02] [245/447] ✅ 九江 0.0mm 抓取成功
2026-05-11 15:47:26 | INFO    | [TC-02] [246/447] ✅ 新余 0.0mm 抓取成功
2026-05-11 15:47:27 | INFO    | [TC-02] [247/447] ✅ 吉安 0.0mm 抓取成功
2026-05-11 15:47:28 | INFO    | [TC-02] [248/447] ✅ 黄冈 0.0mm 抓取成功
2026-05-11 15:47:28 | INFO    | [TC-02] [249/447] ✅ 武汉 0.0mm 抓取成功
2026-05-11 15:47:29 | INFO    | [TC-02] [250/447] ✅ 荆州 0.0mm 抓取成功
2026-05-11 15:47:29 | INFO    | [TC-02] [251/447] ✅ 恩施 0.0mm 抓取成功
2026-05-11 15:47:30 | INFO    | [TC-02] [252/447] ✅ 宜昌 0.0mm 抓取成功
2026-05-11 15:47:31 | INFO    | [TC-02] [253/447] ✅ 十堰 0.0mm 抓取成功
2026-05-11 15:47:32 | INFO    | [TC-02] [254/447] ✅ 随州 0.0mm 抓取成功
2026-05-11 15:47:32 | INFO    | [TC-02] [255/447] ✅ 神农架 0.0mm 抓取成功
2026-05-11 15:47:33 | INFO    | [TC-02] [256/447] ✅ 荆门 0.0mm 抓取成功
2026-05-11 15:47:33 | INFO    | [TC-02] [257/447] ✅ 仙桃 0.0mm 抓取成功
2026-05-11 15:47:34 | INFO    | [TC-02] [258/447] ✅ 天门 0.0mm 抓取成功
2026-05-11 15:47:35 | INFO    | [TC-02] [259/447] ✅ 鄂州 0.0mm 抓取成功
2026-05-11 15:47:35 | INFO    | [TC-02] [260/447] ✅ 襄樊 0.0mm 抓取成功
2026-05-11 15:47:36 | INFO    | [TC-02] [261/447] ✅ 潜江 0.0mm 抓取成功
2026-05-11 15:47:37 | INFO    | [TC-02] [262/447] ✅ 咸宁 0.0mm 抓取成功
2026-05-11 15:47:37 | INFO    | [TC-02] [263/447] ✅ 黄石 0.0mm 抓取成功
2026-05-11 15:47:38 | INFO    | [TC-02] [264/447] ✅ 孝感 0.0mm 抓取成功
2026-05-11 15:47:39 | INFO    | [TC-02] [265/447] ✅ 自贡 0.0mm 抓取成功
2026-05-11 15:47:40 | INFO    | [TC-02] [266/447] ✅ 成都 0.0mm 抓取成功
2026-05-11 15:47:40 | INFO    | [TC-02] [267/447] ✅ 绵阳 0.0mm 抓取成功
2026-05-11 15:47:41 | INFO    | [TC-02] [268/447] ✅ 南充 0.0mm 抓取成功
2026-05-11 15:47:42 | INFO    | [TC-02] [269/447] ✅ 达州 0.0mm 抓取成功
2026-05-11 15:47:43 | INFO    | [TC-02] [270/447] ✅ 遂宁 0.0mm 抓取成功
2026-05-11 15:47:43 | INFO    | [TC-02] [271/447] ✅ 广安 0.0mm 抓取成功
2026-05-11 15:47:44 | INFO    | [TC-02] [272/447] ✅ 巴中 0.0mm 抓取成功
2026-05-11 15:47:45 | INFO    | [TC-02] [273/447] ✅ 泸州 0.0mm 抓取成功
2026-05-11 15:47:45 | INFO    | [TC-02] [274/447] ✅ 宜宾 0.0mm 抓取成功
2026-05-11 15:47:46 | INFO    | [TC-02] [275/447] ✅ 内江 0.0mm 抓取成功
2026-05-11 15:47:46 | INFO    | [TC-02] [276/447] ✅ 资阳 0.0mm 抓取成功
2026-05-11 15:47:47 | INFO    | [TC-02] [277/447] ✅ 乐山 0.0mm 抓取成功
2026-05-11 15:47:48 | INFO    | [TC-02] [278/447] ✅ 眉山 0.0mm 抓取成功
2026-05-11 15:47:49 | INFO    | [TC-02] [279/447] ✅ 凉山 0.6mm 抓取成功
2026-05-11 15:47:49 | INFO    | [TC-02] [280/447] ✅ 甘孜 0.0mm 抓取成功
2026-05-11 15:47:49 | INFO    | [TC-02] [281/447] ✅ 雅安 0.0mm 抓取成功
2026-05-11 15:47:51 | INFO    | [TC-02] [282/447] ✅ 德阳 0.0mm 抓取成功
2026-05-11 15:47:51 | INFO    | [TC-02] [283/447] ✅ 阿坝 0.0mm 抓取成功
2026-05-11 15:47:52 | INFO    | [TC-02] [284/447] ✅ 广元 0.0mm 抓取成功
2026-05-11 15:47:53 | INFO    | [TC-02] [285/447] ✅ 攀枝花 10.4mm 抓取成功
2026-05-11 15:47:53 | INFO    | [TC-02] [286/447] ✅ 银川 0.0mm 抓取成功
2026-05-11 15:47:54 | INFO    | [TC-02] [287/447] ✅ 中卫 0.0mm 抓取成功
2026-05-11 15:47:54 | INFO    | [TC-02] [288/447] ✅ 固原 0.0mm 抓取成功
2026-05-11 15:47:55 | INFO    | [TC-02] [289/447] ✅ 石嘴山 0.0mm 抓取成功
2026-05-11 15:47:55 | INFO    | [TC-02] [290/447] ✅ 吴忠 0.0mm 抓取成功
2026-05-11 15:47:56 | INFO    | [TC-02] [291/447] ✅ 西宁 0.0mm 抓取成功
2026-05-11 15:47:57 | INFO    | [TC-02] [292/447] ✅ 黄南 0.0mm 抓取成功
2026-05-11 15:47:58 | INFO    | [TC-02] [293/447] ✅ 果洛 0.0mm 抓取成功
2026-05-11 15:47:58 | INFO    | [TC-02] [294/447] ✅ 海北 0.0mm 抓取成功
2026-05-11 15:47:59 | INFO    | [TC-02] [295/447] ✅ 玉树 0.0mm 抓取成功
2026-05-11 15:48:00 | INFO    | [TC-02] [296/447] ✅ 海东 0.0mm 抓取成功
2026-05-11 15:48:00 | INFO    | [TC-02] [297/447] ✅ 海西 0.0mm 抓取成功
2026-05-11 15:48:01 | INFO    | [TC-02] [298/447] ✅ 济南 0.0mm 抓取成功
2026-05-11 15:48:01 | INFO    | [TC-02] [299/447] ✅ 海南 0.0mm 抓取成功
2026-05-11 15:48:02 | INFO    | [TC-02] [300/447] ✅ 潍坊 0.0mm 抓取成功
2026-05-11 15:48:03 | INFO    | [TC-02] [301/447] ✅ 临沂 0.0mm 抓取成功
2026-05-11 15:48:03 | INFO    | [TC-02] [302/447] ✅ 菏泽 0.0mm 抓取成功
2026-05-11 15:48:04 | INFO    | [TC-02] [303/447] ✅ 滨州 0.0mm 抓取成功
2026-05-11 15:48:04 | INFO    | [TC-02] [304/447] ✅ 东营 0.0mm 抓取成功
2026-05-11 15:48:05 | INFO    | [TC-02] [305/447] ✅ 威海 0.0mm 抓取成功
2026-05-11 15:48:06 | INFO    | [TC-02] [306/447] ✅ 枣庄 0.6mm 抓取成功
2026-05-11 15:48:06 | INFO    | [TC-02] [307/447] ✅ 日照 0.0mm 抓取成功
2026-05-11 15:48:07 | INFO    | [TC-02] [308/447] ✅ 莱芜 0.4mm 抓取成功
2026-05-11 15:48:08 | INFO    | [TC-02] [309/447] ✅ 聊城 0.0mm 抓取成功
2026-05-11 15:48:08 | INFO    | [TC-02] [310/447] ✅ 青岛 0.1mm 抓取成功
2026-05-11 15:48:09 | INFO    | [TC-02] [311/447] ✅ 淄博 0.0mm 抓取成功
2026-05-11 15:48:10 | INFO    | [TC-02] [312/447] ✅ 德州 0.0mm 抓取成功
2026-05-11 15:48:10 | INFO    | [TC-02] [313/447] ✅ 烟台 0.0mm 抓取成功
2026-05-11 15:48:11 | INFO    | [TC-02] [314/447] ✅ 济宁 0.4mm 抓取成功
2026-05-11 15:48:11 | INFO    | [TC-02] [315/447] ✅ 西安 0.0mm 抓取成功
2026-05-11 15:48:12 | INFO    | [TC-02] [316/447] ✅ 泰安 0.0mm 抓取成功
2026-05-11 15:48:13 | INFO    | [TC-02] [317/447] ✅ 榆林 0.0mm 抓取成功
2026-05-11 15:48:13 | INFO    | [TC-02] [318/447] ✅ 延安 0.0mm 抓取成功
2026-05-11 15:48:14 | INFO    | [TC-02] [319/447] ✅ 商洛 0.0mm 抓取成功
2026-05-11 15:48:14 | INFO    | [TC-02] [320/447] ✅ 铜川 0.0mm 抓取成功
2026-05-11 15:48:15 | INFO    | [TC-02] [321/447] ✅ 安康 0.0mm 抓取成功
2026-05-11 15:48:16 | INFO    | [TC-02] [322/447] ✅ 汉中 0.0mm 抓取成功
2026-05-11 15:48:17 | INFO    | [TC-02] [323/447] ✅ 宝鸡 0.0mm 抓取成功
2026-05-11 15:48:18 | INFO    | [TC-02] [324/447] ✅ 渭南 0.0mm 抓取成功
2026-05-11 15:48:18 | INFO    | [TC-02] [325/447] ✅ 咸阳 0.0mm 抓取成功
2026-05-11 15:48:19 | INFO    | [TC-02] [326/447] ✅ 太原 0.0mm 抓取成功
2026-05-11 15:48:20 | INFO    | [TC-02] [327/447] ✅ 运城 0.0mm 抓取成功
2026-05-11 15:48:20 | INFO    | [TC-02] [328/447] ✅ 临汾 0.0mm 抓取成功
2026-05-11 15:48:22 | INFO    | [TC-02] [329/447] ✅ 朔州 0.0mm 抓取成功
2026-05-11 15:48:22 | INFO    | [TC-02] [330/447] ✅ 长治 0.0mm 抓取成功
2026-05-11 15:48:23 | INFO    | [TC-02] [331/447] ✅ 忻州 0.0mm 抓取成功
2026-05-11 15:48:24 | INFO    | [TC-02] [332/447] ✅ 大同 0.0mm 抓取成功
2026-05-11 15:48:24 | INFO    | [TC-02] [333/447] ✅ 晋中 0.0mm 抓取成功
2026-05-11 15:48:24 | INFO    | [TC-02] [334/447] ✅ 阳泉 0.0mm 抓取成功
2026-05-11 15:48:25 | INFO    | [TC-02] [335/447] ✅ 吕梁 0.0mm 抓取成功
2026-05-11 15:48:26 | INFO    | [TC-02] [336/447] ✅ 乌鲁木齐 0.0mm 抓取成功
2026-05-11 15:48:26 | INFO    | [TC-02] [337/447] ✅ 晋城 0.0mm 抓取成功
2026-05-11 15:48:27 | INFO    | [TC-02] [338/447] ✅ 石河子 2.9mm 抓取成功
2026-05-11 15:48:28 | INFO    | [TC-02] [339/447] ✅ 吐鲁番 0.0mm 抓取成功
2026-05-11 15:48:28 | INFO    | [TC-02] [340/447] ✅ 昌吉 0.0mm 抓取成功
2026-05-11 15:48:30 | INFO    | [TC-02] [341/447] ✅ 库尔勒 0.0mm 抓取成功
2026-05-11 15:48:30 | INFO    | [TC-02] [342/447] ✅ 阿拉尔 0.0mm 抓取成功
2026-05-11 15:48:31 | INFO    | [TC-02] [343/447] ✅ 阿克苏 0.0mm 抓取成功
2026-05-11 15:48:32 | INFO    | [TC-02] [344/447] ✅ 喀什 0.0mm 抓取成功
2026-05-11 15:48:32 | INFO    | [TC-02] [345/447] ✅ 伊宁 0.9mm 抓取成功
2026-05-11 15:48:33 | INFO    | [TC-02] [346/447] ✅ 塔城 2.9mm 抓取成功
2026-05-11 15:48:34 | INFO    | [TC-02] [347/447] ✅ 阿勒泰 1.5mm 抓取成功
2026-05-11 15:48:35 | INFO    | [TC-02] [348/447] ✅ 和田 0.0mm 抓取成功
2026-05-11 15:48:35 | INFO    | [TC-02] [349/447] ✅ 哈密 0.0mm 抓取成功
2026-05-11 15:48:36 | INFO    | [TC-02] [350/447] ✅ 博乐 31.1mm 抓取成功
2026-05-11 15:48:36 | INFO    | [TC-02] [351/447] ✅ 阿图什 0.0mm 抓取成功
2026-05-11 15:48:36 | INFO    | [TC-02] [352/447] ✅ 克拉玛依 5.3mm 抓取成功
2026-05-11 15:48:38 | INFO    | [TC-02] [353/447] ✅ 拉萨 0.2mm 抓取成功
2026-05-11 15:48:38 | INFO    | [TC-02] [354/447] ✅ 山南 0.3mm 抓取成功
2026-05-11 15:48:39 | INFO    | [TC-02] [355/447] ✅ 阿里 0.0mm 抓取成功
2026-05-11 15:48:40 | INFO    | [TC-02] [356/447] ✅ 那曲 0.0mm 抓取成功
2026-05-11 15:48:40 | INFO    | [TC-02] [357/447] ✅ 昌都 6.5mm 抓取成功
2026-05-11 15:48:41 | INFO    | [TC-02] [358/447] ✅ 日喀则 0.0mm 抓取成功
2026-05-11 15:48:42 | INFO    | [TC-02] [359/447] ✅ 林芝 3.8mm 抓取成功
2026-05-11 15:48:42 | INFO    | [TC-02] [360/447] ✅ 台北县 0.0mm 抓取成功
2026-05-11 15:48:43 | INFO    | [TC-02] [361/447] ✅ 高雄 0.0mm 抓取成功
2026-05-11 15:48:44 | INFO    | [TC-02] [362/447] ✅ 台中 0.0mm 抓取成功
2026-05-11 15:48:44 | INFO    | [TC-02] [363/447] ✅ 海口 0.0mm 抓取成功
2026-05-11 15:48:45 | INFO    | [TC-02] [364/447] ✅ 三亚 0.0mm 抓取成功
2026-05-11 15:48:46 | INFO    | [TC-02] [365/447] ✅ 东方 0.0mm 抓取成功
2026-05-11 15:48:46 | INFO    | [TC-02] [366/447] ✅ 临高 0.0mm 抓取成功
2026-05-11 15:48:46 | INFO    | [TC-02] [367/447] ✅ 澄迈 0.0mm 抓取成功
2026-05-11 15:48:48 | INFO    | [TC-02] [368/447] ✅ 儋州 1.0mm 抓取成功
2026-05-11 15:48:48 | INFO    | [TC-02] [369/447] ✅ 昌江 39.7mm 抓取成功
2026-05-11 15:48:48 | INFO    | [TC-02] [370/447] ✅ 白沙 2.3mm 抓取成功
2026-05-11 15:48:49 | INFO    | [TC-02] [371/447] ✅ 琼中 2.2mm 抓取成功
2026-05-11 15:48:50 | INFO    | [TC-02] [372/447] ✅ 屯昌 0.1mm 抓取成功
2026-05-11 15:48:50 | INFO    | [TC-02] [373/447] ✅ 定安 0.0mm 抓取成功
2026-05-11 15:48:50 | INFO    | [TC-02] [374/447] ✅ 琼海 0.0mm 抓取成功
2026-05-11 15:48:52 | INFO    | [TC-02] [375/447] ✅ 保亭 0.0mm 抓取成功
2026-05-11 15:48:52 | INFO    | [TC-02] [376/447] ✅ 文昌 0.2mm 抓取成功
2026-05-11 15:48:53 | INFO    | [TC-02] [377/447] ✅ 万宁 0.0mm 抓取成功
2026-05-11 15:48:53 | INFO    | [TC-02] [378/447] ✅ 陵水 0.0mm 抓取成功
2026-05-11 15:48:54 | INFO    | [TC-02] [379/447] ✅ 西沙 0.0mm 抓取成功
2026-05-11 15:48:54 | INFO    | [TC-02] [380/447] ✅ 南沙岛 0.0mm 抓取成功
2026-05-11 15:48:55 | INFO    | [TC-02] [381/447] ✅ 乐东 4.3mm 抓取成功
2026-05-11 15:48:56 | INFO    | [TC-02] [382/447] ✅ 五指山 45.0mm 抓取成功
2026-05-11 15:48:56 | INFO    | [TC-02] [383/447] ✅ 琼山 0.0mm 抓取成功
2026-05-11 15:48:57 | INFO    | [TC-02] [384/447] ✅ 株洲 0.0mm 抓取成功
2026-05-11 15:48:58 | INFO    | [TC-02] [385/447] ✅ 长沙 0.0mm 抓取成功
2026-05-11 15:48:58 | INFO    | [TC-02] [386/447] ✅ 衡阳 0.0mm 抓取成功
2026-05-11 15:48:59 | INFO    | [TC-02] [387/447] ✅ 常德 0.0mm 抓取成功
2026-05-11 15:48:59 | INFO    | [TC-02] [388/447] ✅ 郴州 0.1mm 抓取成功
2026-05-11 15:49:00 | INFO    | [TC-02] [389/447] ✅ 益阳 0.0mm 抓取成功
2026-05-11 15:49:01 | INFO    | [TC-02] [390/447] ✅ 邵阳 0.0mm 抓取成功
2026-05-11 15:49:01 | INFO    | [TC-02] [391/447] ✅ 娄底 0.0mm 抓取成功
2026-05-11 15:49:03 | INFO    | [TC-02] [392/447] ✅ 岳阳 0.0mm 抓取成功
2026-05-11 15:49:03 | INFO    | [TC-02] [393/447] ✅ 张家界 0.0mm 抓取成功
2026-05-11 15:49:04 | WARNING | [黔阳] 第 1 次重试失败
2026-05-11 15:49:04 | INFO    | [TC-02] [394/447] ✅ 怀化 0.0mm 抓取成功
2026-05-11 15:49:05 | INFO    | [TC-02] [395/447] ✅ 永州 0.0mm 抓取成功
2026-05-11 15:49:06 | INFO    | [TC-02] [396/447] ✅ 吉首 0.0mm 抓取成功
2026-05-11 15:49:06 | INFO    | [TC-02] [397/447] ✅ 湘潭 0.0mm 抓取成功
2026-05-11 15:49:07 | INFO    | [TC-02] [398/447] ✅ 南京 0.0mm 抓取成功
2026-05-11 15:49:08 | WARNING | [黔阳] 第 2 次重试失败
2026-05-11 15:49:08 | INFO    | [TC-02] [399/447] ✅ 镇江 0.0mm 抓取成功
2026-05-11 15:49:09 | INFO    | [TC-02] [400/447] ✅ 苏州 0.0mm 抓取成功
2026-05-11 15:49:11 | INFO    | [TC-02] [401/447] ✅ 南通 0.0mm 抓取成功
2026-05-11 15:49:11 | INFO    | [TC-02] [402/447] ✅ 扬州 0.0mm 抓取成功
2026-05-11 15:49:12 | WARNING | [黔阳] 第 3 次重试失败
2026-05-11 15:49:12 | INFO    | [TC-02] [403/447] ✅ 宿迁 0.0mm 抓取成功
2026-05-11 15:49:13 | INFO    | [TC-02] [404/447] ✅ 徐州 0.0mm 抓取成功
2026-05-11 15:49:14 | INFO    | [TC-02] [405/447] ✅ 淮安 0.0mm 抓取成功
2026-05-11 15:49:14 | ERROR   | [TC-02] [406/447] ❌ 黔阳 抓取失败
2026-05-11 15:49:16 | INFO    | [TC-02] [407/447] ✅ 连云港 0.0mm 抓取成功
2026-05-11 15:49:16 | INFO    | [TC-02] [408/447] ✅ 常州 0.0mm 抓取成功
2026-05-11 15:49:16 | INFO    | [TC-02] [409/447] ✅ 泰州 0.0mm 抓取成功
2026-05-11 15:49:18 | INFO    | [TC-02] [410/447] ✅ 盐城 0.0mm 抓取成功
2026-05-11 15:49:18 | INFO    | [TC-02] [411/447] ✅ 无锡 0.0mm 抓取成功
2026-05-11 15:49:18 | INFO    | [TC-02] [412/447] ✅ 哈尔滨 0.0mm 抓取成功
2026-05-11 15:49:19 | INFO    | [TC-02] [413/447] ✅ 佳木斯 0.0mm 抓取成功
2026-05-11 15:49:20 | INFO    | [TC-02] [414/447] ✅ 绥化 0.0mm 抓取成功
2026-05-11 15:49:20 | INFO    | [TC-02] [415/447] ✅ 牡丹江 0.0mm 抓取成功
2026-05-11 15:49:21 | INFO    | [TC-02] [416/447] ✅ 双鸭山 0.0mm 抓取成功
2026-05-11 15:49:21 | INFO    | [TC-02] [417/447] ✅ 黑河 0.0mm 抓取成功
2026-05-11 15:49:22 | INFO    | [TC-02] [418/447] ✅ 伊春 0.0mm 抓取成功
2026-05-11 15:49:22 | INFO    | [TC-02] [419/447] ✅ 大庆 0.0mm 抓取成功
2026-05-11 15:49:23 | INFO    | [TC-02] [420/447] ✅ 七台河 0.0mm 抓取成功
2026-05-11 15:49:24 | INFO    | [TC-02] [421/447] ✅ 鹤岗 0.0mm 抓取成功
2026-05-11 15:49:24 | INFO    | [TC-02] [422/447] ✅ 齐齐哈尔 0.0mm 抓取成功
2026-05-11 15:49:24 | INFO    | [TC-02] [423/447] ✅ 鸡西 0.0mm 抓取成功
2026-05-11 15:49:26 | INFO    | [TC-02] [424/447] ✅ 长春 5.3mm 抓取成功
2026-05-11 15:49:26 | INFO    | [TC-02] [425/447] ✅ 延吉 0.0mm 抓取成功
2026-05-11 15:49:26 | INFO    | [TC-02] [426/447] ✅ 大兴安岭 0.0mm 抓取成功
2026-05-11 15:49:27 | INFO    | [TC-02] [427/447] ✅ 四平 2.2mm 抓取成功
2026-05-11 15:49:28 | INFO    | [TC-02] [428/447] ✅ 白城 0.0mm 抓取成功
2026-05-11 15:49:28 | INFO    | [TC-02] [429/447] ✅ 白山 1.2mm 抓取成功
2026-05-11 15:49:29 | INFO    | [TC-02] [430/447] ✅ 辽源 0.0mm 抓取成功
2026-05-11 15:49:29 | INFO    | [TC-02] [431/447] ✅ 松原 0.0mm 抓取成功
2026-05-11 15:49:30 | INFO    | [TC-02] [432/447] ✅ 吉林 2.7mm 抓取成功
2026-05-11 15:49:30 | INFO    | [TC-02] [433/447] ✅ 通化 1.8mm 抓取成功
2026-05-11 15:49:32 | INFO    | [TC-02] [434/447] ✅ 沈阳 7.0mm 抓取成功
2026-05-11 15:49:32 | INFO    | [TC-02] [435/447] ✅ 抚顺 6.1mm 抓取成功
2026-05-11 15:49:32 | INFO    | [TC-02] [436/447] ✅ 鞍山 0.0mm 抓取成功
2026-05-11 15:49:34 | INFO    | [TC-02] [437/447] ✅ 本溪 0.9mm 抓取成功
2026-05-11 15:49:34 | INFO    | [TC-02] [438/447] ✅ 丹东 0.0mm 抓取成功
2026-05-11 15:49:34 | WARNING | [葫芦岛] 第 1 次重试失败
2026-05-11 15:49:36 | INFO    | [TC-02] [439/447] ✅ 营口 0.0mm 抓取成功
2026-05-11 15:49:36 | INFO    | [TC-02] [440/447] ✅ 阜新 0.0mm 抓取成功
2026-05-11 15:49:37 | INFO    | [TC-02] [441/447] ✅ 铁岭 15.4mm 抓取成功
2026-05-11 15:49:37 | WARNING | [葫芦岛] 第 2 次重试失败
2026-05-11 15:49:38 | INFO    | [TC-02] [442/447] ✅ 辽阳 0.0mm 抓取成功
2026-05-11 15:49:39 | INFO    | [TC-02] [443/447] ✅ 朝阳 0.3mm 抓取成功
2026-05-11 15:49:40 | INFO    | [TC-02] [444/447] ✅ 盘锦 0.0mm 抓取成功
2026-05-11 15:49:40 | INFO    | [TC-02] [445/447] ✅ 大连 0.0mm 抓取成功
2026-05-11 15:49:41 | WARNING | [葫芦岛] 第 3 次重试失败
2026-05-11 15:49:43 | INFO    | [TC-02] [446/447] ✅ 锦州 0.0mm 抓取成功
2026-05-11 15:49:44 | ERROR   | [TC-02] [447/447] ❌ 葫芦岛 抓取失败
2026-05-11 15:49:44 | INFO    | [TC-03] 多城市批量抓取测试通过 | 成功：438 失败：9
2026-05-11 15:49:44 | WARNING | 发现 3 个城市在 city 表中不存在，已跳过：
2026-05-11 15:49:44 | WARNING | 缺失城市：台北县，city_id=101340101，rainfall=0.0
2026-05-11 15:49:44 | WARNING | 缺失城市：高雄，city_id=101340201，rainfall=0.0
2026-05-11 15:49:44 | WARNING | 缺失城市：台中，city_id=101340401，rainfall=0.0
2026-05-11 15:49:44 | INFO    | [TC-04] 数据写入数据库测试通过 | 共 435 条
2026-05-11 15:49:44 | INFO    | [TC-05] 重复数据更新测试通过 | 已自动覆盖更新
2026-05-11 15:49:45 | INFO    | [TC-06] 城市名称同步测试通过 | 受影响行数：421
2026-05-11 15:49:45 | WARNING | [TC-07] 失败城市已记录 | 共 9 个
2026-05-11 15:49:45 | INFO    | 
======================================================================
2026-05-11 15:49:45 | INFO    | 🏁 全部测试项执行完成 | 总耗时：316.60 秒
2026-05-11 15:49:45 | INFO    | ======================================================================
