2026-05-03 19:32:32 | INFO    | ======================================================================
2026-05-03 19:32:32 | INFO    |               降雨量爬虫 测试用例自动验证
2026-05-03 19:32:32 | INFO    | ======================================================================
2026-05-03 19:32:32 | INFO    | [TC-01] 城市列表读取测试通过 | 共读取 447 个城市
2026-05-03 19:32:32 | INFO    | [TC-03] 开始多城市批量抓取测试 | 线程数：3
2026-05-03 19:32:34 | INFO    | [TC-02] [1/447] ✅ 北京 0.5mm 抓取成功
2026-05-03 19:32:34 | INFO    | [TC-02] [2/447] ✅ 朝阳 0.6mm 抓取成功
2026-05-03 19:32:35 | INFO    | [TC-02] [3/447] ✅ 顺义 0.4mm 抓取成功
2026-05-03 19:32:36 | INFO    | [TC-02] [4/447] ✅ 怀柔 0.1mm 抓取成功
2026-05-03 19:32:37 | INFO    | [TC-02] [5/447] ✅ 通州 0.3mm 抓取成功
2026-05-03 19:32:37 | INFO    | [TC-02] [6/447] ✅ 昌平 0.0mm 抓取成功
2026-05-03 19:32:37 | INFO    | [TC-02] [7/447] ✅ 延庆 0.1mm 抓取成功
2026-05-03 19:32:39 | INFO    | [TC-02] [8/447] ✅ 石景山 0.4mm 抓取成功
2026-05-03 19:32:39 | INFO    | [TC-02] [9/447] ✅ 丰台 0.1mm 抓取成功
2026-05-03 19:32:39 | INFO    | [TC-02] [10/447] ✅ 大兴 1.2mm 抓取成功
2026-05-03 19:32:41 | INFO    | [TC-02] [11/447] ✅ 门头沟 0.0mm 抓取成功
2026-05-03 19:32:41 | INFO    | [TC-02] [12/447] ✅ 房山 0.0mm 抓取成功
2026-05-03 19:32:42 | INFO    | [TC-02] [13/447] ✅ 密云 0.0mm 抓取成功
2026-05-03 19:32:43 | INFO    | [TC-02] [14/447] ✅ 平谷 2.0mm 抓取成功
2026-05-03 19:32:43 | INFO    | [TC-02] [15/447] ✅ 八达岭 0.6mm 抓取成功
2026-05-03 19:32:44 | INFO    | [TC-02] [16/447] ✅ 佛爷顶 0.3mm 抓取成功
2026-05-03 19:32:44 | WARNING | [汤河口] 第 1 次重试失败
2026-05-03 19:32:45 | WARNING | [斋堂] 第 1 次重试失败
2026-05-03 19:32:46 | WARNING | [密云上甸子] 第 1 次重试失败
2026-05-03 19:32:48 | WARNING | [汤河口] 第 2 次重试失败
2026-05-03 19:32:50 | WARNING | [密云上甸子] 第 2 次重试失败
2026-05-03 19:32:50 | WARNING | [斋堂] 第 2 次重试失败
2026-05-03 19:32:53 | WARNING | [汤河口] 第 3 次重试失败
2026-05-03 19:32:53 | WARNING | [密云上甸子] 第 3 次重试失败
2026-05-03 19:32:55 | WARNING | [斋堂] 第 3 次重试失败
2026-05-03 19:32:55 | ERROR   | [TC-02] [17/447] ❌ 密云上甸子 抓取失败
2026-05-03 19:32:55 | ERROR   | [TC-02] [18/447] ❌ 汤河口 抓取失败
2026-05-03 19:32:57 | WARNING | [霞云岭] 第 1 次重试失败
2026-05-03 19:32:57 | ERROR   | [TC-02] [19/447] ❌ 斋堂 抓取失败
2026-05-03 19:32:57 | WARNING | [北京城区] 第 1 次重试失败
2026-05-03 19:33:00 | INFO    | [TC-02] [20/447] ✅ 海淀 0.3mm 抓取成功
2026-05-03 19:33:01 | WARNING | [北京城区] 第 2 次重试失败
2026-05-03 19:33:01 | INFO    | [TC-02] [21/447] ✅ 天津 1.3mm 抓取成功
2026-05-03 19:33:02 | WARNING | [霞云岭] 第 2 次重试失败
2026-05-03 19:33:04 | INFO    | [TC-02] [22/447] ✅ 宝坻 2.2mm 抓取成功
2026-05-03 19:33:05 | WARNING | [北京城区] 第 3 次重试失败
2026-05-03 19:33:05 | WARNING | [霞云岭] 第 3 次重试失败
2026-05-03 19:33:05 | INFO    | [TC-02] [23/447] ✅ 东丽 1.3mm 抓取成功
2026-05-03 19:33:07 | INFO    | [TC-02] [24/447] ✅ 西青 0.9mm 抓取成功
2026-05-03 19:33:07 | ERROR   | [TC-02] [25/447] ❌ 北京城区 抓取失败
2026-05-03 19:33:08 | ERROR   | [TC-02] [26/447] ❌ 霞云岭 抓取失败
2026-05-03 19:33:09 | INFO    | [TC-02] [27/447] ✅ 北辰 1.3mm 抓取成功
2026-05-03 19:33:09 | INFO    | [TC-02] [28/447] ✅ 汉沽 1.3mm 抓取成功
2026-05-03 19:33:10 | INFO    | [TC-02] [29/447] ✅ 蓟县 3.3mm 抓取成功
2026-05-03 19:33:11 | INFO    | [TC-02] [30/447] ✅ 静海 3.3mm 抓取成功
2026-05-03 19:33:11 | INFO    | [TC-02] [31/447] ✅ 津南 1.0mm 抓取成功
2026-05-03 19:33:12 | INFO    | [TC-02] [32/447] ✅ 塘沽 6.6mm 抓取成功
2026-05-03 19:33:13 | INFO    | [TC-02] [33/447] ✅ 武清 2.4mm 抓取成功
2026-05-03 19:33:13 | INFO    | [TC-02] [34/447] ✅ 大港 1.3mm 抓取成功
2026-05-03 19:33:13 | INFO    | [TC-02] [35/447] ✅ 宁河 12.1mm 抓取成功
2026-05-03 19:33:14 | INFO    | [TC-02] [36/447] ✅ 上海 6.2mm 抓取成功
2026-05-03 19:33:16 | INFO    | [TC-02] [37/447] ✅ 宝山 6.7mm 抓取成功
2026-05-03 19:33:16 | INFO    | [TC-02] [38/447] ✅ 嘉定 6.3mm 抓取成功
2026-05-03 19:33:16 | INFO    | [TC-02] [39/447] ✅ 南汇 6.5mm 抓取成功
2026-05-03 19:33:18 | INFO    | [TC-02] [40/447] ✅ 浦东 6.2mm 抓取成功
2026-05-03 19:33:19 | INFO    | [TC-02] [41/447] ✅ 松江 9.0mm 抓取成功
2026-05-03 19:33:19 | INFO    | [TC-02] [42/447] ✅ 青浦 6.6mm 抓取成功
2026-05-03 19:33:20 | INFO    | [TC-02] [43/447] ✅ 崇明 3.2mm 抓取成功
2026-05-03 19:33:21 | INFO    | [TC-02] [44/447] ✅ 奉贤 13.8mm 抓取成功
2026-05-03 19:33:21 | INFO    | [TC-02] [45/447] ✅ 徐家汇 6.2mm 抓取成功
2026-05-03 19:33:22 | INFO    | [TC-02] [46/447] ✅ 闵行 7.8mm 抓取成功
2026-05-03 19:33:23 | INFO    | [TC-02] [47/447] ✅ 金山 15.3mm 抓取成功
2026-05-03 19:33:24 | INFO    | [TC-02] [48/447] ✅ 张家口 0.1mm 抓取成功
2026-05-03 19:33:24 | INFO    | [TC-02] [49/447] ✅ 石家庄 0.5mm 抓取成功
2026-05-03 19:33:24 | INFO    | [TC-02] [50/447] ✅ 承德 3.8mm 抓取成功
2026-05-03 19:33:25 | INFO    | [TC-02] [51/447] ✅ 唐山 9.2mm 抓取成功
2026-05-03 19:33:25 | INFO    | [TC-02] [52/447] ✅ 秦皇岛 7.2mm 抓取成功
2026-05-03 19:33:26 | INFO    | [TC-02] [53/447] ✅ 沧州 3.8mm 抓取成功
2026-05-03 19:33:26 | INFO    | [TC-02] [54/447] ✅ 邢台 5.1mm 抓取成功
2026-05-03 19:33:27 | INFO    | [TC-02] [55/447] ✅ 邯郸 5.3mm 抓取成功
2026-05-03 19:33:28 | INFO    | [TC-02] [56/447] ✅ 衡水 9.1mm 抓取成功
2026-05-03 19:33:28 | INFO    | [TC-02] [57/447] ✅ 保定 1.3mm 抓取成功
2026-05-03 19:33:30 | INFO    | [TC-02] [58/447] ✅ 新乡 0.0mm 抓取成功
2026-05-03 19:33:30 | INFO    | [TC-02] [59/447] ✅ 廊坊 1.2mm 抓取成功
2026-05-03 19:33:30 | INFO    | [TC-02] [60/447] ✅ 郑州 0.0mm 抓取成功
2026-05-03 19:33:31 | INFO    | [TC-02] [61/447] ✅ 许昌 0.0mm 抓取成功
2026-05-03 19:33:32 | INFO    | [TC-02] [62/447] ✅ 平顶山 0.0mm 抓取成功
2026-05-03 19:33:32 | INFO    | [TC-02] [63/447] ✅ 信阳 0.0mm 抓取成功
2026-05-03 19:33:34 | INFO    | [TC-02] [64/447] ✅ 南阳 0.0mm 抓取成功
2026-05-03 19:33:34 | INFO    | [TC-02] [65/447] ✅ 开封 0.3mm 抓取成功
2026-05-03 19:33:35 | INFO    | [TC-02] [66/447] ✅ 洛阳 0.0mm 抓取成功
2026-05-03 19:33:35 | INFO    | [TC-02] [67/447] ✅ 焦作 0.0mm 抓取成功
2026-05-03 19:33:36 | INFO    | [TC-02] [68/447] ✅ 鹤壁 7.4mm 抓取成功
2026-05-03 19:33:36 | INFO    | [TC-02] [69/447] ✅ 商丘 0.1mm 抓取成功
2026-05-03 19:33:37 | INFO    | [TC-02] [70/447] ✅ 濮阳 0.9mm 抓取成功
2026-05-03 19:33:38 | INFO    | [TC-02] [71/447] ✅ 漯河 0.1mm 抓取成功
2026-05-03 19:33:39 | INFO    | [TC-02] [72/447] ✅ 周口 0.0mm 抓取成功
2026-05-03 19:33:39 | INFO    | [TC-02] [73/447] ✅ 驻马店 0.0mm 抓取成功
2026-05-03 19:33:40 | INFO    | [TC-02] [74/447] ✅ 三门峡 0.0mm 抓取成功
2026-05-03 19:33:41 | INFO    | [TC-02] [75/447] ✅ 济源 0.0mm 抓取成功
2026-05-03 19:33:42 | INFO    | [TC-02] [76/447] ✅ 安阳 12.1mm 抓取成功
2026-05-03 19:33:42 | INFO    | [TC-02] [77/447] ✅ 合肥 0.3mm 抓取成功
2026-05-03 19:33:44 | INFO    | [TC-02] [78/447] ✅ 芜湖 4.7mm 抓取成功
2026-05-03 19:33:44 | INFO    | [TC-02] [79/447] ✅ 淮南 0.1mm 抓取成功
2026-05-03 19:33:44 | INFO    | [TC-02] [80/447] ✅ 马鞍山 3.5mm 抓取成功
2026-05-03 19:33:46 | INFO    | [TC-02] [81/447] ✅ 安庆 7.6mm 抓取成功
2026-05-03 19:33:46 | INFO    | [TC-02] [82/447] ✅ 宿州 0.1mm 抓取成功
2026-05-03 19:33:47 | INFO    | [TC-02] [83/447] ✅ 阜阳 0.0mm 抓取成功
2026-05-03 19:33:48 | INFO    | [TC-02] [84/447] ✅ 亳州 7.0mm 抓取成功
2026-05-03 19:33:48 | INFO    | [TC-02] [85/447] ✅ 黄山 33.1mm 抓取成功
2026-05-03 19:33:49 | INFO    | [TC-02] [86/447] ✅ 滁州 0.9mm 抓取成功
2026-05-03 19:33:50 | INFO    | [TC-02] [87/447] ✅ 淮北 0.0mm 抓取成功
2026-05-03 19:33:50 | INFO    | [TC-02] [88/447] ✅ 铜陵 8.1mm 抓取成功
2026-05-03 19:33:51 | INFO    | [TC-02] [89/447] ✅ 宣城 9.7mm 抓取成功
2026-05-03 19:33:52 | INFO    | [TC-02] [90/447] ✅ 六安 0.2mm 抓取成功
2026-05-03 19:33:52 | WARNING | [巢湖] 第 1 次重试失败
2026-05-03 19:33:54 | INFO    | [TC-02] [91/447] ✅ 池州 13.1mm 抓取成功
2026-05-03 19:33:55 | INFO    | [TC-02] [92/447] ✅ 蚌埠 0.0mm 抓取成功
2026-05-03 19:33:55 | INFO    | [TC-02] [93/447] ✅ 杭州 13.1mm 抓取成功
2026-05-03 19:33:56 | WARNING | [巢湖] 第 2 次重试失败
2026-05-03 19:33:57 | INFO    | [TC-02] [94/447] ✅ 舟山 10.4mm 抓取成功
2026-05-03 19:33:57 | INFO    | [TC-02] [95/447] ✅ 湖州 6.5mm 抓取成功
2026-05-03 19:33:58 | INFO    | [TC-02] [96/447] ✅ 嘉兴 12.3mm 抓取成功
2026-05-03 19:34:00 | INFO    | [TC-02] [97/447] ✅ 绍兴 8.6mm 抓取成功
2026-05-03 19:34:00 | INFO    | [TC-02] [98/447] ✅ 金华 10.3mm 抓取成功
2026-05-03 19:34:01 | WARNING | [巢湖] 第 3 次重试失败
2026-05-03 19:34:02 | INFO    | [TC-02] [99/447] ✅ 台州 15.5mm 抓取成功
2026-05-03 19:34:02 | INFO    | [TC-02] [100/447] ✅ 温州 5.9mm 抓取成功
2026-05-03 19:34:03 | ERROR   | [TC-02] [101/447] ❌ 巢湖 抓取失败
2026-05-03 19:34:04 | INFO    | [TC-02] [102/447] ✅ 丽水 15.2mm 抓取成功
2026-05-03 19:34:05 | INFO    | [TC-02] [103/447] ✅ 衢州 16.3mm 抓取成功
2026-05-03 19:34:05 | INFO    | [TC-02] [104/447] ✅ 宁波 9.1mm 抓取成功
2026-05-03 19:34:05 | INFO    | [TC-02] [105/447] ✅ 重庆 0.0mm 抓取成功
2026-05-03 19:34:07 | INFO    | [TC-02] [106/447] ✅ 南川 0.0mm 抓取成功
2026-05-03 19:34:07 | INFO    | [TC-02] [107/447] ✅ 合川 0.0mm 抓取成功
2026-05-03 19:34:07 | INFO    | [TC-02] [108/447] ✅ 江津 0.0mm 抓取成功
2026-05-03 19:34:08 | INFO    | [TC-02] [109/447] ✅ 万盛 0.1mm 抓取成功
2026-05-03 19:34:09 | INFO    | [TC-02] [110/447] ✅ 渝北 0.0mm 抓取成功
2026-05-03 19:34:09 | INFO    | [TC-02] [111/447] ✅ 北碚 0.0mm 抓取成功
2026-05-03 19:34:10 | INFO    | [TC-02] [112/447] ✅ 巴南 0.0mm 抓取成功
2026-05-03 19:34:11 | INFO    | [TC-02] [113/447] ✅ 长寿 0.0mm 抓取成功
2026-05-03 19:34:11 | INFO    | [TC-02] [114/447] ✅ 黔江 0.0mm 抓取成功
2026-05-03 19:34:13 | INFO    | [TC-02] [115/447] ✅ 万州天城 0.0mm 抓取成功
2026-05-03 19:34:13 | INFO    | [TC-02] [116/447] ✅ 万州龙宝 0.1mm 抓取成功
2026-05-03 19:34:14 | INFO    | [TC-02] [117/447] ✅ 涪陵 0.0mm 抓取成功
2026-05-03 19:34:14 | INFO    | [TC-02] [118/447] ✅ 开县 0.0mm 抓取成功
2026-05-03 19:34:15 | INFO    | [TC-02] [119/447] ✅ 城口 0.0mm 抓取成功
2026-05-03 19:34:16 | INFO    | [TC-02] [120/447] ✅ 巫溪 0.0mm 抓取成功
2026-05-03 19:34:16 | INFO    | [TC-02] [121/447] ✅ 奉节 0.0mm 抓取成功
2026-05-03 19:34:17 | INFO    | [TC-02] [122/447] ✅ 云阳 0.0mm 抓取成功
2026-05-03 19:34:18 | INFO    | [TC-02] [123/447] ✅ 巫山 0.0mm 抓取成功
2026-05-03 19:34:18 | INFO    | [TC-02] [124/447] ✅ 潼南 0.0mm 抓取成功
2026-05-03 19:34:19 | INFO    | [TC-02] [125/447] ✅ 垫江 0.0mm 抓取成功
2026-05-03 19:34:19 | INFO    | [TC-02] [126/447] ✅ 忠县 0.0mm 抓取成功
2026-05-03 19:34:19 | INFO    | [TC-02] [127/447] ✅ 梁平 0.0mm 抓取成功
2026-05-03 19:34:21 | INFO    | [TC-02] [128/447] ✅ 石柱 0.0mm 抓取成功
2026-05-03 19:34:21 | INFO    | [TC-02] [129/447] ✅ 大足 1.0mm 抓取成功
2026-05-03 19:34:22 | INFO    | [TC-02] [130/447] ✅ 荣昌 0.0mm 抓取成功
2026-05-03 19:34:22 | INFO    | [TC-02] [131/447] ✅ 璧山 0.0mm 抓取成功
2026-05-03 19:34:23 | INFO    | [TC-02] [132/447] ✅ 铜梁 0.0mm 抓取成功
2026-05-03 19:34:24 | INFO    | [TC-02] [133/447] ✅ 武隆 0.0mm 抓取成功
2026-05-03 19:34:24 | INFO    | [TC-02] [134/447] ✅ 彭水 0.0mm 抓取成功
2026-05-03 19:34:24 | INFO    | [TC-02] [135/447] ✅ 丰都 0.0mm 抓取成功
2026-05-03 19:34:26 | INFO    | [TC-02] [136/447] ✅ 酉阳 0.0mm 抓取成功
2026-05-03 19:34:26 | INFO    | [TC-02] [137/447] ✅ 綦江 0.0mm 抓取成功
2026-05-03 19:34:27 | INFO    | [TC-02] [138/447] ✅ 秀山 0.2mm 抓取成功
2026-05-03 19:34:28 | INFO    | [TC-02] [139/447] ✅ 沙坪坝 0.0mm 抓取成功
2026-05-03 19:34:28 | INFO    | [TC-02] [140/447] ✅ 永川 0.0mm 抓取成功
2026-05-03 19:34:28 | INFO    | [TC-02] [141/447] ✅ 福州 0.6mm 抓取成功
2026-05-03 19:34:29 | INFO    | [TC-02] [142/447] ✅ 泉州 3.1mm 抓取成功
2026-05-03 19:34:30 | INFO    | [TC-02] [143/447] ✅ 漳州 1.8mm 抓取成功
2026-05-03 19:34:30 | INFO    | [TC-02] [144/447] ✅ 龙岩 8.1mm 抓取成功
2026-05-03 19:34:31 | INFO    | [TC-02] [145/447] ✅ 厦门 0.6mm 抓取成功
2026-05-03 19:34:32 | INFO    | [TC-02] [146/447] ✅ 晋江 0.2mm 抓取成功
2026-05-03 19:34:32 | INFO    | [TC-02] [147/447] ✅ 南平 17.1mm 抓取成功
2026-05-03 19:34:33 | INFO    | [TC-02] [148/447] ✅ 宁德 2.0mm 抓取成功
2026-05-03 19:34:34 | INFO    | [TC-02] [149/447] ✅ 莆田 3.7mm 抓取成功
2026-05-03 19:34:34 | INFO    | [TC-02] [150/447] ✅ 三明 23.1mm 抓取成功
2026-05-03 19:34:35 | INFO    | [TC-02] [151/447] ✅ 兰州 0.0mm 抓取成功
2026-05-03 19:34:36 | INFO    | [TC-02] [152/447] ✅ 平凉 0.0mm 抓取成功
2026-05-03 19:34:36 | INFO    | [TC-02] [153/447] ✅ 庆阳 0.0mm 抓取成功
2026-05-03 19:34:37 | INFO    | [TC-02] [154/447] ✅ 武威 0.0mm 抓取成功
2026-05-03 19:34:37 | INFO    | [TC-02] [155/447] ✅ 金昌 0.0mm 抓取成功
2026-05-03 19:34:38 | INFO    | [TC-02] [156/447] ✅ 嘉峪关 0.0mm 抓取成功
2026-05-03 19:34:39 | INFO    | [TC-02] [157/447] ✅ 天水 0.0mm 抓取成功
2026-05-03 19:34:39 | INFO    | [TC-02] [158/447] ✅ 酒泉 0.0mm 抓取成功
2026-05-03 19:34:40 | INFO    | [TC-02] [159/447] ✅ 武都 0.0mm 抓取成功
2026-05-03 19:34:41 | INFO    | [TC-02] [160/447] ✅ 临夏 1.1mm 抓取成功
2026-05-03 19:34:41 | INFO    | [TC-02] [161/447] ✅ 合作 0.4mm 抓取成功
2026-05-03 19:34:41 | INFO    | [TC-02] [162/447] ✅ 白银 0.0mm 抓取成功
2026-05-03 19:34:43 | INFO    | [TC-02] [163/447] ✅ 张掖 0.0mm 抓取成功
2026-05-03 19:34:43 | INFO    | [TC-02] [164/447] ✅ 定西 0.0mm 抓取成功
2026-05-03 19:34:43 | INFO    | [TC-02] [165/447] ✅ 广州 29.4mm 抓取成功
2026-05-03 19:34:45 | INFO    | [TC-02] [166/447] ✅ 梅州 10.4mm 抓取成功
2026-05-03 19:34:45 | INFO    | [TC-02] [167/447] ✅ 惠州 16.3mm 抓取成功
2026-05-03 19:34:45 | INFO    | [TC-02] [168/447] ✅ 汕头 0.0mm 抓取成功
2026-05-03 19:34:46 | INFO    | [TC-02] [169/447] ✅ 深圳 25.7mm 抓取成功
2026-05-03 19:34:47 | INFO    | [TC-02] [170/447] ✅ 珠海 66.0mm 抓取成功
2026-05-03 19:34:48 | INFO    | [TC-02] [171/447] ✅ 佛山 17.6mm 抓取成功
2026-05-03 19:34:48 | INFO    | [TC-02] [172/447] ✅ 肇庆 18.5mm 抓取成功
2026-05-03 19:34:49 | INFO    | [TC-02] [173/447] ✅ 湛江 18.7mm 抓取成功
2026-05-03 19:34:49 | INFO    | [TC-02] [174/447] ✅ 河源 20.5mm 抓取成功
2026-05-03 19:34:50 | INFO    | [TC-02] [175/447] ✅ 江门 20.5mm 抓取成功
2026-05-03 19:34:51 | INFO    | [TC-02] [176/447] ✅ 清远 29.5mm 抓取成功
2026-05-03 19:34:52 | INFO    | [TC-02] [177/447] ✅ 潮州 4.3mm 抓取成功
2026-05-03 19:34:52 | INFO    | [TC-02] [178/447] ✅ 东莞 17.2mm 抓取成功
2026-05-03 19:34:52 | INFO    | [TC-02] [179/447] ✅ 云浮 11.7mm 抓取成功
2026-05-03 19:34:53 | INFO    | [TC-02] [180/447] ✅ 阳江 31.4mm 抓取成功
2026-05-03 19:34:53 | INFO    | [TC-02] [181/447] ✅ 揭阳 9.5mm 抓取成功
2026-05-03 19:34:54 | INFO    | [TC-02] [182/447] ✅ 中山 11.2mm 抓取成功
2026-05-03 19:34:55 | INFO    | [TC-02] [183/447] ✅ 茂名 40.3mm 抓取成功
2026-05-03 19:34:55 | INFO    | [TC-02] [184/447] ✅ 汕尾 13.3mm 抓取成功
2026-05-03 19:34:55 | INFO    | [TC-02] [185/447] ✅ 韶关 21.4mm 抓取成功
2026-05-03 19:34:57 | INFO    | [TC-02] [186/447] ✅ 柳州 2.7mm 抓取成功
2026-05-03 19:34:57 | INFO    | [TC-02] [187/447] ✅ 来宾 37.4mm 抓取成功
2026-05-03 19:34:57 | INFO    | [TC-02] [188/447] ✅ 南宁 11.2mm 抓取成功
2026-05-03 19:34:59 | INFO    | [TC-02] [189/447] ✅ 桂林 26.5mm 抓取成功
2026-05-03 19:34:59 | INFO    | [TC-02] [190/447] ✅ 防城港 31.1mm 抓取成功
2026-05-03 19:35:00 | INFO    | [TC-02] [191/447] ✅ 梧州 34.4mm 抓取成功
2026-05-03 19:35:00 | INFO    | [TC-02] [192/447] ✅ 贵港 4.1mm 抓取成功
2026-05-03 19:35:01 | INFO    | [TC-02] [193/447] ✅ 玉林 2.9mm 抓取成功
2026-05-03 19:35:02 | INFO    | [TC-02] [194/447] ✅ 百色 23.8mm 抓取成功
2026-05-03 19:35:03 | INFO    | [TC-02] [195/447] ✅ 钦州 52.4mm 抓取成功
2026-05-03 19:35:03 | INFO    | [TC-02] [196/447] ✅ 河池 9.1mm 抓取成功
2026-05-03 19:35:04 | INFO    | [TC-02] [197/447] ✅ 北海 5.8mm 抓取成功
2026-05-03 19:35:04 | INFO    | [TC-02] [198/447] ✅ 崇左 33.6mm 抓取成功
2026-05-03 19:35:05 | INFO    | [TC-02] [199/447] ✅ 贺州 9.7mm 抓取成功
2026-05-03 19:35:06 | INFO    | [TC-02] [200/447] ✅ 安顺 4.4mm 抓取成功
2026-05-03 19:35:06 | INFO    | [TC-02] [201/447] ✅ 贵阳 5.3mm 抓取成功
2026-05-03 19:35:07 | INFO    | [TC-02] [202/447] ✅ 都匀 7.4mm 抓取成功
2026-05-03 19:35:08 | INFO    | [TC-02] [203/447] ✅ 兴义 12.4mm 抓取成功
2026-05-03 19:35:08 | INFO    | [TC-02] [204/447] ✅ 铜仁 0.6mm 抓取成功
2026-05-03 19:35:09 | INFO    | [TC-02] [205/447] ✅ 毕节 8.6mm 抓取成功
2026-05-03 19:35:10 | INFO    | [TC-02] [206/447] ✅ 凯里 7.3mm 抓取成功
2026-05-03 19:35:10 | INFO    | [TC-02] [207/447] ✅ 六盘水 11.6mm 抓取成功
2026-05-03 19:35:11 | INFO    | [TC-02] [208/447] ✅ 遵义 2.6mm 抓取成功
2026-05-03 19:35:12 | INFO    | [TC-02] [209/447] ✅ 红河 0.9mm 抓取成功
2026-05-03 19:35:12 | INFO    | [TC-02] [210/447] ✅ 文山 5.0mm 抓取成功
2026-05-03 19:35:12 | INFO    | [TC-02] [211/447] ✅ 昆明 27.7mm 抓取成功
2026-05-03 19:35:13 | INFO    | [TC-02] [212/447] ✅ 玉溪 21.9mm 抓取成功
2026-05-03 19:35:15 | INFO    | [TC-02] [213/447] ✅ 楚雄 27.6mm 抓取成功
2026-05-03 19:35:15 | INFO    | [TC-02] [214/447] ✅ 昭通 19.6mm 抓取成功
2026-05-03 19:35:15 | INFO    | [TC-02] [215/447] ✅ 普洱 1.6mm 抓取成功
2026-05-03 19:35:16 | INFO    | [TC-02] [216/447] ✅ 香格里拉 10.1mm 抓取成功
2026-05-03 19:35:17 | INFO    | [TC-02] [217/447] ✅ 临沧 10.1mm 抓取成功
2026-05-03 19:35:17 | INFO    | [TC-02] [218/447] ✅ 怒江 6.9mm 抓取成功
2026-05-03 19:35:18 | INFO    | [TC-02] [219/447] ✅ 德宏 34.8mm 抓取成功
2026-05-03 19:35:19 | INFO    | [TC-02] [220/447] ✅ 丽江 17.4mm 抓取成功
2026-05-03 19:35:19 | INFO    | [TC-02] [221/447] ✅ 景洪 8.0mm 抓取成功
2026-05-03 19:35:20 | INFO    | [TC-02] [222/447] ✅ 大理 7.5mm 抓取成功
2026-05-03 19:35:21 | INFO    | [TC-02] [223/447] ✅ 曲靖 21.6mm 抓取成功
2026-05-03 19:35:21 | INFO    | [TC-02] [224/447] ✅ 保山 4.8mm 抓取成功
2026-05-03 19:35:22 | INFO    | [TC-02] [225/447] ✅ 乌海 0.0mm 抓取成功
2026-05-03 19:35:22 | INFO    | [TC-02] [226/447] ✅ 集宁 0.0mm 抓取成功
2026-05-03 19:35:23 | INFO    | [TC-02] [227/447] ✅ 呼和浩特 0.2mm 抓取成功
2026-05-03 19:35:23 | INFO    | [TC-02] [228/447] ✅ 通辽 0.0mm 抓取成功
2026-05-03 19:35:24 | INFO    | [TC-02] [229/447] ✅ 阿拉善左旗 0.0mm 抓取成功
2026-05-03 19:35:25 | INFO    | [TC-02] [230/447] ✅ 鄂尔多斯 0.0mm 抓取成功
2026-05-03 19:35:25 | INFO    | [TC-02] [231/447] ✅ 临河 0.0mm 抓取成功
2026-05-03 19:35:26 | INFO    | [TC-02] [232/447] ✅ 锡林浩特 0.0mm 抓取成功
2026-05-03 19:35:27 | WARNING | [呼伦贝尔] 第 1 次重试失败
2026-05-03 19:35:27 | INFO    | [TC-02] [233/447] ✅ 包头 0.0mm 抓取成功
2026-05-03 19:35:28 | INFO    | [TC-02] [234/447] ✅ 乌兰浩特 0.0mm 抓取成功
2026-05-03 19:35:29 | INFO    | [TC-02] [235/447] ✅ 赤峰 0.1mm 抓取成功
2026-05-03 19:35:30 | INFO    | [TC-02] [236/447] ✅ 南昌 12.2mm 抓取成功
2026-05-03 19:35:30 | WARNING | [呼伦贝尔] 第 2 次重试失败
2026-05-03 19:35:32 | INFO    | [TC-02] [237/447] ✅ 上饶 5.6mm 抓取成功
2026-05-03 19:35:32 | INFO    | [TC-02] [238/447] ✅ 抚州 22.1mm 抓取成功
2026-05-03 19:35:33 | INFO    | [TC-02] [239/447] ✅ 宜春 4.0mm 抓取成功
2026-05-03 19:35:34 | INFO    | [TC-02] [240/447] ✅ 鹰潭 17.0mm 抓取成功
2026-05-03 19:35:34 | WARNING | [呼伦贝尔] 第 3 次重试失败
2026-05-03 19:35:35 | INFO    | [TC-02] [241/447] ✅ 赣州 17.0mm 抓取成功
2026-05-03 19:35:36 | INFO    | [TC-02] [242/447] ✅ 景德镇 19.4mm 抓取成功
2026-05-03 19:35:37 | ERROR   | [TC-02] [243/447] ❌ 呼伦贝尔 抓取失败
2026-05-03 19:35:37 | INFO    | [TC-02] [244/447] ✅ 新余 16.7mm 抓取成功
2026-05-03 19:35:38 | INFO    | [TC-02] [245/447] ✅ 萍乡 10.9mm 抓取成功
2026-05-03 19:35:40 | INFO    | [TC-02] [246/447] ✅ 九江 8.8mm 抓取成功
2026-05-03 19:35:40 | INFO    | [TC-02] [247/447] ✅ 武汉 0.2mm 抓取成功
2026-05-03 19:35:40 | INFO    | [TC-02] [248/447] ✅ 吉安 8.8mm 抓取成功
2026-05-03 19:35:41 | INFO    | [TC-02] [249/447] ✅ 黄冈 0.2mm 抓取成功
2026-05-03 19:35:42 | INFO    | [TC-02] [250/447] ✅ 宜昌 0.0mm 抓取成功
2026-05-03 19:35:42 | INFO    | [TC-02] [251/447] ✅ 荆州 0.0mm 抓取成功
2026-05-03 19:35:43 | INFO    | [TC-02] [252/447] ✅ 恩施 0.0mm 抓取成功
2026-05-03 19:35:44 | INFO    | [TC-02] [253/447] ✅ 神农架 0.0mm 抓取成功
2026-05-03 19:35:44 | INFO    | [TC-02] [254/447] ✅ 十堰 0.0mm 抓取成功
2026-05-03 19:35:45 | INFO    | [TC-02] [255/447] ✅ 随州 0.0mm 抓取成功
2026-05-03 19:35:46 | INFO    | [TC-02] [256/447] ✅ 天门 0.0mm 抓取成功
2026-05-03 19:35:46 | INFO    | [TC-02] [257/447] ✅ 荆门 0.0mm 抓取成功
2026-05-03 19:35:47 | INFO    | [TC-02] [258/447] ✅ 仙桃 0.0mm 抓取成功
2026-05-03 19:35:47 | INFO    | [TC-02] [259/447] ✅ 潜江 0.0mm 抓取成功
2026-05-03 19:35:48 | INFO    | [TC-02] [260/447] ✅ 襄樊 0.0mm 抓取成功
2026-05-03 19:35:48 | INFO    | [TC-02] [261/447] ✅ 鄂州 0.1mm 抓取成功
2026-05-03 19:35:50 | INFO    | [TC-02] [262/447] ✅ 孝感 0.0mm 抓取成功
2026-05-03 19:35:50 | INFO    | [TC-02] [263/447] ✅ 咸宁 1.1mm 抓取成功
2026-05-03 19:35:50 | INFO    | [TC-02] [264/447] ✅ 黄石 0.6mm 抓取成功
2026-05-03 19:35:51 | INFO    | [TC-02] [265/447] ✅ 成都 3.8mm 抓取成功
2026-05-03 19:35:52 | INFO    | [TC-02] [266/447] ✅ 绵阳 0.0mm 抓取成功
2026-05-03 19:35:52 | INFO    | [TC-02] [267/447] ✅ 自贡 0.0mm 抓取成功
2026-05-03 19:35:53 | INFO    | [TC-02] [268/447] ✅ 南充 0.0mm 抓取成功
2026-05-03 19:35:54 | INFO    | [TC-02] [269/447] ✅ 达州 0.0mm 抓取成功
2026-05-03 19:35:55 | INFO    | [TC-02] [270/447] ✅ 遂宁 0.0mm 抓取成功
2026-05-03 19:35:55 | INFO    | [TC-02] [271/447] ✅ 广安 0.0mm 抓取成功
2026-05-03 19:35:56 | INFO    | [TC-02] [272/447] ✅ 巴中 0.0mm 抓取成功
2026-05-03 19:35:56 | INFO    | [TC-02] [273/447] ✅ 泸州 2.0mm 抓取成功
2026-05-03 19:35:57 | INFO    | [TC-02] [274/447] ✅ 内江 0.2mm 抓取成功
2026-05-03 19:35:57 | INFO    | [TC-02] [275/447] ✅ 宜宾 3.2mm 抓取成功
2026-05-03 19:35:58 | INFO    | [TC-02] [276/447] ✅ 资阳 0.0mm 抓取成功
2026-05-03 19:35:58 | INFO    | [TC-02] [277/447] ✅ 乐山 0.4mm 抓取成功
2026-05-03 19:35:59 | INFO    | [TC-02] [278/447] ✅ 眉山 0.2mm 抓取成功
2026-05-03 19:35:59 | INFO    | [TC-02] [279/447] ✅ 凉山 14.7mm 抓取成功
2026-05-03 19:36:00 | INFO    | [TC-02] [280/447] ✅ 雅安 2.7mm 抓取成功
2026-05-03 19:36:01 | INFO    | [TC-02] [281/447] ✅ 阿坝 0.0mm 抓取成功
2026-05-03 19:36:01 | INFO    | [TC-02] [282/447] ✅ 甘孜 0.0mm 抓取成功
2026-05-03 19:36:01 | INFO    | [TC-02] [283/447] ✅ 德阳 4.3mm 抓取成功
2026-05-03 19:36:02 | INFO    | [TC-02] [284/447] ✅ 银川 0.0mm 抓取成功
2026-05-03 19:36:02 | INFO    | [TC-02] [285/447] ✅ 广元 0.0mm 抓取成功
2026-05-03 19:36:03 | INFO    | [TC-02] [286/447] ✅ 攀枝花 9.6mm 抓取成功
2026-05-03 19:36:04 | INFO    | [TC-02] [287/447] ✅ 固原 0.0mm 抓取成功
2026-05-03 19:36:04 | INFO    | [TC-02] [288/447] ✅ 中卫 0.0mm 抓取成功
2026-05-03 19:36:05 | INFO    | [TC-02] [289/447] ✅ 石嘴山 0.0mm 抓取成功
2026-05-03 19:36:05 | INFO    | [TC-02] [290/447] ✅ 吴忠 0.0mm 抓取成功
2026-05-03 19:36:06 | INFO    | [TC-02] [291/447] ✅ 西宁 0.0mm 抓取成功
2026-05-03 19:36:07 | INFO    | [TC-02] [292/447] ✅ 黄南 0.0mm 抓取成功
2026-05-03 19:36:08 | INFO    | [TC-02] [293/447] ✅ 海北 0.0mm 抓取成功
2026-05-03 19:36:08 | INFO    | [TC-02] [294/447] ✅ 果洛 0.0mm 抓取成功
2026-05-03 19:36:10 | INFO    | [TC-02] [295/447] ✅ 玉树 0.0mm 抓取成功
2026-05-03 19:36:10 | INFO    | [TC-02] [296/447] ✅ 海西 0.0mm 抓取成功
2026-05-03 19:36:11 | INFO    | [TC-02] [297/447] ✅ 海东 0.0mm 抓取成功
2026-05-03 19:36:11 | INFO    | [TC-02] [298/447] ✅ 济南 0.4mm 抓取成功
2026-05-03 19:36:11 | INFO    | [TC-02] [299/447] ✅ 海南 0.0mm 抓取成功
2026-05-03 19:36:13 | INFO    | [TC-02] [300/447] ✅ 潍坊 14.9mm 抓取成功
2026-05-03 19:36:13 | INFO    | [TC-02] [301/447] ✅ 临沂 0.0mm 抓取成功
2026-05-03 19:36:13 | INFO    | [TC-02] [302/447] ✅ 菏泽 0.1mm 抓取成功
2026-05-03 19:36:14 | INFO    | [TC-02] [303/447] ✅ 东营 7.7mm 抓取成功
2026-05-03 19:36:14 | INFO    | [TC-02] [304/447] ✅ 滨州 6.3mm 抓取成功
2026-05-03 19:36:15 | INFO    | [TC-02] [305/447] ✅ 威海 4.3mm 抓取成功
2026-05-03 19:36:16 | INFO    | [TC-02] [306/447] ✅ 日照 1.0mm 抓取成功
2026-05-03 19:36:16 | INFO    | [TC-02] [307/447] ✅ 枣庄 0.0mm 抓取成功
2026-05-03 19:36:17 | INFO    | [TC-02] [308/447] ✅ 莱芜 1.3mm 抓取成功
2026-05-03 19:36:17 | INFO    | [TC-02] [309/447] ✅ 聊城 0.6mm 抓取成功
2026-05-03 19:36:18 | INFO    | [TC-02] [310/447] ✅ 淄博 5.7mm 抓取成功
2026-05-03 19:36:18 | INFO    | [TC-02] [311/447] ✅ 青岛 1.5mm 抓取成功
2026-05-03 19:36:19 | INFO    | [TC-02] [312/447] ✅ 烟台 5.0mm 抓取成功
2026-05-03 19:36:20 | INFO    | [TC-02] [313/447] ✅ 德州 1.9mm 抓取成功
2026-05-03 19:36:20 | INFO    | [TC-02] [314/447] ✅ 济宁 0.0mm 抓取成功
2026-05-03 19:36:21 | INFO    | [TC-02] [315/447] ✅ 延安 0.0mm 抓取成功
2026-05-03 19:36:22 | INFO    | [TC-02] [316/447] ✅ 泰安 3.0mm 抓取成功
2026-05-03 19:36:22 | INFO    | [TC-02] [317/447] ✅ 西安 0.0mm 抓取成功
2026-05-03 19:36:23 | INFO    | [TC-02] [318/447] ✅ 榆林 0.0mm 抓取成功
2026-05-03 19:36:24 | INFO    | [TC-02] [319/447] ✅ 商洛 0.0mm 抓取成功
2026-05-03 19:36:24 | INFO    | [TC-02] [320/447] ✅ 铜川 0.0mm 抓取成功
2026-05-03 19:36:25 | INFO    | [TC-02] [321/447] ✅ 安康 0.0mm 抓取成功
2026-05-03 19:36:25 | INFO    | [TC-02] [322/447] ✅ 汉中 0.0mm 抓取成功
2026-05-03 19:36:27 | INFO    | [TC-02] [323/447] ✅ 咸阳 0.0mm 抓取成功
2026-05-03 19:36:27 | INFO    | [TC-02] [324/447] ✅ 宝鸡 0.0mm 抓取成功
2026-05-03 19:36:27 | INFO    | [TC-02] [325/447] ✅ 渭南 0.0mm 抓取成功
2026-05-03 19:36:28 | INFO    | [TC-02] [326/447] ✅ 太原 0.0mm 抓取成功
2026-05-03 19:36:28 | INFO    | [TC-02] [327/447] ✅ 运城 0.0mm 抓取成功
2026-05-03 19:36:29 | INFO    | [TC-02] [328/447] ✅ 临汾 0.0mm 抓取成功
2026-05-03 19:36:29 | INFO    | [TC-02] [329/447] ✅ 朔州 0.0mm 抓取成功
2026-05-03 19:36:31 | INFO    | [TC-02] [330/447] ✅ 忻州 0.0mm 抓取成功
2026-05-03 19:36:31 | INFO    | [TC-02] [331/447] ✅ 长治 0.2mm 抓取成功
2026-05-03 19:36:31 | INFO    | [TC-02] [332/447] ✅ 大同 0.0mm 抓取成功
2026-05-03 19:36:33 | INFO    | [TC-02] [333/447] ✅ 晋城 0.0mm 抓取成功
2026-05-03 19:36:33 | INFO    | [TC-02] [334/447] ✅ 阳泉 0.1mm 抓取成功
2026-05-03 19:36:33 | INFO    | [TC-02] [335/447] ✅ 晋中 0.0mm 抓取成功
2026-05-03 19:36:35 | INFO    | [TC-02] [336/447] ✅ 乌鲁木齐 0.0mm 抓取成功
2026-05-03 19:36:35 | INFO    | [TC-02] [337/447] ✅ 吕梁 0.0mm 抓取成功
2026-05-03 19:36:36 | INFO    | [TC-02] [338/447] ✅ 石河子 0.0mm 抓取成功
2026-05-03 19:36:36 | INFO    | [TC-02] [339/447] ✅ 昌吉 0.0mm 抓取成功
2026-05-03 19:36:37 | INFO    | [TC-02] [340/447] ✅ 吐鲁番 0.0mm 抓取成功
2026-05-03 19:36:38 | INFO    | [TC-02] [341/447] ✅ 库尔勒 0.0mm 抓取成功
2026-05-03 19:36:38 | INFO    | [TC-02] [342/447] ✅ 阿拉尔 0.0mm 抓取成功
2026-05-03 19:36:39 | INFO    | [TC-02] [343/447] ✅ 阿克苏 0.0mm 抓取成功
2026-05-03 19:36:40 | INFO    | [TC-02] [344/447] ✅ 喀什 0.0mm 抓取成功
2026-05-03 19:36:40 | INFO    | [TC-02] [345/447] ✅ 伊宁 0.0mm 抓取成功
2026-05-03 19:36:41 | INFO    | [TC-02] [346/447] ✅ 塔城 0.0mm 抓取成功
2026-05-03 19:36:41 | INFO    | [TC-02] [347/447] ✅ 和田 0.0mm 抓取成功
2026-05-03 19:36:42 | INFO    | [TC-02] [348/447] ✅ 哈密 0.0mm 抓取成功
2026-05-03 19:36:43 | INFO    | [TC-02] [349/447] ✅ 阿图什 0.0mm 抓取成功
2026-05-03 19:36:43 | INFO    | [TC-02] [350/447] ✅ 阿勒泰 0.0mm 抓取成功
2026-05-03 19:36:44 | INFO    | [TC-02] [351/447] ✅ 博乐 0.0mm 抓取成功
2026-05-03 19:36:45 | INFO    | [TC-02] [352/447] ✅ 山南 0.0mm 抓取成功
2026-05-03 19:36:45 | INFO    | [TC-02] [353/447] ✅ 克拉玛依 0.0mm 抓取成功
2026-05-03 19:36:46 | INFO    | [TC-02] [354/447] ✅ 拉萨 0.0mm 抓取成功
2026-05-03 19:36:47 | INFO    | [TC-02] [355/447] ✅ 阿里 0.0mm 抓取成功
2026-05-03 19:36:47 | INFO    | [TC-02] [356/447] ✅ 昌都 0.0mm 抓取成功
2026-05-03 19:36:48 | INFO    | [TC-02] [357/447] ✅ 那曲 0.0mm 抓取成功
2026-05-03 19:36:49 | INFO    | [TC-02] [358/447] ✅ 日喀则 0.0mm 抓取成功
2026-05-03 19:36:50 | INFO    | [TC-02] [359/447] ✅ 林芝 1.9mm 抓取成功
2026-05-03 19:36:50 | INFO    | [TC-02] [360/447] ✅ 台北县 0.0mm 抓取成功
2026-05-03 19:36:51 | INFO    | [TC-02] [361/447] ✅ 台中 0.0mm 抓取成功
2026-05-03 19:36:51 | INFO    | [TC-02] [362/447] ✅ 高雄 0.0mm 抓取成功
2026-05-03 19:36:52 | INFO    | [TC-02] [363/447] ✅ 海口 57.8mm 抓取成功
2026-05-03 19:36:52 | INFO    | [TC-02] [364/447] ✅ 三亚 0.0mm 抓取成功
2026-05-03 19:36:53 | INFO    | [TC-02] [365/447] ✅ 临高 0.2mm 抓取成功
2026-05-03 19:36:54 | INFO    | [TC-02] [366/447] ✅ 东方 0.0mm 抓取成功
2026-05-03 19:36:55 | INFO    | [TC-02] [367/447] ✅ 澄迈 69.2mm 抓取成功
2026-05-03 19:36:55 | INFO    | [TC-02] [368/447] ✅ 儋州 36.6mm 抓取成功
2026-05-03 19:36:55 | INFO    | [TC-02] [369/447] ✅ 昌江 5.8mm 抓取成功
2026-05-03 19:36:57 | INFO    | [TC-02] [370/447] ✅ 白沙 57.9mm 抓取成功
2026-05-03 19:36:57 | INFO    | [TC-02] [371/447] ✅ 琼中 0.2mm 抓取成功
2026-05-03 19:36:58 | INFO    | [TC-02] [372/447] ✅ 定安 25.4mm 抓取成功
2026-05-03 19:36:59 | INFO    | [TC-02] [373/447] ✅ 琼海 26.3mm 抓取成功
2026-05-03 19:36:59 | INFO    | [TC-02] [374/447] ✅ 屯昌 0.5mm 抓取成功
2026-05-03 19:36:59 | INFO    | [TC-02] [375/447] ✅ 文昌 40.1mm 抓取成功
2026-05-03 19:37:01 | INFO    | [TC-02] [376/447] ✅ 万宁 0.0mm 抓取成功
2026-05-03 19:37:01 | INFO    | [TC-02] [377/447] ✅ 陵水 0.0mm 抓取成功
2026-05-03 19:37:01 | INFO    | [TC-02] [378/447] ✅ 保亭 0.0mm 抓取成功
2026-05-03 19:37:03 | INFO    | [TC-02] [379/447] ✅ 南沙岛 0.0mm 抓取成功
2026-05-03 19:37:03 | INFO    | [TC-02] [380/447] ✅ 西沙 0.0mm 抓取成功
2026-05-03 19:37:03 | INFO    | [TC-02] [381/447] ✅ 乐东 0.0mm 抓取成功
2026-05-03 19:37:04 | INFO    | [TC-02] [382/447] ✅ 五指山 32.9mm 抓取成功
2026-05-03 19:37:05 | INFO    | [TC-02] [383/447] ✅ 琼山 57.8mm 抓取成功
2026-05-03 19:37:05 | INFO    | [TC-02] [384/447] ✅ 长沙 4.7mm 抓取成功
2026-05-03 19:37:07 | INFO    | [TC-02] [385/447] ✅ 株洲 15.6mm 抓取成功
2026-05-03 19:37:08 | INFO    | [TC-02] [386/447] ✅ 衡阳 29.7mm 抓取成功
2026-05-03 19:37:08 | INFO    | [TC-02] [387/447] ✅ 郴州 19.8mm 抓取成功
2026-05-03 19:37:09 | INFO    | [TC-02] [388/447] ✅ 常德 0.1mm 抓取成功
2026-05-03 19:37:09 | INFO    | [TC-02] [389/447] ✅ 益阳 0.2mm 抓取成功
2026-05-03 19:37:10 | INFO    | [TC-02] [390/447] ✅ 邵阳 2.1mm 抓取成功
2026-05-03 19:37:10 | INFO    | [TC-02] [391/447] ✅ 娄底 1.7mm 抓取成功
2026-05-03 19:37:11 | INFO    | [TC-02] [392/447] ✅ 岳阳 0.1mm 抓取成功
2026-05-03 19:37:12 | INFO    | [TC-02] [393/447] ✅ 怀化 1.2mm 抓取成功
2026-05-03 19:37:12 | INFO    | [TC-02] [394/447] ✅ 张家界 0.0mm 抓取成功
2026-05-03 19:37:13 | WARNING | [黔阳] 第 1 次重试失败
2026-05-03 19:37:14 | INFO    | [TC-02] [395/447] ✅ 吉首 0.4mm 抓取成功
2026-05-03 19:37:14 | INFO    | [TC-02] [396/447] ✅ 永州 19.3mm 抓取成功
2026-05-03 19:37:15 | INFO    | [TC-02] [397/447] ✅ 湘潭 13.2mm 抓取成功
2026-05-03 19:37:17 | INFO    | [TC-02] [398/447] ✅ 南京 3.8mm 抓取成功
2026-05-03 19:37:17 | WARNING | [黔阳] 第 2 次重试失败
2026-05-03 19:37:17 | INFO    | [TC-02] [399/447] ✅ 镇江 4.4mm 抓取成功
2026-05-03 19:37:19 | INFO    | [TC-02] [400/447] ✅ 苏州 2.6mm 抓取成功
2026-05-03 19:37:19 | INFO    | [TC-02] [401/447] ✅ 南通 3.6mm 抓取成功
2026-05-03 19:37:20 | WARNING | [黔阳] 第 3 次重试失败
2026-05-03 19:37:20 | INFO    | [TC-02] [402/447] ✅ 扬州 5.1mm 抓取成功
2026-05-03 19:37:22 | INFO    | [TC-02] [403/447] ✅ 宿迁 0.3mm 抓取成功
2026-05-03 19:37:22 | ERROR   | [TC-02] [404/447] ❌ 黔阳 抓取失败
2026-05-03 19:37:22 | INFO    | [TC-02] [405/447] ✅ 徐州 0.0mm 抓取成功
2026-05-03 19:37:24 | INFO    | [TC-02] [406/447] ✅ 淮安 0.5mm 抓取成功
2026-05-03 19:37:24 | INFO    | [TC-02] [407/447] ✅ 连云港 0.1mm 抓取成功
2026-05-03 19:37:25 | INFO    | [TC-02] [408/447] ✅ 常州 4.1mm 抓取成功
2026-05-03 19:37:26 | INFO    | [TC-02] [409/447] ✅ 泰州 4.1mm 抓取成功
2026-05-03 19:37:27 | INFO    | [TC-02] [410/447] ✅ 无锡 4.9mm 抓取成功
2026-05-03 19:37:27 | INFO    | [TC-02] [411/447] ✅ 盐城 4.1mm 抓取成功
2026-05-03 19:37:27 | INFO    | [TC-02] [412/447] ✅ 哈尔滨 0.0mm 抓取成功
2026-05-03 19:37:28 | INFO    | [TC-02] [413/447] ✅ 牡丹江 0.0mm 抓取成功
2026-05-03 19:37:29 | INFO    | [TC-02] [414/447] ✅ 佳木斯 0.0mm 抓取成功
2026-05-03 19:37:29 | INFO    | [TC-02] [415/447] ✅ 绥化 0.0mm 抓取成功
2026-05-03 19:37:30 | INFO    | [TC-02] [416/447] ✅ 黑河 0.0mm 抓取成功
2026-05-03 19:37:30 | INFO    | [TC-02] [417/447] ✅ 双鸭山 0.0mm 抓取成功
2026-05-03 19:37:31 | INFO    | [TC-02] [418/447] ✅ 伊春 0.0mm 抓取成功
2026-05-03 19:37:32 | INFO    | [TC-02] [419/447] ✅ 大庆 0.0mm 抓取成功
2026-05-03 19:37:32 | INFO    | [TC-02] [420/447] ✅ 七台河 0.0mm 抓取成功
2026-05-03 19:37:34 | INFO    | [TC-02] [421/447] ✅ 鸡西 0.0mm 抓取成功
2026-05-03 19:37:34 | INFO    | [TC-02] [422/447] ✅ 齐齐哈尔 0.0mm 抓取成功
2026-05-03 19:37:34 | INFO    | [TC-02] [423/447] ✅ 鹤岗 0.2mm 抓取成功
2026-05-03 19:37:35 | INFO    | [TC-02] [424/447] ✅ 大兴安岭 0.1mm 抓取成功
2026-05-03 19:37:36 | INFO    | [TC-02] [425/447] ✅ 长春 0.0mm 抓取成功
2026-05-03 19:37:37 | INFO    | [TC-02] [426/447] ✅ 延吉 0.6mm 抓取成功
2026-05-03 19:37:37 | INFO    | [TC-02] [427/447] ✅ 四平 0.0mm 抓取成功
2026-05-03 19:37:38 | INFO    | [TC-02] [428/447] ✅ 白山 5.6mm 抓取成功
2026-05-03 19:37:39 | INFO    | [TC-02] [429/447] ✅ 辽源 0.3mm 抓取成功
2026-05-03 19:37:39 | INFO    | [TC-02] [430/447] ✅ 白城 0.0mm 抓取成功
2026-05-03 19:37:40 | INFO    | [TC-02] [431/447] ✅ 松原 0.0mm 抓取成功
2026-05-03 19:37:41 | INFO    | [TC-02] [432/447] ✅ 吉林 0.0mm 抓取成功
2026-05-03 19:37:41 | INFO    | [TC-02] [433/447] ✅ 沈阳 4.5mm 抓取成功
2026-05-03 19:37:42 | INFO    | [TC-02] [434/447] ✅ 通化 7.3mm 抓取成功
2026-05-03 19:37:43 | INFO    | [TC-02] [435/447] ✅ 鞍山 2.7mm 抓取成功
2026-05-03 19:37:44 | INFO    | [TC-02] [436/447] ✅ 抚顺 3.6mm 抓取成功
2026-05-03 19:37:44 | INFO    | [TC-02] [437/447] ✅ 本溪 7.0mm 抓取成功
2026-05-03 19:37:45 | INFO    | [TC-02] [438/447] ✅ 丹东 15.6mm 抓取成功
2026-05-03 19:37:45 | WARNING | [葫芦岛] 第 1 次重试失败
2026-05-03 19:37:46 | INFO    | [TC-02] [439/447] ✅ 阜新 0.2mm 抓取成功
2026-05-03 19:37:47 | INFO    | [TC-02] [440/447] ✅ 营口 2.3mm 抓取成功
2026-05-03 19:37:48 | INFO    | [TC-02] [441/447] ✅ 辽阳 2.0mm 抓取成功
2026-05-03 19:37:48 | WARNING | [葫芦岛] 第 2 次重试失败
2026-05-03 19:37:48 | INFO    | [TC-02] [442/447] ✅ 铁岭 2.3mm 抓取成功
2026-05-03 19:37:50 | INFO    | [TC-02] [443/447] ✅ 盘锦 1.7mm 抓取成功
2026-05-03 19:37:51 | INFO    | [TC-02] [444/447] ✅ 朝阳 4.1mm 抓取成功
2026-05-03 19:37:52 | INFO    | [TC-02] [445/447] ✅ 大连 2.9mm 抓取成功
2026-05-03 19:37:52 | WARNING | [葫芦岛] 第 3 次重试失败
2026-05-03 19:37:53 | INFO    | [TC-02] [446/447] ✅ 锦州 2.4mm 抓取成功
2026-05-03 19:37:54 | ERROR   | [TC-02] [447/447] ❌ 葫芦岛 抓取失败
2026-05-03 19:37:54 | INFO    | [TC-03] 多城市批量抓取测试通过 | 成功：438 失败：9
2026-05-03 19:37:54 | WARNING | 发现 3 个城市在 city 表中不存在，已跳过：
2026-05-03 19:37:54 | WARNING | 缺失城市：台北县，city_id=101340101，rainfall=0.0
2026-05-03 19:37:54 | WARNING | 缺失城市：台中，city_id=101340401，rainfall=0.0
2026-05-03 19:37:54 | WARNING | 缺失城市：高雄，city_id=101340201，rainfall=0.0
2026-05-03 19:37:54 | INFO    | [TC-04] 数据写入数据库测试通过 | 共 435 条
2026-05-03 19:37:54 | INFO    | [TC-05] 重复数据更新测试通过 | 已自动覆盖更新
2026-05-03 19:37:55 | INFO    | [TC-06] 城市名称同步测试通过 | 受影响行数：421
2026-05-03 19:37:55 | WARNING | [TC-07] 失败城市已记录 | 共 9 个
2026-05-03 19:37:55 | INFO    | 
======================================================================
2026-05-03 19:37:55 | INFO    | 🏁 全部测试项执行完成 | 总耗时：323.17 秒
2026-05-03 19:37:55 | INFO    | ======================================================================
